Archive member included to satisfy reference by file (symbol)

D:/SW/stm32/STM32CubeIDE_1.18.0/STM32CubeIDE/plugins/com.st.stm32cube.ide.mcu.externaltools.gnu-tools-for-stm32.13.3.rel1.win32_1.0.0.202411081344/tools/bin/../lib/gcc/arm-none-eabi/13.3.1/../../../../arm-none-eabi/lib/thumb/v7-m/nofp\libc_nano.a(libc_a-exit.o)
                              D:/SW/stm32/STM32CubeIDE_1.18.0/STM32CubeIDE/plugins/com.st.stm32cube.ide.mcu.externaltools.gnu-tools-for-stm32.13.3.rel1.win32_1.0.0.202411081344/tools/bin/../lib/gcc/arm-none-eabi/13.3.1/../../../../arm-none-eabi/lib/thumb/v7-m/nofp/crt0.o (exit)
D:/SW/stm32/STM32CubeIDE_1.18.0/STM32CubeIDE/plugins/com.st.stm32cube.ide.mcu.externaltools.gnu-tools-for-stm32.13.3.rel1.win32_1.0.0.202411081344/tools/bin/../lib/gcc/arm-none-eabi/13.3.1/../../../../arm-none-eabi/lib/thumb/v7-m/nofp\libc_nano.a(libc_a-findfp.o)
                              D:/SW/stm32/STM32CubeIDE_1.18.0/STM32CubeIDE/plugins/com.st.stm32cube.ide.mcu.externaltools.gnu-tools-for-stm32.13.3.rel1.win32_1.0.0.202411081344/tools/bin/../lib/gcc/arm-none-eabi/13.3.1/../../../../arm-none-eabi/lib/thumb/v7-m/nofp\libc_nano.a(libc_a-exit.o) (__stdio_exit_handler)
D:/SW/stm32/STM32CubeIDE_1.18.0/STM32CubeIDE/plugins/com.st.stm32cube.ide.mcu.externaltools.gnu-tools-for-stm32.13.3.rel1.win32_1.0.0.202411081344/tools/bin/../lib/gcc/arm-none-eabi/13.3.1/../../../../arm-none-eabi/lib/thumb/v7-m/nofp\libc_nano.a(libc_a-fwalk.o)
                              D:/SW/stm32/STM32CubeIDE_1.18.0/STM32CubeIDE/plugins/com.st.stm32cube.ide.mcu.externaltools.gnu-tools-for-stm32.13.3.rel1.win32_1.0.0.202411081344/tools/bin/../lib/gcc/arm-none-eabi/13.3.1/../../../../arm-none-eabi/lib/thumb/v7-m/nofp\libc_nano.a(libc_a-findfp.o) (_fwalk_sglue)
D:/SW/stm32/STM32CubeIDE_1.18.0/STM32CubeIDE/plugins/com.st.stm32cube.ide.mcu.externaltools.gnu-tools-for-stm32.13.3.rel1.win32_1.0.0.202411081344/tools/bin/../lib/gcc/arm-none-eabi/13.3.1/../../../../arm-none-eabi/lib/thumb/v7-m/nofp\libc_nano.a(libc_a-stdio.o)
                              D:/SW/stm32/STM32CubeIDE_1.18.0/STM32CubeIDE/plugins/com.st.stm32cube.ide.mcu.externaltools.gnu-tools-for-stm32.13.3.rel1.win32_1.0.0.202411081344/tools/bin/../lib/gcc/arm-none-eabi/13.3.1/../../../../arm-none-eabi/lib/thumb/v7-m/nofp\libc_nano.a(libc_a-findfp.o) (__sread)
D:/SW/stm32/STM32CubeIDE_1.18.0/STM32CubeIDE/plugins/com.st.stm32cube.ide.mcu.externaltools.gnu-tools-for-stm32.13.3.rel1.win32_1.0.0.202411081344/tools/bin/../lib/gcc/arm-none-eabi/13.3.1/../../../../arm-none-eabi/lib/thumb/v7-m/nofp\libc_nano.a(libc_a-memset.o)
                              D:/SW/stm32/STM32CubeIDE_1.18.0/STM32CubeIDE/plugins/com.st.stm32cube.ide.mcu.externaltools.gnu-tools-for-stm32.13.3.rel1.win32_1.0.0.202411081344/tools/bin/../lib/gcc/arm-none-eabi/13.3.1/../../../../arm-none-eabi/lib/thumb/v7-m/nofp/crt0.o (memset)
D:/SW/stm32/STM32CubeIDE_1.18.0/STM32CubeIDE/plugins/com.st.stm32cube.ide.mcu.externaltools.gnu-tools-for-stm32.13.3.rel1.win32_1.0.0.202411081344/tools/bin/../lib/gcc/arm-none-eabi/13.3.1/../../../../arm-none-eabi/lib/thumb/v7-m/nofp\libc_nano.a(libc_a-closer.o)
                              D:/SW/stm32/STM32CubeIDE_1.18.0/STM32CubeIDE/plugins/com.st.stm32cube.ide.mcu.externaltools.gnu-tools-for-stm32.13.3.rel1.win32_1.0.0.202411081344/tools/bin/../lib/gcc/arm-none-eabi/13.3.1/../../../../arm-none-eabi/lib/thumb/v7-m/nofp\libc_nano.a(libc_a-stdio.o) (_close_r)
D:/SW/stm32/STM32CubeIDE_1.18.0/STM32CubeIDE/plugins/com.st.stm32cube.ide.mcu.externaltools.gnu-tools-for-stm32.13.3.rel1.win32_1.0.0.202411081344/tools/bin/../lib/gcc/arm-none-eabi/13.3.1/../../../../arm-none-eabi/lib/thumb/v7-m/nofp\libc_nano.a(libc_a-reent.o)
                              D:/SW/stm32/STM32CubeIDE_1.18.0/STM32CubeIDE/plugins/com.st.stm32cube.ide.mcu.externaltools.gnu-tools-for-stm32.13.3.rel1.win32_1.0.0.202411081344/tools/bin/../lib/gcc/arm-none-eabi/13.3.1/../../../../arm-none-eabi/lib/thumb/v7-m/nofp\libc_nano.a(libc_a-closer.o) (errno)
D:/SW/stm32/STM32CubeIDE_1.18.0/STM32CubeIDE/plugins/com.st.stm32cube.ide.mcu.externaltools.gnu-tools-for-stm32.13.3.rel1.win32_1.0.0.202411081344/tools/bin/../lib/gcc/arm-none-eabi/13.3.1/../../../../arm-none-eabi/lib/thumb/v7-m/nofp\libc_nano.a(libc_a-impure.o)
                              D:/SW/stm32/STM32CubeIDE_1.18.0/STM32CubeIDE/plugins/com.st.stm32cube.ide.mcu.externaltools.gnu-tools-for-stm32.13.3.rel1.win32_1.0.0.202411081344/tools/bin/../lib/gcc/arm-none-eabi/13.3.1/../../../../arm-none-eabi/lib/thumb/v7-m/nofp\libc_nano.a(libc_a-reent.o) (_impure_ptr)
D:/SW/stm32/STM32CubeIDE_1.18.0/STM32CubeIDE/plugins/com.st.stm32cube.ide.mcu.externaltools.gnu-tools-for-stm32.13.3.rel1.win32_1.0.0.202411081344/tools/bin/../lib/gcc/arm-none-eabi/13.3.1/../../../../arm-none-eabi/lib/thumb/v7-m/nofp\libc_nano.a(libc_a-lseekr.o)
[...]
Memory Configuration

Name             Origin             Length             Attributes
RAM              0x20000000         0x00005000         xrw
FLASH            0x08000000         0x00010000         xr
*default*        0x00000000         0xffffffff

Linker script and memory map

LOAD D:/SW/stm32/STM32CubeIDE_1.18.0/STM32CubeIDE/plugins/com.st.stm32cube.ide.mcu.externaltools.gnu-tools-for-stm32.13.3.rel1.win32_1.0.0.202411081344/tools/bin/../lib/gcc/arm-none-eabi/13.3.1/thumb/v7-m/nofp/crti.o
LOAD D:/SW/stm32/STM32CubeIDE_1.18.0/STM32CubeIDE/plugins/com.st.stm32cube.ide.mcu.externaltools.gnu-tools-for-stm32.13.3.rel1.win32_1.0.0.202411081344/tools/bin/../lib/gcc/arm-none-eabi/13.3.1/thumb/v7-m/nofp/crtbegin.o
LOAD D:/SW/stm32/STM32CubeIDE_1.18.0/STM32CubeIDE/plugins/com.st.stm32cube.ide.mcu.externaltools.gnu-tools-for-stm32.13.3.rel1.win32_1.0.0.202411081344/tools/bin/../lib/gcc/arm-none-eabi/13.3.1/../../../../arm-none-eabi/lib/thumb/v7-m/nofp/crt0.o
LOAD ./Core/Src/keypad.o
LOAD ./Core/Src/lcd_i2c.o
LOAD ./Core/Src/liquidcrystal_i2c.o
LOAD ./Core/Src/main.o
LOAD ./Core/Src/stm32f1xx_hal_msp.o
LOAD ./Core/Src/stm32f1xx_it.o
LOAD ./Core/Src/syscalls.o
LOAD ./Core/Src/sysmem.o
LOAD ./Core/Src/system_stm32f1xx.o
LOAD ./Core/Src/t.o
LOAD ./Core/Startup/startup_stm32f103c8tx.o
LOAD ./Drivers/STM32F1xx_HAL_Driver/Src/stm32f1xx_hal.o
LOAD ./Drivers/STM32F1xx_HAL_Driver/Src/stm32f1xx_hal_cortex.o
LOAD ./Drivers/STM32F1xx_HAL_Driver/Src/stm32f1xx_hal_dma.o
LOAD ./Drivers/STM32F1xx_HAL_Driver/Src/stm32f1xx_hal_exti.o
LOAD ./Drivers/STM32F1xx_HAL_Driver/Src/stm32f1xx_hal_flash.o
LOAD ./Drivers/STM32F1xx_HAL_Driver/Src/stm32f1xx_hal_flash_ex.o
LOAD ./Drivers/STM32F1xx_HAL_Driver/Src/stm32f1xx_hal_gpio.o
LOAD ./Drivers/STM32F1xx_HAL_Driver/Src/stm32f1xx_hal_gpio_ex.o
LOAD ./Drivers/STM32F1xx_HAL_Driver/Src/stm32f1xx_hal_i2c.o
LOAD ./Drivers/STM32F1xx_HAL_Driver/Src/stm32f1xx_hal_pwr.o
LOAD ./Drivers/STM32F1xx_HAL_Driver/Src/stm32f1xx_hal_rcc.o
LOAD ./Drivers/STM32F1xx_HAL_Driver/Src/stm32f1xx_hal_rcc_ex.o
LOAD ./Drivers/STM32F1xx_HAL_Driver/Src/stm32f1xx_hal_tim.o
LOAD ./Drivers/STM32F1xx_HAL_Driver/Src/stm32f1xx_hal_tim_ex.o
START GROUP
LOAD D:/SW/stm32/STM32CubeIDE_1.18.0/STM32CubeIDE/plugins/com.st.stm32cube.ide.mcu.externaltools.gnu-tools-for-stm32.13.3.rel1.win32_1.0.0.202411081344/tools/bin/../lib/gcc/arm-none-eabi/13.3.1/../../../../arm-none-eabi/lib/thumb/v7-m/nofp\libc_nano.a
LOAD D:/SW/stm32/STM32CubeIDE_1.18.0/STM32CubeIDE/plugins/com.st.stm32cube.ide.mcu.externaltools.gnu-tools-for-stm32.13.3.rel1.win32_1.0.0.202411081344/tools/bin/../lib/gcc/arm-none-eabi/13.3.1/../../../../arm-none-eabi/lib/thumb/v7-m/nofp\libm.a
END GROUP
START GROUP
LOAD D:/SW/stm32/STM32CubeIDE_1.18.0/STM32CubeIDE/plugins/com.st.stm32cube.ide.mcu.externaltools.gnu-tools-for-stm32.13.3.rel1.win32_1.0.0.202411081344/tools/bin/../lib/gcc/arm-none-eabi/13.3.1/thumb/v7-m/nofp\libgcc.a
LOAD D:/SW/stm32/STM32CubeIDE_1.18.0/STM32CubeIDE/plugins/com.st.stm32cube.ide.mcu.externaltools.gnu-tools-for-stm32.13.3.rel1.win32_1.0.0.202411081344/tools/bin/../lib/gcc/arm-none-eabi/13.3.1/../../../../arm-none-eabi/lib/thumb/v7-m/nofp\libc_nano.a
END GROUP
START GROUP
LOAD D:/SW/stm32/STM32CubeIDE_1.18.0/STM32CubeIDE/plugins/com.st.stm32cube.ide.mcu.externaltools.gnu-tools-for-stm32.13.3.rel1.win32_1.0.0.202411081344/tools/bin/../lib/gcc/arm-none-eabi/13.3.1/thumb/v7-m/nofp\libgcc.a
LOAD D:/SW/stm32/STM32CubeIDE_1.18.0/STM32CubeIDE/plugins/com.st.stm32cube.ide.mcu.externaltools.gnu-tools-for-stm32.13.3.rel1.win32_1.0.0.202411081344/tools/bin/../lib/gcc/arm-none-eabi/13.3.1/../../../../arm-none-eabi/lib/thumb/v7-m/nofp\libc_nano.a
LOAD D:/SW/stm32/STM32CubeIDE_1.18.0/STM32CubeIDE/plugins/com.st.stm32cube.ide.mcu.externaltools.gnu-tools-for-stm32.13.3.rel1.win32_1.0.0.202411081344/tools/bin/../lib/gcc/arm-none-eabi/13.3.1/../../../../arm-none-eabi/lib/thumb/v7-m/nofp\libnosys.a
END GROUP
START GROUP
LOAD D:/SW/stm32/STM32CubeIDE_1.18.0/STM32CubeIDE/plugins/com.st.stm32cube.ide.mcu.externaltools.gnu-tools-for-stm32.13.3.rel1.win32_1.0.0.202411081344/tools/bin/../lib/gcc/arm-none-eabi/13.3.1/thumb/v7-m/nofp\libgcc.a
LOAD D:/SW/stm32/STM32CubeIDE_1.18.0/STM32CubeIDE/plugins/com.st.stm32cube.ide.mcu.externaltools.gnu-tools-for-stm32.13.3.rel1.win32_1.0.0.202411081344/tools/bin/../lib/gcc/arm-none-eabi/13.3.1/../../../../arm-none-eabi/lib/thumb/v7-m/nofp\libc_nano.a
LOAD D:/SW/stm32/STM32CubeIDE_1.18.0/STM32CubeIDE/plugins/com.st.stm32cube.ide.mcu.externaltools.gnu-tools-for-stm32.13.3.rel1.win32_1.0.0.202411081344/tools/bin/../lib/gcc/arm-none-eabi/13.3.1/../../../../arm-none-eabi/lib/thumb/v7-m/nofp\libnosys.a
END GROUP
LOAD D:/SW/stm32/STM32CubeIDE_1.18.0/STM32CubeIDE/plugins/com.st.stm32cube.ide.mcu.externaltools.gnu-tools-for-stm32.13.3.rel1.win32_1.0.0.202411081344/tools/bin/../lib/gcc/arm-none-eabi/13.3.1/thumb/v7-m/nofp/crtend.o
LOAD D:/SW/stm32/STM32CubeIDE_1.18.0/STM32CubeIDE/plugins/com.st.stm32cube.ide.mcu.externaltools.gnu-tools-for-stm32.13.3.rel1.win32_1.0.0.202411081344/tools/bin/../lib/gcc/arm-none-eabi/13.3.1/thumb/v7-m/nofp/crtn.o
                0x20005000                        _estack = (ORIGIN (RAM) + LENGTH (RAM))
                0x00000200                        _Min_Heap_Size = 0x200
                0x00000400                        _Min_Stack_Size = 0x400

.isr_vector     0x08000000      0x10c
                0x08000000                        . = ALIGN (0x4)
 *(.isr_vector)
 .isr_vector    0x08000000      0x10c ./Core/Startup/startup_stm32f103c8tx.o
                0x08000000                g_pfnVectors
                0x0800010c                        . = ALIGN (0x4)

.text           0x0800010c     0x3080
                0x0800010c                        . = ALIGN (0x4)
 *(.text)
 .text          0x0800010c       0x40 D:/SW/stm32/STM32CubeIDE_1.18.0/STM32CubeIDE/plugins/com.st.stm32cube.ide.mcu.externaltools.gnu-tools-for-stm32.13.3.rel1.win32_1.0.0.202411081344/tools/bin/../lib/gcc/arm-none-eabi/13.3.1/thumb/v7-m/nofp/crtbegin.o
 .text          0x0800014c       0x14 D:/SW/stm32/STM32CubeIDE_1.18.0/STM32CubeIDE/plugins/com.st.stm32cube.ide.mcu.externaltools.gnu-tools-for-stm32.13.3.rel1.win32_1.0.0.202411081344/tools/bin/../lib/gcc/arm-none-eabi/13.3.1/../../../../arm-none-eabi/lib/thumb/v7-m/nofp\libc_nano.a(libc_a-strcmp.o)
                0x0800014c                strcmp
 *(.text*)
 .text.get_key  0x08000160       0xc8 ./Core/Src/keypad.o
                0x08000160                get_key
 .text.lcd_send_cmd
                0x08000228       0x62 ./Core/Src/lcd_i2c.o
                0x08000228                lcd_send_cmd
 .text.lcd_send_data
                0x0800028a       0x62 ./Core/Src/lcd_i2c.o
                0x0800028a                lcd_send_data
 .text.lcd_clear
                0x080002ec       0x1e ./Core/Src/lcd_i2c.o
                0x080002ec                lcd_clear
 .text.lcd_gotoxy
                0x0800030a       0x3e ./Core/Src/lcd_i2c.o
                0x0800030a                lcd_gotoxy
 .text.lcd_init
                0x08000348       0x94 ./Core/Src/lcd_i2c.o
                0x08000348                lcd_init
 .text.lcd_puts
                0x080003dc       0x32 ./Core/Src/lcd_i2c.o
                0x080003dc                lcd_puts
 .text.lcd_putchar
                0x0800040e       0x1e ./Core/Src/lcd_i2c.o
                0x0800040e                lcd_putchar
 .text.moveServo
                0x0800042c       0x38 ./Core/Src/main.o
                0x0800042c                moveServo
 .text.ringBuzzer
                0x08000464       0x50 ./Core/Src/main.o
                0x08000464                ringBuzzer
 .text.main     0x080004b4      0x1cc ./Core/Src/main.o
                0x080004b4                main
 .text.SystemClock_Config
                0x08000680       0x76 ./Core/Src/main.o
                0x08000680                SystemClock_Config
 *fill*         0x080006f6        0x2 
 .text.MX_I2C1_Init
                0x080006f8       0x80 ./Core/Src/main.o
 .text.MX_TIM1_Init
                0x08000778      0x140 ./Core/Src/main.o
 .text.MX_GPIO_Init
                0x080008b8      0x11c ./Core/Src/main.o
 .text.Error_Handler
                0x080009d4       0x24 ./Core/Src/main.o
                0x080009d4                Error_Handler
 .text.HAL_MspInit
                0x080009f8       0x64 ./Core/Src/stm32f1xx_hal_msp.o
                0x080009f8                HAL_MspInit
 .text.HAL_I2C_MspInit
                0x08000a5c       0x7c ./Core/Src/stm32f1xx_hal_msp.o
                0x08000a5c                HAL_I2C_MspInit
 .text.HAL_TIM_Base_MspInit
                0x08000ad8       0xa8 ./Core/Src/stm32f1xx_hal_msp.o
                0x08000ad8                HAL_TIM_Base_MspInit
 .text.HAL_TIM_MspPostInit
                0x08000b80       0x8c ./Core/Src/stm32f1xx_hal_msp.o
                0x08000b80                HAL_TIM_MspPostInit
 .text.NMI_Handler
                0x08000c0c        0x8 ./Core/Src/stm32f1xx_it.o
                0x08000c0c                NMI_Handler
 .text.HardFault_Handler
                0x08000c14        0x8 ./Core/Src/stm32f1xx_it.o
                0x08000c14                HardFault_Handler
 .text.MemManage_Handler
                0x08000c1c        0x8 ./Core/Src/stm32f1xx_it.o
                0x08000c1c                MemManage_Handler
 .text.BusFault_Handler
                0x08000c24        0x8 ./Core/Src/stm32f1xx_it.o
                0x08000c24                BusFault_Handler
 .text.UsageFault_Handler
                0x08000c2c        0x8 ./Core/Src/stm32f1xx_it.o
                0x08000c2c                UsageFault_Handler
 .text.SVC_Handler
                0x08000c34        0xc ./Core/Src/stm32f1xx_it.o
                0x08000c34                SVC_Handler
 .text.DebugMon_Handler
                0x08000c40        0xc ./Core/Src/stm32f1xx_it.o
                0x08000c40                DebugMon_Handler
 .text.PendSV_Handler
                0x08000c4c        0xc ./Core/Src/stm32f1xx_it.o
                0x08000c4c                PendSV_Handler
 .text.SysTick_Handler
                0x08000c58        0xc ./Core/Src/stm32f1xx_it.o
                0x08000c58                SysTick_Handler
 .text.EXTI9_5_IRQHandler
                0x08000c64       0x1a ./Core/Src/stm32f1xx_it.o
                0x08000c64                EXTI9_5_IRQHandler
 .text.SystemInit
                0x08000c7e        0xc ./Core/Src/system_stm32f1xx.o
                0x08000c7e                SystemInit
 *fill*         0x08000c8a        0x2 
 .text.Reset_Handler
                0x08000c8c       0x48 ./Core/Startup/startup_stm32f103c8tx.o
                0x08000c8c                Reset_Handler
 .text.Default_Handler
                0x08000cd4        0x2 ./Core/Startup/startup_stm32f103c8tx.o
                0x08000cd4                RTC_Alarm_IRQHandler
                0x08000cd4                EXTI2_IRQHandler
                0x08000cd4                TIM1_CC_IRQHandler
                0x08000cd4                PVD_IRQHandler
                0x08000cd4                EXTI3_IRQHandler
                0x08000cd4                EXTI0_IRQHandler
                0x08000cd4                I2C2_EV_IRQHandler
                0x08000cd4                ADC1_2_IRQHandler
                0x08000cd4                SPI1_IRQHandler
                0x08000cd4                TAMPER_IRQHandler
                0x08000cd4                DMA1_Channel4_IRQHandler
                0x08000cd4                USART3_IRQHandler
                0x08000cd4                RTC_IRQHandler
                0x08000cd4                DMA1_Channel7_IRQHandler
                0x08000cd4                CAN1_RX1_IRQHandler
                0x08000cd4                TIM4_IRQHandler
                0x08000cd4                I2C1_EV_IRQHandler
                0x08000cd4                DMA1_Channel6_IRQHandler
                0x08000cd4                TIM3_IRQHandler
                0x08000cd4                RCC_IRQHandler
                0x08000cd4                TIM1_TRG_COM_IRQHandler
                0x08000cd4                DMA1_Channel1_IRQHandler
                0x08000cd4                Default_Handler
                0x08000cd4                EXTI15_10_IRQHandler
                0x08000cd4                SPI2_IRQHandler
                0x08000cd4                DMA1_Channel5_IRQHandler
                0x08000cd4                EXTI4_IRQHandler
                0x08000cd4                USB_LP_CAN1_RX0_IRQHandler
                0x08000cd4                USB_HP_CAN1_TX_IRQHandler
                0x08000cd4                DMA1_Channel3_IRQHandler
                0x08000cd4                TIM1_UP_IRQHandler
                0x08000cd4                WWDG_IRQHandler
                0x08000cd4                TIM2_IRQHandler
                0x08000cd4                TIM1_BRK_IRQHandler
                0x08000cd4                EXTI1_IRQHandler
                0x08000cd4                USART2_IRQHandler
                0x08000cd4                I2C2_ER_IRQHandler
                0x08000cd4                DMA1_Channel2_IRQHandler
                0x08000cd4                CAN1_SCE_IRQHandler
                0x08000cd4                FLASH_IRQHandler
                0x08000cd4                USART1_IRQHandler
                0x08000cd4                I2C1_ER_IRQHandler
                0x08000cd4                USBWakeUp_IRQHandler
 *fill*         0x08000cd6        0x2 
 .text.HAL_Init
                0x08000cd8       0x2c ./Drivers/STM32F1xx_HAL_Driver/Src/stm32f1xx_hal.o
                0x08000cd8                HAL_Init
 .text.HAL_InitTick
                0x08000d04       0x60 ./Drivers/STM32F1xx_HAL_Driver/Src/stm32f1xx_hal.o
                0x08000d04                HAL_InitTick
 .text.HAL_IncTick
                0x08000d64       0x24 ./Drivers/STM32F1xx_HAL_Driver/Src/stm32f1xx_hal.o
                0x08000d64                HAL_IncTick
 .text.HAL_GetTick
                0x08000d88       0x14 ./Drivers/STM32F1xx_HAL_Driver/Src/stm32f1xx_hal.o
                0x08000d88                HAL_GetTick
 .text.HAL_Delay
                0x08000d9c       0x48 ./Drivers/STM32F1xx_HAL_Driver/Src/stm32f1xx_hal.o
                0x08000d9c                HAL_Delay
 .text.__NVIC_SetPriorityGrouping
                0x08000de4       0x48 ./Drivers/STM32F1xx_HAL_Driver/Src/stm32f1xx_hal_cortex.o
 .text.__NVIC_GetPriorityGrouping
                0x08000e2c       0x1c ./Drivers/STM32F1xx_HAL_Driver/Src/stm32f1xx_hal_cortex.o
 .text.__NVIC_SetPriority
                0x08000e48       0x54 ./Drivers/STM32F1xx_HAL_Driver/Src/stm32f1xx_hal_cortex.o
 .text.NVIC_EncodePriority
                0x08000e9c       0x64 ./Drivers/STM32F1xx_HAL_Driver/Src/stm32f1xx_hal_cortex.o
 .text.SysTick_Config
                0x08000f00       0x44 ./Drivers/STM32F1xx_HAL_Driver/Src/stm32f1xx_hal_cortex.o
 .text.HAL_NVIC_SetPriorityGrouping
                0x08000f44       0x16 ./Drivers/STM32F1xx_HAL_Driver/Src/stm32f1xx_hal_cortex.o
                0x08000f44                HAL_NVIC_SetPriorityGrouping
 .text.HAL_NVIC_SetPriority
                0x08000f5a       0x38 ./Drivers/STM32F1xx_HAL_Driver/Src/stm32f1xx_hal_cortex.o
                0x08000f5a                HAL_NVIC_SetPriority
 .text.HAL_SYSTICK_Config
                0x08000f92       0x18 ./Drivers/STM32F1xx_HAL_Driver/Src/stm32f1xx_hal_cortex.o
                0x08000f92                HAL_SYSTICK_Config
 *fill*         0x08000faa        0x2 
 .text.HAL_GPIO_Init
                0x08000fac      0x308 ./Drivers/STM32F1xx_HAL_Driver/Src/stm32f1xx_hal_gpio.o
                0x08000fac                HAL_GPIO_Init
 .text.HAL_GPIO_ReadPin
                0x080012b4       0x2e ./Drivers/STM32F1xx_HAL_Driver/Src/stm32f1xx_hal_gpio.o
                0x080012b4                HAL_GPIO_ReadPin
 .text.HAL_GPIO_WritePin
                0x080012e2       0x30 ./Drivers/STM32F1xx_HAL_Driver/Src/stm32f1xx_hal_gpio.o
                0x080012e2                HAL_GPIO_WritePin
 .text.HAL_GPIO_TogglePin
                0x08001312       0x32 ./Drivers/STM32F1xx_HAL_Driver/Src/stm32f1xx_hal_gpio.o
                0x08001312                HAL_GPIO_TogglePin
 .text.HAL_GPIO_EXTI_IRQHandler
                0x08001344       0x30 ./Drivers/STM32F1xx_HAL_Driver/Src/stm32f1xx_hal_gpio.o
                0x08001344                HAL_GPIO_EXTI_IRQHandler
 .text.HAL_GPIO_EXTI_Callback
                0x08001374       0x14 ./Drivers/STM32F1xx_HAL_Driver/Src/stm32f1xx_hal_gpio.o
                0x08001374                HAL_GPIO_EXTI_Callback
 .text.HAL_I2C_Init
                0x08001388      0x288 ./Drivers/STM32F1xx_HAL_Driver/Src/stm32f1xx_hal_i2c.o
                0x08001388                HAL_I2C_Init
 .text.HAL_I2C_Master_Transmit
                0x08001610      0x1fc ./Drivers/STM32F1xx_HAL_Driver/Src/stm32f1xx_hal_i2c.o
                0x08001610                HAL_I2C_Master_Transmit
 .text.I2C_MasterRequestWrite
                0x0800180c      0x104 ./Drivers/STM32F1xx_HAL_Driver/Src/stm32f1xx_hal_i2c.o
 .text.I2C_WaitOnFlagUntilTimeout
                0x08001910       0xf4 ./Drivers/STM32F1xx_HAL_Driver/Src/stm32f1xx_hal_i2c.o
 .text.I2C_WaitOnMasterAddressFlagUntilTimeout
                0x08001a04      0x140 ./Drivers/STM32F1xx_HAL_Driver/Src/stm32f1xx_hal_i2c.o
 .text.I2C_WaitOnTXEFlagUntilTimeout
                0x08001b44       0x90 ./Drivers/STM32F1xx_HAL_Driver/Src/stm32f1xx_hal_i2c.o
 .text.I2C_WaitOnBTFFlagUntilTimeout
                0x08001bd4       0x90 ./Drivers/STM32F1xx_HAL_Driver/Src/stm32f1xx_hal_i2c.o
 .text.I2C_IsAcknowledgeFailed
                0x08001c64       0x5c ./Drivers/STM32F1xx_HAL_Driver/Src/stm32f1xx_hal_i2c.o
 .text.HAL_RCC_OscConfig
                0x08001cc0      0x504 ./Drivers/STM32F1xx_HAL_Driver/Src/stm32f1xx_hal_rcc.o
                0x08001cc0                HAL_RCC_OscConfig
 .text.HAL_RCC_ClockConfig
                0x080021c4      0x1d4 ./Drivers/STM32F1xx_HAL_Driver/Src/stm32f1xx_hal_rcc.o
                0x080021c4                HAL_RCC_ClockConfig
 .text.HAL_RCC_GetSysClockFreq
                0x08002398       0xa8 ./Drivers/STM32F1xx_HAL_Driver/Src/stm32f1xx_hal_rcc.o
                0x08002398                HAL_RCC_GetSysClockFreq
 .text.HAL_RCC_GetHCLKFreq
                0x08002440       0x14 ./Drivers/STM32F1xx_HAL_Driver/Src/stm32f1xx_hal_rcc.o
                0x08002440                HAL_RCC_GetHCLKFreq
 .text.HAL_RCC_GetPCLK1Freq
                0x08002454       0x28 ./Drivers/STM32F1xx_HAL_Driver/Src/stm32f1xx_hal_rcc.o
                0x08002454                HAL_RCC_GetPCLK1Freq
 .text.RCC_Delay
                0x0800247c       0x3c ./Drivers/STM32F1xx_HAL_Driver/Src/stm32f1xx_hal_rcc.o
 .text.HAL_TIM_Base_Init
                0x080024b8       0x9e ./Drivers/STM32F1xx_HAL_Driver/Src/stm32f1xx_hal_tim.o
                0x080024b8                HAL_TIM_Base_Init
 .text.HAL_TIM_OC_Init
                0x08002556       0x9e ./Drivers/STM32F1xx_HAL_Driver/Src/stm32f1xx_hal_tim.o
                0x08002556                HAL_TIM_OC_Init
 .text.HAL_TIM_OC_MspInit
                0x080025f4       0x12 ./Drivers/STM32F1xx_HAL_Driver/Src/stm32f1xx_hal_tim.o
                0x080025f4                HAL_TIM_OC_MspInit
 *fill*         0x08002606        0x2 
 .text.HAL_TIM_PWM_Start
                0x08002608      0x144 ./Drivers/STM32F1xx_HAL_Driver/Src/stm32f1xx_hal_tim.o
                0x08002608                HAL_TIM_PWM_Start
 .text.HAL_TIM_PWM_Stop
                0x0800274c       0xc8 ./Drivers/STM32F1xx_HAL_Driver/Src/stm32f1xx_hal_tim.o
                0x0800274c                HAL_TIM_PWM_Stop
 .text.HAL_TIM_OC_ConfigChannel
                0x08002814       0xb8 ./Drivers/STM32F1xx_HAL_Driver/Src/stm32f1xx_hal_tim.o
                0x08002814                HAL_TIM_OC_ConfigChannel
 .text.HAL_TIM_ConfigClockSource
                0x080028cc      0x18e ./Drivers/STM32F1xx_HAL_Driver/Src/stm32f1xx_hal_tim.o
                0x080028cc                HAL_TIM_ConfigClockSource
 *fill*         0x08002a5a        0x2 
 .text.TIM_Base_SetConfig
                0x08002a5c       0xdc ./Drivers/STM32F1xx_HAL_Driver/Src/stm32f1xx_hal_tim.o
                0x08002a5c                TIM_Base_SetConfig
 .text.TIM_OC1_SetConfig
                0x08002b38       0xcc ./Drivers/STM32F1xx_HAL_Driver/Src/stm32f1xx_hal_tim.o
 .text.TIM_OC2_SetConfig
                0x08002c04       0xd4 ./Drivers/STM32F1xx_HAL_Driver/Src/stm32f1xx_hal_tim.o
                0x08002c04                TIM_OC2_SetConfig
 .text.TIM_OC3_SetConfig
                0x08002cd8       0xd4 ./Drivers/STM32F1xx_HAL_Driver/Src/stm32f1xx_hal_tim.o
 .text.TIM_OC4_SetConfig
                0x08002dac       0x9c ./Drivers/STM32F1xx_HAL_Driver/Src/stm32f1xx_hal_tim.o
 .text.TIM_TI1_ConfigInputStage
                0x08002e48       0x5c ./Drivers/STM32F1xx_HAL_Driver/Src/stm32f1xx_hal_tim.o
 .text.TIM_TI2_ConfigInputStage
                0x08002ea4       0x5e ./Drivers/STM32F1xx_HAL_Driver/Src/stm32f1xx_hal_tim.o
 .text.TIM_ITRx_SetConfig
                0x08002f02       0x34 ./Drivers/STM32F1xx_HAL_Driver/Src/stm32f1xx_hal_tim.o
 .text.TIM_ETR_SetConfig
                0x08002f36       0x3e ./Drivers/STM32F1xx_HAL_Driver/Src/stm32f1xx_hal_tim.o
                0x08002f36                TIM_ETR_SetConfig
 .text.TIM_CCxChannelCmd
                0x08002f74       0x48 ./Drivers/STM32F1xx_HAL_Driver/Src/stm32f1xx_hal_tim.o
                0x08002f74                TIM_CCxChannelCmd
 .text.HAL_TIMEx_MasterConfigSynchronization
                0x08002fbc       0xbc ./Drivers/STM32F1xx_HAL_Driver/Src/stm32f1xx_hal_tim_ex.o
                0x08002fbc                HAL_TIMEx_MasterConfigSynchronization
 .text.HAL_TIMEx_ConfigBreakDeadTime
                0x08003078       0xa2 ./Drivers/STM32F1xx_HAL_Driver/Src/stm32f1xx_hal_tim_ex.o
                0x08003078                HAL_TIMEx_ConfigBreakDeadTime
 .text.memset   0x0800311a       0x10 D:/SW/stm32/STM32CubeIDE_1.18.0/STM32CubeIDE/plugins/com.st.stm32cube.ide.mcu.externaltools.gnu-tools-for-stm32.13.3.rel1.win32_1.0.0.202411081344/tools/bin/../lib/gcc/arm-none-eabi/13.3.1/../../../../arm-none-eabi/lib/thumb/v7-m/nofp\libc_nano.a(libc_a-memset.o)
                0x0800311a                memset
 *fill*         0x0800312a        0x2 
 .text.__libc_init_array
                0x0800312c       0x48 D:/SW/stm32/STM32CubeIDE_1.18.0/STM32CubeIDE/plugins/com.st.stm32cube.ide.mcu.externaltools.gnu-tools-for-stm32.13.3.rel1.win32_1.0.0.202411081344/tools/bin/../lib/gcc/arm-none-eabi/13.3.1/../../../../arm-none-eabi/lib/thumb/v7-m/nofp\libc_nano.a(libc_a-init.o)
                0x0800312c                __libc_init_array
 *(.glue_7)
 .glue_7        0x08003174        0x0 linker stubs
 *(.glue_7t)
 .glue_7t       0x08003174        0x0 linker stubs
 *(.eh_frame)
 .eh_frame      0x08003174        0x0 D:/SW/stm32/STM32CubeIDE_1.18.0/STM32CubeIDE/plugins/com.st.stm32cube.ide.mcu.externaltools.gnu-tools-for-stm32.13.3.rel1.win32_1.0.0.202411081344/tools/bin/../lib/gcc/arm-none-eabi/13.3.1/thumb/v7-m/nofp/crtbegin.o
 *(.init)
 .init          0x08003174        0x4 D:/SW/stm32/STM32CubeIDE_1.18.0/STM32CubeIDE/plugins/com.st.stm32cube.ide.mcu.externaltools.gnu-tools-for-stm32.13.3.rel1.win32_1.0.0.202411081344/tools/bin/../lib/gcc/arm-none-eabi/13.3.1/thumb/v7-m/nofp/crti.o
                0x08003174                _init
 .init          0x08003178        0x8 D:/SW/stm32/STM32CubeIDE_1.18.0/STM32CubeIDE/plugins/com.st.stm32cube.ide.mcu.externaltools.gnu-tools-for-stm32.13.3.rel1.win32_1.0.0.202411081344/tools/bin/../lib/gcc/arm-none-eabi/13.3.1/thumb/v7-m/nofp/crtn.o
 *(.fini)
 .fini          0x08003180        0x4 D:/SW/stm32/STM32CubeIDE_1.18.0/STM32CubeIDE/plugins/com.st.stm32cube.ide.mcu.externaltools.gnu-tools-for-stm32.13.3.rel1.win32_1.0.0.202411081344/tools/bin/../lib/gcc/arm-none-eabi/13.3.1/thumb/v7-m/nofp/crti.o
                0x08003180                _fini
 .fini          0x08003184        0x8 D:/SW/stm32/STM32CubeIDE_1.18.0/STM32CubeIDE/plugins/com.st.stm32cube.ide.mcu.externaltools.gnu-tools-for-stm32.13.3.rel1.win32_1.0.0.202411081344/tools/bin/../lib/gcc/arm-none-eabi/13.3.1/thumb/v7-m/nofp/crtn.o
                0x0800318c                        . = ALIGN (0x4)
                0x0800318c                        _etext = .

.vfp11_veneer   0x0800318c        0x0
 .vfp11_veneer  0x0800318c        0x0 linker stubs

.v4_bx          0x0800318c        0x0
 .v4_bx         0x0800318c        0x0 linker stubs

.iplt           0x0800318c        0x0
 .iplt          0x0800318c        0x0 D:/SW/stm32/STM32CubeIDE_1.18.0/STM32CubeIDE/plugins/com.st.stm32cube.ide.mcu.externaltools.gnu-tools-for-stm32.13.3.rel1.win32_1.0.0.202411081344/tools/bin/../lib/gcc/arm-none-eabi/13.3.1/thumb/v7-m/nofp/crtbegin.o

.rodata         0x0800318c       0x70
                0x0800318c                        . = ALIGN (0x4)
 *(.rodata)
 .rodata        0x0800318c       0x42 ./Core/Src/main.o
 *(.rodata*)
 *fill*         0x080031ce        0x2 
 .rodata.AHBPrescTable
                0x080031d0       0x10 ./Core/Src/system_stm32f1xx.o
                0x080031d0                AHBPrescTable
 .rodata.APBPrescTable
                0x080031e0        0x8 ./Core/Src/system_stm32f1xx.o
                0x080031e0                APBPrescTable
 .rodata.aPLLMULFactorTable.1
                0x080031e8       0x10 ./Drivers/STM32F1xx_HAL_Driver/Src/stm32f1xx_hal_rcc.o
 .rodata.aPredivFactorTable.0
                0x080031f8        0x2 ./Drivers/STM32F1xx_HAL_Driver/Src/stm32f1xx_hal_rcc.o
                0x080031fc                        . = ALIGN (0x4)
 *fill*         0x080031fa        0x2 

.ARM.extab      0x080031fc        0x0
                0x080031fc                        . = ALIGN (0x4)
 *(.ARM.extab* .gnu.linkonce.armextab.*)
                0x080031fc                        . = ALIGN (0x4)

.ARM            0x080031fc        0x8
                0x080031fc                        . = ALIGN (0x4)
                0x080031fc                        __exidx_start = .
 *(.ARM.exidx*)
 .ARM.exidx     0x080031fc        0x8 D:/SW/stm32/STM32CubeIDE_1.18.0/STM32CubeIDE/plugins/com.st.stm32cube.ide.mcu.externaltools.gnu-tools-for-stm32.13.3.rel1.win32_1.0.0.202411081344/tools/bin/../lib/gcc/arm-none-eabi/13.3.1/../../../../arm-none-eabi/lib/thumb/v7-m/nofp\libc_nano.a(libc_a-strcmp.o)
                0x08003204                        __exidx_end = .
                0x08003204                        . = ALIGN (0x4)

.preinit_array  0x08003204        0x0
                0x08003204                        . = ALIGN (0x4)
                0x08003204                        PROVIDE (__preinit_array_start = .)
 *(.preinit_array*)
                0x08003204                        PROVIDE (__preinit_array_end = .)
                0x08003204                        . = ALIGN (0x4)

.init_array     0x08003204        0x4
                0x08003204                        . = ALIGN (0x4)
                0x08003204                        PROVIDE (__init_array_start = .)
 *(SORT_BY_NAME(.init_array.*))
 *(.init_array*)
 .init_array    0x08003204        0x4 D:/SW/stm32/STM32CubeIDE_1.18.0/STM32CubeIDE/plugins/com.st.stm32cube.ide.mcu.externaltools.gnu-tools-for-stm32.13.3.rel1.win32_1.0.0.202411081344/tools/bin/../lib/gcc/arm-none-eabi/13.3.1/thumb/v7-m/nofp/crtbegin.o
                0x08003208                        PROVIDE (__init_array_end = .)
                0x08003208                        . = ALIGN (0x4)

.fini_array     0x08003208        0x4
                0x08003208                        . = ALIGN (0x4)
                [!provide]                        PROVIDE (__fini_array_start = .)
 *(SORT_BY_NAME(.fini_array.*))
 *(.fini_array*)
 .fini_array    0x08003208        0x4 D:/SW/stm32/STM32CubeIDE_1.18.0/STM32CubeIDE/plugins/com.st.stm32cube.ide.mcu.externaltools.gnu-tools-for-stm32.13.3.rel1.win32_1.0.0.202411081344/tools/bin/../lib/gcc/arm-none-eabi/13.3.1/thumb/v7-m/nofp/crtbegin.o
                [!provide]                        PROVIDE (__fini_array_end = .)
                0x0800320c                        . = ALIGN (0x4)
                0x0800320c                        _sidata = LOADADDR (.data)

.rel.dyn        0x0800320c        0x0
 .rel.iplt      0x0800320c        0x0 D:/SW/stm32/STM32CubeIDE_1.18.0/STM32CubeIDE/plugins/com.st.stm32cube.ide.mcu.externaltools.gnu-tools-for-stm32.13.3.rel1.win32_1.0.0.202411081344/tools/bin/../lib/gcc/arm-none-eabi/13.3.1/thumb/v7-m/nofp/crtbegin.o

.data           0x20000000       0x44 load address 0x0800320c
                0x20000000                        . = ALIGN (0x4)
                0x20000000                        _sdata = .
 *(.data)
 *(.data*)
 .data.row_pins
                0x20000000       0x10 ./Core/Src/keypad.o
                0x20000000                row_pins
 .data.col_pins
                0x20000010       0x10 ./Core/Src/keypad.o
                0x20000010                col_pins
 .data.keymap   0x20000020       0x10 ./Core/Src/keypad.o
                0x20000020                keymap
 .data.correctPassword
                0x20000030        0x5 ./Core/Src/main.o
                0x20000030                correctPassword
 *fill*         0x20000035        0x3 
 .data.SystemCoreClock
                0x20000038        0x4 ./Core/Src/system_stm32f1xx.o
                0x20000038                SystemCoreClock
 .data.uwTickPrio
                0x2000003c        0x4 ./Drivers/STM32F1xx_HAL_Driver/Src/stm32f1xx_hal.o
                0x2000003c                uwTickPrio
 .data.uwTickFreq
                0x20000040        0x1 ./Drivers/STM32F1xx_HAL_Driver/Src/stm32f1xx_hal.o
                0x20000040                uwTickFreq
 *(.RamFunc)
 *(.RamFunc*)
                0x20000044                        . = ALIGN (0x4)
 *fill*         0x20000041        0x3 
                0x20000044                        _edata = .

.igot.plt       0x20000044        0x0 load address 0x08003250
 .igot.plt      0x20000044        0x0 D:/SW/stm32/STM32CubeIDE_1.18.0/STM32CubeIDE/plugins/com.st.stm32cube.ide.mcu.externaltools.gnu-tools-for-stm32.13.3.rel1.win32_1.0.0.202411081344/tools/bin/../lib/gcc/arm-none-eabi/13.3.1/thumb/v7-m/nofp/crtbegin.o
                0x20000044                        . = ALIGN (0x4)

.bss            0x20000044       0xcc load address 0x08003250
                0x20000044                        _sbss = .
                0x20000044                        __bss_start__ = _sbss
 *(.bss)
 .bss           0x20000044       0x1c D:/SW/stm32/STM32CubeIDE_1.18.0/STM32CubeIDE/plugins/com.st.stm32cube.ide.mcu.externaltools.gnu-tools-for-stm32.13.3.rel1.win32_1.0.0.202411081344/tools/bin/../lib/gcc/arm-none-eabi/13.3.1/thumb/v7-m/nofp/crtbegin.o
 *(.bss*)
 .bss.hi2c1     0x20000060       0x54 ./Core/Src/main.o
                0x20000060                hi2c1
 .bss.htim1     0x200000b4       0x48 ./Core/Src/main.o
                0x200000b4                htim1
 .bss.lcd       0x200000fc        0x8 ./Core/Src/main.o
                0x200000fc                lcd
 .bss.enteredPassword
                0x20000104        0x5 ./Core/Src/main.o
                0x20000104                enteredPassword
 .bss.passwordIndex
                0x20000109        0x1 ./Core/Src/main.o
                0x20000109                passwordIndex
 *fill*         0x2000010a        0x2 
 .bss.uwTick    0x2000010c        0x4 ./Drivers/STM32F1xx_HAL_Driver/Src/stm32f1xx_hal.o
                0x2000010c                uwTick
 *(COMMON)
                0x20000110                        . = ALIGN (0x4)
                0x20000110                        _ebss = .
                0x20000110                        __bss_end__ = _ebss

._user_heap_stack
                0x20000110      0x600 load address 0x08003250
                0x20000110                        . = ALIGN (0x8)
                [!provide]                        PROVIDE (end = .)
                0x20000110                        PROVIDE (_end = .)
                0x20000310                        . = (. + _Min_Heap_Size)
 *fill*         0x20000110      0x200 
                0x20000710                        . = (. + _Min_Stack_Size)
 *fill*         0x20000310      0x400 
                0x20000710                        . = ALIGN (0x8)

/DISCARD/
 libc.a(*)
 libm.a(*)
 libgcc.a(*)

.ARM.attributes
                0x00000000       0x29
 *(.ARM.attributes)
 .ARM.attributes
                0x00000000       0x1d D:/SW/stm32/STM32CubeIDE_1.18.0/STM32CubeIDE/plugins/com.st.stm32cube.ide.mcu.externaltools.gnu-tools-for-stm32.13.3.rel1.win32_1.0.0.202411081344/tools/bin/../lib/gcc/arm-none-eabi/13.3.1/thumb/v7-m/nofp/crti.o
 .ARM.attributes
                0x0000001d       0x2d D:/SW/stm32/STM32CubeIDE_1.18.0/STM32CubeIDE/plugins/com.st.stm32cube.ide.mcu.externaltools.gnu-tools-for-stm32.13.3.rel1.win32_1.0.0.202411081344/tools/bin/../lib/gcc/arm-none-eabi/13.3.1/thumb/v7-m/nofp/crtbegin.o
 .ARM.attributes
                0x0000004a       0x2d ./Core/Src/keypad.o
 .ARM.attributes
                0x00000077       0x2d ./Core/Src/lcd_i2c.o
 .ARM.attributes
                0x000000a4       0x2d ./Core/Src/main.o
 .ARM.attributes
                0x000000d1       0x2d ./Core/Src/stm32f1xx_hal_msp.o
 .ARM.attributes
                0x000000fe       0x2d ./Core/Src/stm32f1xx_it.o
 .ARM.attributes
                0x0000012b       0x2d ./Core/Src/system_stm32f1xx.o
 .ARM.attributes
                0x00000158       0x21 ./Core/Startup/startup_stm32f103c8tx.o
 .ARM.attributes
                0x00000179       0x2d ./Drivers/STM32F1xx_HAL_Driver/Src/stm32f1xx_hal.o
 .ARM.attributes
                0x000001a6       0x2d ./Drivers/STM32F1xx_HAL_Driver/Src/stm32f1xx_hal_cortex.o
 .ARM.attributes
                0x000001d3       0x2d ./Drivers/STM32F1xx_HAL_Driver/Src/stm32f1xx_hal_gpio.o
 .ARM.attributes
                0x00000200       0x2d ./Drivers/STM32F1xx_HAL_Driver/Src/stm32f1xx_hal_i2c.o
 .ARM.attributes
                0x0000022d       0x2d ./Drivers/STM32F1xx_HAL_Driver/Src/stm32f1xx_hal_rcc.o
 .ARM.attributes
                0x0000025a       0x2d ./Drivers/STM32F1xx_HAL_Driver/Src/stm32f1xx_hal_tim.o
 .ARM.attributes
                0x00000287       0x2d ./Drivers/STM32F1xx_HAL_Driver/Src/stm32f1xx_hal_tim_ex.o
 .ARM.attributes
                0x000002b4       0x2d D:/SW/stm32/STM32CubeIDE_1.18.0/STM32CubeIDE/plugins/com.st.stm32cube.ide.mcu.externaltools.gnu-tools-for-stm32.13.3.rel1.win32_1.0.0.202411081344/tools/bin/../lib/gcc/arm-none-eabi/13.3.1/../../../../arm-none-eabi/lib/thumb/v7-m/nofp\libc_nano.a(libc_a-memset.o)
 .ARM.attributes
                0x000002e1       0x2d D:/SW/stm32/STM32CubeIDE_1.18.0/STM32CubeIDE/plugins/com.st.stm32cube.ide.mcu.externaltools.gnu-tools-for-stm32.13.3.rel1.win32_1.0.0.202411081344/tools/bin/../lib/gcc/arm-none-eabi/13.3.1/../../../../arm-none-eabi/lib/thumb/v7-m/nofp\libc_nano.a(libc_a-init.o)
 .ARM.attributes
                0x0000030e       0x1b D:/SW/stm32/STM32CubeIDE_1.18.0/STM32CubeIDE/plugins/com.st.stm32cube.ide.mcu.externaltools.gnu-tools-for-stm32.13.3.rel1.win32_1.0.0.202411081344/tools/bin/../lib/gcc/arm-none-eabi/13.3.1/../../../../arm-none-eabi/lib/thumb/v7-m/nofp\libc_nano.a(libc_a-strcmp.o)
 .ARM.attributes
                0x00000329       0x1d D:/SW/stm32/STM32CubeIDE_1.18.0/STM32CubeIDE/plugins/com.st.stm32cube.ide.mcu.externaltools.gnu-tools-for-stm32.13.3.rel1.win32_1.0.0.202411081344/tools/bin/../lib/gcc/arm-none-eabi/13.3.1/thumb/v7-m/nofp/crtn.o
OUTPUT(pass_unlock.elf elf32-littlearm)
LOAD linker stubs
LOAD D:/SW/stm32/STM32CubeIDE_1.18.0/STM32CubeIDE/plugins/com.st.stm32cube.ide.mcu.externaltools.gnu-tools-for-stm32.13.3.rel1.win32_1.0.0.202411081344/tools/bin/../lib/gcc/arm-none-eabi/13.3.1/../../../../arm-none-eabi/lib/thumb/v7-m/nofp\libc.a
LOAD D:/SW/stm32/STM32CubeIDE_1.18.0/STM32CubeIDE/plugins/com.st.stm32cube.ide.mcu.externaltools.gnu-tools-for-stm32.13.3.rel1.win32_1.0.0.202411081344/tools/bin/../lib/gcc/arm-none-eabi/13.3.1/../../../../arm-none-eabi/lib/thumb/v7-m/nofp\libm.a
LOAD D:/SW/stm32/STM32CubeIDE_1.18.0/STM32CubeIDE/plugins/com.st.stm32cube.ide.mcu.externaltools.gnu-tools-for-stm32.13.3.rel1.win32_1.0.0.202411081344/tools/bin/../lib/gcc/arm-none-eabi/13.3.1/thumb/v7-m/nofp\libgcc.a

.debug_info     0x00000000     0xaec7
 .debug_info    0x00000000      0x24e ./Core/Src/keypad.o
 .debug_info    0x0000024e      0x7d7 ./Core/Src/lcd_i2c.o
 .debug_info    0x00000a25     0x124c ./Core/Src/main.o
 .debug_info    0x00001c71      0xc96 ./Core/Src/stm32f1xx_hal_msp.o
 .debug_info    0x00002907      0x14b ./Core/Src/stm32f1xx_it.o
 .debug_info    0x00002a52      0x222 ./Core/Src/system_stm32f1xx.o
 .debug_info    0x00002c74       0x30 ./Core/Startup/startup_stm32f103c8tx.o
 .debug_info    0x00002ca4      0x704 ./Drivers/STM32F1xx_HAL_Driver/Src/stm32f1xx_hal.o
 .debug_info    0x000033a8      0xa87 ./Drivers/STM32F1xx_HAL_Driver/Src/stm32f1xx_hal_cortex.o
 .debug_info    0x00003e2f      0x5ab ./Drivers/STM32F1xx_HAL_Driver/Src/stm32f1xx_hal_gpio.o
 .debug_info    0x000043da     0x2524 ./Drivers/STM32F1xx_HAL_Driver/Src/stm32f1xx_hal_i2c.o
 .debug_info    0x000068fe      0x7d5 ./Drivers/STM32F1xx_HAL_Driver/Src/stm32f1xx_hal_rcc.o
 .debug_info    0x000070d3     0x2959 ./Drivers/STM32F1xx_HAL_Driver/Src/stm32f1xx_hal_tim.o
 .debug_info    0x00009a2c     0x149b ./Drivers/STM32F1xx_HAL_Driver/Src/stm32f1xx_hal_tim_ex.o

.debug_abbrev   0x00000000     0x1aa5
 .debug_abbrev  0x00000000      0x15b ./Core/Src/keypad.o
 .debug_abbrev  0x0000015b      0x1a5 ./Core/Src/lcd_i2c.o
 .debug_abbrev  0x00000300      0x2da ./Core/Src/main.o
 .debug_abbrev  0x000005da      0x1b6 ./Core/Src/stm32f1xx_hal_msp.o
 .debug_abbrev  0x00000790       0xa0 ./Core/Src/stm32f1xx_it.o
 .debug_abbrev  0x00000830      0x13f ./Core/Src/system_stm32f1xx.o
 .debug_abbrev  0x0000096f       0x24 ./Core/Startup/startup_stm32f103c8tx.o
 .debug_abbrev  0x00000993      0x201 ./Drivers/STM32F1xx_HAL_Driver/Src/stm32f1xx_hal.o
 .debug_abbrev  0x00000b94      0x2f8 ./Drivers/STM32F1xx_HAL_Driver/Src/stm32f1xx_hal_cortex.o
 .debug_abbrev  0x00000e8c      0x1ca ./Drivers/STM32F1xx_HAL_Driver/Src/stm32f1xx_hal_gpio.o
 .debug_abbrev  0x00001056      0x2a3 ./Drivers/STM32F1xx_HAL_Driver/Src/stm32f1xx_hal_i2c.o
 .debug_abbrev  0x000012f9      0x2b3 ./Drivers/STM32F1xx_HAL_Driver/Src/stm32f1xx_hal_rcc.o
 .debug_abbrev  0x000015ac      0x277 ./Drivers/STM32F1xx_HAL_Driver/Src/stm32f1xx_hal_tim.o
 .debug_abbrev  0x00001823      0x282 ./Drivers/STM32F1xx_HAL_Driver/Src/stm32f1xx_hal_tim_ex.o

.debug_aranges  0x00000000      0xc78
 .debug_aranges
                0x00000000       0x20 ./Core/Src/keypad.o
 .debug_aranges
                0x00000020       0x50 ./Core/Src/lcd_i2c.o
 .debug_aranges
                0x00000070       0x60 ./Core/Src/main.o
 .debug_aranges
                0x000000d0       0x48 ./Core/Src/stm32f1xx_hal_msp.o
 .debug_aranges
                0x00000118       0x68 ./Core/Src/stm32f1xx_it.o
 .debug_aranges
                0x00000180       0x28 ./Core/Src/system_stm32f1xx.o
 .debug_aranges
                0x000001a8       0x28 ./Core/Startup/startup_stm32f103c8tx.o
 .debug_aranges
                0x000001d0       0xe0 ./Drivers/STM32F1xx_HAL_Driver/Src/stm32f1xx_hal.o
 .debug_aranges
                0x000002b0      0x100 ./Drivers/STM32F1xx_HAL_Driver/Src/stm32f1xx_hal_cortex.o
 .debug_aranges
                0x000003b0       0x58 ./Drivers/STM32F1xx_HAL_Driver/Src/stm32f1xx_hal_gpio.o
 .debug_aranges
                0x00000408      0x2a8 ./Drivers/STM32F1xx_HAL_Driver/Src/stm32f1xx_hal_i2c.o
 .debug_aranges
                0x000006b0       0x90 ./Drivers/STM32F1xx_HAL_Driver/Src/stm32f1xx_hal_rcc.o
 .debug_aranges
                0x00000740      0x3d0 ./Drivers/STM32F1xx_HAL_Driver/Src/stm32f1xx_hal_tim.o
 .debug_aranges
                0x00000b10      0x168 ./Drivers/STM32F1xx_HAL_Driver/Src/stm32f1xx_hal_tim_ex.o

.debug_rnglists
                0x00000000      0x9c7
 .debug_rnglists
                0x00000000       0x14 ./Core/Src/keypad.o
 .debug_rnglists
                0x00000014       0x38 ./Core/Src/lcd_i2c.o
 .debug_rnglists
                0x0000004c       0x48 ./Core/Src/main.o
 .debug_rnglists
                0x00000094       0x33 ./Core/Src/stm32f1xx_hal_msp.o
 .debug_rnglists
                0x000000c7       0x49 ./Core/Src/stm32f1xx_it.o
 .debug_rnglists
                0x00000110       0x1a ./Core/Src/system_stm32f1xx.o
 .debug_rnglists
                0x0000012a       0x19 ./Core/Startup/startup_stm32f103c8tx.o
 .debug_rnglists
                0x00000143       0xa3 ./Drivers/STM32F1xx_HAL_Driver/Src/stm32f1xx_hal.o
 .debug_rnglists
                0x000001e6       0xbb ./Drivers/STM32F1xx_HAL_Driver/Src/stm32f1xx_hal_cortex.o
 .debug_rnglists
                0x000002a1       0x3f ./Drivers/STM32F1xx_HAL_Driver/Src/stm32f1xx_hal_gpio.o
 .debug_rnglists
                0x000002e0      0x23c ./Drivers/STM32F1xx_HAL_Driver/Src/stm32f1xx_hal_i2c.o
 .debug_rnglists
                0x0000051c       0x6c ./Drivers/STM32F1xx_HAL_Driver/Src/stm32f1xx_hal_rcc.o
 .debug_rnglists
                0x00000588      0x31a ./Drivers/STM32F1xx_HAL_Driver/Src/stm32f1xx_hal_tim.o
 .debug_rnglists
                0x000008a2      0x125 ./Drivers/STM32F1xx_HAL_Driver/Src/stm32f1xx_hal_tim_ex.o

.debug_macro    0x00000000    0x17b04
 .debug_macro   0x00000000      0x1b9 ./Core/Src/keypad.o
 .debug_macro   0x000001b9      0xacc ./Core/Src/keypad.o
 .debug_macro   0x00000c85      0x21b ./Core/Src/keypad.o
 .debug_macro   0x00000ea0       0x2e ./Core/Src/keypad.o
 .debug_macro   0x00000ece       0x22 ./Core/Src/keypad.o
 .debug_macro   0x00000ef0       0x22 ./Core/Src/keypad.o
 .debug_macro   0x00000f12       0x8e ./Core/Src/keypad.o
 .debug_macro   0x00000fa0       0x51 ./Core/Src/keypad.o
 .debug_macro   0x00000ff1      0x103 ./Core/Src/keypad.o
 .debug_macro   0x000010f4       0x6a ./Core/Src/keypad.o
 .debug_macro   0x0000115e      0x1df ./Core/Src/keypad.o
 .debug_macro   0x0000133d       0x1c ./Core/Src/keypad.o
 .debug_macro   0x00001359       0x22 ./Core/Src/keypad.o
 .debug_macro   0x0000137b       0xbd ./Core/Src/keypad.o
 .debug_macro   0x00001438      0xd23 ./Core/Src/keypad.o
 .debug_macro   0x0000215b     0xe09e ./Core/Src/keypad.o
 .debug_macro   0x000101f9       0x6d ./Core/Src/keypad.o
 .debug_macro   0x00010266     0x34a2 ./Core/Src/keypad.o
 .debug_macro   0x00013708      0x190 ./Core/Src/keypad.o
 .debug_macro   0x00013898       0x5c ./Core/Src/keypad.o
 .debug_macro   0x000138f4      0x5bc ./Core/Src/keypad.o
 .debug_macro   0x00013eb0      0x289 ./Core/Src/keypad.o
 .debug_macro   0x00014139      0x1cb ./Core/Src/keypad.o
 .debug_macro   0x00014304      0x114 ./Core/Src/keypad.o
 .debug_macro   0x00014418      0x1b2 ./Core/Src/keypad.o
 .debug_macro   0x000145ca       0x27 ./Core/Src/keypad.o
 .debug_macro   0x000145f1      0x136 ./Core/Src/keypad.o
 .debug_macro   0x00014727      0x1bc ./Core/Src/keypad.o
 .debug_macro   0x000148e3       0x34 ./Core/Src/keypad.o
 .debug_macro   0x00014917       0x3c ./Core/Src/keypad.o
 .debug_macro   0x00014953       0x57 ./Core/Src/keypad.o
 .debug_macro   0x000149aa       0x87 ./Core/Src/keypad.o
 .debug_macro   0x00014a31      0x240 ./Core/Src/keypad.o
 .debug_macro   0x00014c71      0x287 ./Core/Src/keypad.o
 .debug_macro   0x00014ef8      0x140 ./Core/Src/keypad.o
 .debug_macro   0x00015038      0x8ed ./Core/Src/keypad.o
 .debug_macro   0x00015925       0x83 ./Core/Src/keypad.o
 .debug_macro   0x000159a8      0x2b9 ./Core/Src/lcd_i2c.o
 .debug_macro   0x00015c61       0x61 ./Core/Src/lcd_i2c.o
 .debug_macro   0x00015cc2       0x24 ./Core/Src/lcd_i2c.o
 .debug_macro   0x00015ce6       0x43 ./Core/Src/lcd_i2c.o
 .debug_macro   0x00015d29       0x34 ./Core/Src/lcd_i2c.o
 .debug_macro   0x00015d5d      0x370 ./Core/Src/lcd_i2c.o
 .debug_macro   0x000160cd       0x16 ./Core/Src/lcd_i2c.o
 .debug_macro   0x000160e3       0x4a ./Core/Src/lcd_i2c.o
 .debug_macro   0x0001612d       0x34 ./Core/Src/lcd_i2c.o
 .debug_macro   0x00016161       0x10 ./Core/Src/lcd_i2c.o
 .debug_macro   0x00016171       0x58 ./Core/Src/lcd_i2c.o
 .debug_macro   0x000161c9       0x8e ./Core/Src/lcd_i2c.o
 .debug_macro   0x00016257       0x1c ./Core/Src/lcd_i2c.o
 .debug_macro   0x00016273      0x185 ./Core/Src/lcd_i2c.o
 .debug_macro   0x000163f8       0x10 ./Core/Src/lcd_i2c.o
 .debug_macro   0x00016408       0x3c ./Core/Src/lcd_i2c.o
 .debug_macro   0x00016444       0x20 ./Core/Src/lcd_i2c.o
 .debug_macro   0x00016464       0x16 ./Core/Src/lcd_i2c.o
 .debug_macro   0x0001647a       0x16 ./Core/Src/lcd_i2c.o
 .debug_macro   0x00016490       0x29 ./Core/Src/lcd_i2c.o
 .debug_macro   0x000164b9      0x33b ./Core/Src/main.o
 .debug_macro   0x000167f4       0x1c ./Core/Src/main.o
 .debug_macro   0x00016810       0x10 ./Core/Src/main.o
 .debug_macro   0x00016820       0x1c ./Core/Src/main.o
 .debug_macro   0x0001683c       0x16 ./Core/Src/main.o
 .debug_macro   0x00016852      0x146 ./Core/Src/main.o
 .debug_macro   0x00016998      0x1ad ./Core/Src/stm32f1xx_hal_msp.o
 .debug_macro   0x00016b45      0x1b7 ./Core/Src/stm32f1xx_it.o
 .debug_macro   0x00016cfc      0x1a3 ./Core/Src/system_stm32f1xx.o
 .debug_macro   0x00016e9f      0x1c7 ./Drivers/STM32F1xx_HAL_Driver/Src/stm32f1xx_hal.o
 .debug_macro   0x00017066      0x1a3 ./Drivers/STM32F1xx_HAL_Driver/Src/stm32f1xx_hal_cortex.o
 .debug_macro   0x00017209      0x20e ./Drivers/STM32F1xx_HAL_Driver/Src/stm32f1xx_hal_gpio.o
 .debug_macro   0x00017417      0x1f1 ./Drivers/STM32F1xx_HAL_Driver/Src/stm32f1xx_hal_i2c.o
 .debug_macro   0x00017608      0x1b5 ./Drivers/STM32F1xx_HAL_Driver/Src/stm32f1xx_hal_rcc.o
 .debug_macro   0x000177bd      0x1a4 ./Drivers/STM32F1xx_HAL_Driver/Src/stm32f1xx_hal_tim.o
 .debug_macro   0x00017961      0x1a3 ./Drivers/STM32F1xx_HAL_Driver/Src/stm32f1xx_hal_tim_ex.o

.debug_line     0x00000000     0xebe9
 .debug_line    0x00000000      0x782 ./Core/Src/keypad.o
 .debug_line    0x00000782      0x98d ./Core/Src/lcd_i2c.o
 .debug_line    0x0000110f      0xc38 ./Core/Src/main.o
 .debug_line    0x00001d47      0x7d8 ./Core/Src/stm32f1xx_hal_msp.o
 .debug_line    0x0000251f      0x7dc ./Core/Src/stm32f1xx_it.o
 .debug_line    0x00002cfb      0x792 ./Core/Src/system_stm32f1xx.o
 .debug_line    0x0000348d       0x78 ./Core/Startup/startup_stm32f103c8tx.o
 .debug_line    0x00003505      0x9c3 ./Drivers/STM32F1xx_HAL_Driver/Src/stm32f1xx_hal.o
 .debug_line    0x00003ec8      0xb8d ./Drivers/STM32F1xx_HAL_Driver/Src/stm32f1xx_hal_cortex.o
 .debug_line    0x00004a55      0xa20 ./Drivers/STM32F1xx_HAL_Driver/Src/stm32f1xx_hal_gpio.o
 .debug_line    0x00005475     0x3bc0 ./Drivers/STM32F1xx_HAL_Driver/Src/stm32f1xx_hal_i2c.o
 .debug_line    0x00009035      0xe7c ./Drivers/STM32F1xx_HAL_Driver/Src/stm32f1xx_hal_rcc.o
 .debug_line    0x00009eb1     0x34b1 ./Drivers/STM32F1xx_HAL_Driver/Src/stm32f1xx_hal_tim.o
 .debug_line    0x0000d362     0x1887 ./Drivers/STM32F1xx_HAL_Driver/Src/stm32f1xx_hal_tim_ex.o

.debug_str      0x00000000    0x8a497
 .debug_str     0x00000000    0x8a497 ./Core/Src/keypad.o
                              0x8343c (size before relaxing)
 .debug_str     0x0008a497    0x86bbe ./Core/Src/lcd_i2c.o
 .debug_str     0x0008a497    0x87a80 ./Core/Src/main.o
 .debug_str     0x0008a497    0x83c36 ./Core/Src/stm32f1xx_hal_msp.o
 .debug_str     0x0008a497    0x8345b ./Core/Src/stm32f1xx_it.o
 .debug_str     0x0008a497    0x83431 ./Core/Src/system_stm32f1xx.o
 .debug_str     0x0008a497       0x6e ./Core/Startup/startup_stm32f103c8tx.o
 .debug_str     0x0008a497    0x83b64 ./Drivers/STM32F1xx_HAL_Driver/Src/stm32f1xx_hal.o
 .debug_str     0x0008a497    0x83ab0 ./Drivers/STM32F1xx_HAL_Driver/Src/stm32f1xx_hal_cortex.o
 .debug_str     0x0008a497    0x837b7 ./Drivers/STM32F1xx_HAL_Driver/Src/stm32f1xx_hal_gpio.o
 .debug_str     0x0008a497    0x844f8 ./Drivers/STM32F1xx_HAL_Driver/Src/stm32f1xx_hal_i2c.o
 .debug_str     0x0008a497    0x83860 ./Drivers/STM32F1xx_HAL_Driver/Src/stm32f1xx_hal_rcc.o
 .debug_str     0x0008a497    0x84862 ./Drivers/STM32F1xx_HAL_Driver/Src/stm32f1xx_hal_tim.o
 .debug_str     0x0008a497    0x8406e ./Drivers/STM32F1xx_HAL_Driver/Src/stm32f1xx_hal_tim_ex.o

.comment        0x00000000       0x43
 .comment       0x00000000       0x43 ./Core/Src/keypad.o
                                 0x44 (size before relaxing)
 .comment       0x00000043       0x44 ./Core/Src/lcd_i2c.o
 .comment       0x00000043       0x44 ./Core/Src/main.o
 .comment       0x00000043       0x44 ./Core/Src/stm32f1xx_hal_msp.o
 .comment       0x00000043       0x44 ./Core/Src/stm32f1xx_it.o
 .comment       0x00000043       0x44 ./Core/Src/system_stm32f1xx.o
 .comment       0x00000043       0x44 ./Drivers/STM32F1xx_HAL_Driver/Src/stm32f1xx_hal.o
 .comment       0x00000043       0x44 ./Drivers/STM32F1xx_HAL_Driver/Src/stm32f1xx_hal_cortex.o
 .comment       0x00000043       0x44 ./Drivers/STM32F1xx_HAL_Driver/Src/stm32f1xx_hal_gpio.o
 .comment       0x00000043       0x44 ./Drivers/STM32F1xx_HAL_Driver/Src/stm32f1xx_hal_i2c.o
 .comment       0x00000043       0x44 ./Drivers/STM32F1xx_HAL_Driver/Src/stm32f1xx_hal_rcc.o
 .comment       0x00000043       0x44 ./Drivers/STM32F1xx_HAL_Driver/Src/stm32f1xx_hal_tim.o
 .comment       0x00000043       0x44 ./Drivers/STM32F1xx_HAL_Driver/Src/stm32f1xx_hal_tim_ex.o

.debug_frame    0x00000000     0x3484
 .debug_frame   0x00000000       0x34 ./Core/Src/keypad.o
 .debug_frame   0x00000034      0x10c ./Core/Src/lcd_i2c.o
 .debug_frame   0x00000140      0x140 ./Core/Src/main.o
 .debug_frame   0x00000280       0xec ./Core/Src/stm32f1xx_hal_msp.o
 .debug_frame   0x0000036c      0x120 ./Core/Src/stm32f1xx_it.o
 .debug_frame   0x0000048c       0x58 ./Core/Src/system_stm32f1xx.o
 .debug_frame   0x000004e4      0x334 ./Drivers/STM32F1xx_HAL_Driver/Src/stm32f1xx_hal.o
 .debug_frame   0x00000818      0x428 ./Drivers/STM32F1xx_HAL_Driver/Src/stm32f1xx_hal_cortex.o
 .debug_frame   0x00000c40      0x14c ./Drivers/STM32F1xx_HAL_Driver/Src/stm32f1xx_hal_gpio.o
 .debug_frame   0x00000d8c      0xc84 ./Drivers/STM32F1xx_HAL_Driver/Src/stm32f1xx_hal_i2c.o
 .debug_frame   0x00001a10      0x218 ./Drivers/STM32F1xx_HAL_Driver/Src/stm32f1xx_hal_rcc.o
 .debug_frame   0x00001c28     0x11b8 ./Drivers/STM32F1xx_HAL_Driver/Src/stm32f1xx_hal_tim.o
 .debug_frame   0x00002de0      0x638 ./Drivers/STM32F1xx_HAL_Driver/Src/stm32f1xx_hal_tim_ex.o
 .debug_frame   0x00003418       0x20 D:/SW/stm32/STM32CubeIDE_1.18.0/STM32CubeIDE/plugins/com.st.stm32cube.ide.mcu.externaltools.gnu-tools-for-stm32.13.3.rel1.win32_1.0.0.202411081344/tools/bin/../lib/gcc/arm-none-eabi/13.3.1/../../../../arm-none-eabi/lib/thumb/v7-m/nofp\libc_nano.a(libc_a-memset.o)
 .debug_frame   0x00003438       0x2c D:/SW/stm32/STM32CubeIDE_1.18.0/STM32CubeIDE/plugins/com.st.stm32cube.ide.mcu.externaltools.gnu-tools-for-stm32.13.3.rel1.win32_1.0.0.202411081344/tools/bin/../lib/gcc/arm-none-eabi/13.3.1/../../../../arm-none-eabi/lib/thumb/v7-m/nofp\libc_nano.a(libc_a-init.o)
 .debug_frame   0x00003464       0x20 D:/SW/stm32/STM32CubeIDE_1.18.0/STM32CubeIDE/plugins/com.st.stm32cube.ide.mcu.externaltools.gnu-tools-for-stm32.13.3.rel1.win32_1.0.0.202411081344/tools/bin/../lib/gcc/arm-none-eabi/13.3.1/../../../../arm-none-eabi/lib/thumb/v7-m/nofp\libc_nano.a(libc_a-strcmp.o)

.debug_line_str
                0x00000000       0x52
 .debug_line_str
                0x00000000       0x52 ./Core/Startup/startup_stm32f103c8tx.o
