22:55:19 **** Build of configuration Debug for project pass_unlock ****
make -j8 all 
arm-none-eabi-gcc "../Drivers/STM32F1xx_HAL_Driver/Src/stm32f1xx_hal.c" -mcpu=cortex-m3 -std=gnu11 -g3 -DDEBUG -DUSE_HAL_DRIVER -DSTM32F103xB -c -I../Core/Inc -I../Drivers/STM32F1xx_HAL_Driver/Inc/Legacy -I../Drivers/STM32F1xx_HAL_Driver/Inc -I../Drivers/CMSIS/Device/ST/STM32F1xx/Include -I../Drivers/CMSIS/Include -O0 -ffunction-sections -fdata-sections -Wall -fstack-usage -fcyclomatic-complexity -MMD -MP -MF"Drivers/STM32F1xx_HAL_Driver/Src/stm32f1xx_hal.d" -MT"Drivers/STM32F1xx_HAL_Driver/Src/stm32f1xx_hal.o" --specs=nano.specs -mfloat-abi=soft -mthumb -o "Drivers/STM32F1xx_HAL_Driver/Src/stm32f1xx_hal.o"
arm-none-eabi-gcc "../Drivers/STM32F1xx_HAL_Driver/Src/stm32f1xx_hal_cortex.c" -mcpu=cortex-m3 -std=gnu11 -g3 -DDEBUG -DUSE_HAL_DRIVER -DSTM32F103xB -c -I../Core/Inc -I../Drivers/STM32F1xx_HAL_Driver/Inc/Legacy -I../Drivers/STM32F1xx_HAL_Driver/Inc -I../Drivers/CMSIS/Device/ST/STM32F1xx/Include -I../Drivers/CMSIS/Include -O0 -ffunction-sections -fdata-sections -Wall -fstack-usage -fcyclomatic-complexity -MMD -MP -MF"Drivers/STM32F1xx_HAL_Driver/Src/stm32f1xx_hal_cortex.d" -MT"Drivers/STM32F1xx_HAL_Driver/Src/stm32f1xx_hal_cortex.o" --specs=nano.specs -mfloat-abi=soft -mthumb -o "Drivers/STM32F1xx_HAL_Driver/Src/stm32f1xx_hal_cortex.o"
arm-none-eabi-gcc "../Drivers/STM32F1xx_HAL_Driver/Src/stm32f1xx_hal_dma.c" -mcpu=cortex-m3 -std=gnu11 -g3 -DDEBUG -DUSE_HAL_DRIVER -DSTM32F103xB -c -I../Core/Inc -I../Drivers/STM32F1xx_HAL_Driver/Inc/Legacy -I../Drivers/STM32F1xx_HAL_Driver/Inc -I../Drivers/CMSIS/Device/ST/STM32F1xx/Include -I../Drivers/CMSIS/Include -O0 -ffunction-sections -fdata-sections -Wall -fstack-usage -fcyclomatic-complexity -MMD -MP -MF"Drivers/STM32F1xx_HAL_Driver/Src/stm32f1xx_hal_dma.d" -MT"Drivers/STM32F1xx_HAL_Driver/Src/stm32f1xx_hal_dma.o" --specs=nano.specs -mfloat-abi=soft -mthumb -o "Drivers/STM32F1xx_HAL_Driver/Src/stm32f1xx_hal_dma.o"
arm-none-eabi-gcc "../Drivers/STM32F1xx_HAL_Driver/Src/stm32f1xx_hal_exti.c" -mcpu=cortex-m3 -std=gnu11 -g3 -DDEBUG -DUSE_HAL_DRIVER -DSTM32F103xB -c -I../Core/Inc -I../Drivers/STM32F1xx_HAL_Driver/Inc/Legacy -I../Drivers/STM32F1xx_HAL_Driver/Inc -I../Drivers/CMSIS/Device/ST/STM32F1xx/Include -I../Drivers/CMSIS/Include -O0 -ffunction-sections -fdata-sections -Wall -fstack-usage -fcyclomatic-complexity -MMD -MP -MF"Drivers/STM32F1xx_HAL_Driver/Src/stm32f1xx_hal_exti.d" -MT"Drivers/STM32F1xx_HAL_Driver/Src/stm32f1xx_hal_exti.o" --specs=nano.specs -mfloat-abi=soft -mthumb -o "Drivers/STM32F1xx_HAL_Driver/Src/stm32f1xx_hal_exti.o"
arm-none-eabi-gcc "../Drivers/STM32F1xx_HAL_Driver/Src/stm32f1xx_hal_flash.c" -mcpu=cortex-m3 -std=gnu11 -g3 -DDEBUG -DUSE_HAL_DRIVER -DSTM32F103xB -c -I../Core/Inc -I../Drivers/STM32F1xx_HAL_Driver/Inc/Legacy -I../Drivers/STM32F1xx_HAL_Driver/Inc -I../Drivers/CMSIS/Device/ST/STM32F1xx/Include -I../Drivers/CMSIS/Include -O0 -ffunction-sections -fdata-sections -Wall -fstack-usage -fcyclomatic-complexity -MMD -MP -MF"Drivers/STM32F1xx_HAL_Driver/Src/stm32f1xx_hal_flash.d" -MT"Drivers/STM32F1xx_HAL_Driver/Src/stm32f1xx_hal_flash.o" --specs=nano.specs -mfloat-abi=soft -mthumb -o "Drivers/STM32F1xx_HAL_Driver/Src/stm32f1xx_hal_flash.o"
arm-none-eabi-gcc "../Drivers/STM32F1xx_HAL_Driver/Src/stm32f1xx_hal_flash_ex.c" -mcpu=cortex-m3 -std=gnu11 -g3 -DDEBUG -DUSE_HAL_DRIVER -DSTM32F103xB -c -I../Core/Inc -I../Drivers/STM32F1xx_HAL_Driver/Inc/Legacy -I../Drivers/STM32F1xx_HAL_Driver/Inc -I../Drivers/CMSIS/Device/ST/STM32F1xx/Include -I../Drivers/CMSIS/Include -O0 -ffunction-sections -fdata-sections -Wall -fstack-usage -fcyclomatic-complexity -MMD -MP -MF"Drivers/STM32F1xx_HAL_Driver/Src/stm32f1xx_hal_flash_ex.d" -MT"Drivers/STM32F1xx_HAL_Driver/Src/stm32f1xx_hal_flash_ex.o" --specs=nano.specs -mfloat-abi=soft -mthumb -o "Drivers/STM32F1xx_HAL_Driver/Src/stm32f1xx_hal_flash_ex.o"
arm-none-eabi-gcc "../Drivers/STM32F1xx_HAL_Driver/Src/stm32f1xx_hal_gpio.c" -mcpu=cortex-m3 -std=gnu11 -g3 -DDEBUG -DUSE_HAL_DRIVER -DSTM32F103xB -c -I../Core/Inc -I../Drivers/STM32F1xx_HAL_Driver/Inc/Legacy -I../Drivers/STM32F1xx_HAL_Driver/Inc -I../Drivers/CMSIS/Device/ST/STM32F1xx/Include -I../Drivers/CMSIS/Include -O0 -ffunction-sections -fdata-sections -Wall -fstack-usage -fcyclomatic-complexity -MMD -MP -MF"Drivers/STM32F1xx_HAL_Driver/Src/stm32f1xx_hal_gpio.d" -MT"Drivers/STM32F1xx_HAL_Driver/Src/stm32f1xx_hal_gpio.o" --specs=nano.specs -mfloat-abi=soft -mthumb -o "Drivers/STM32F1xx_HAL_Driver/Src/stm32f1xx_hal_gpio.o"
arm-none-eabi-gcc "../Drivers/STM32F1xx_HAL_Driver/Src/stm32f1xx_hal_gpio_ex.c" -mcpu=cortex-m3 -std=gnu11 -g3 -DDEBUG -DUSE_HAL_DRIVER -DSTM32F103xB -c -I../Core/Inc -I../Drivers/STM32F1xx_HAL_Driver/Inc/Legacy -I../Drivers/STM32F1xx_HAL_Driver/Inc -I../Drivers/CMSIS/Device/ST/STM32F1xx/Include -I../Drivers/CMSIS/Include -O0 -ffunction-sections -fdata-sections -Wall -fstack-usage -fcyclomatic-complexity -MMD -MP -MF"Drivers/STM32F1xx_HAL_Driver/Src/stm32f1xx_hal_gpio_ex.d" -MT"Drivers/STM32F1xx_HAL_Driver/Src/stm32f1xx_hal_gpio_ex.o" --specs=nano.specs -mfloat-abi=soft -mthumb -o "Drivers/STM32F1xx_HAL_Driver/Src/stm32f1xx_hal_gpio_ex.o"
arm-none-eabi-gcc "../Drivers/STM32F1xx_HAL_Driver/Src/stm32f1xx_hal_pwr.c" -mcpu=cortex-m3 -std=gnu11 -g3 -DDEBUG -DUSE_HAL_DRIVER -DSTM32F103xB -c -I../Core/Inc -I../Drivers/STM32F1xx_HAL_Driver/Inc/Legacy -I../Drivers/STM32F1xx_HAL_Driver/Inc -I../Drivers/CMSIS/Device/ST/STM32F1xx/Include -I../Drivers/CMSIS/Include -O0 -ffunction-sections -fdata-sections -Wall -fstack-usage -fcyclomatic-complexity -MMD -MP -MF"Drivers/STM32F1xx_HAL_Driver/Src/stm32f1xx_hal_pwr.d" -MT"Drivers/STM32F1xx_HAL_Driver/Src/stm32f1xx_hal_pwr.o" --specs=nano.specs -mfloat-abi=soft -mthumb -o "Drivers/STM32F1xx_HAL_Driver/Src/stm32f1xx_hal_pwr.o"
arm-none-eabi-gcc "../Drivers/STM32F1xx_HAL_Driver/Src/stm32f1xx_hal_rcc.c" -mcpu=cortex-m3 -std=gnu11 -g3 -DDEBUG -DUSE_HAL_DRIVER -DSTM32F103xB -c -I../Core/Inc -I../Drivers/STM32F1xx_HAL_Driver/Inc/Legacy -I../Drivers/STM32F1xx_HAL_Driver/Inc -I../Drivers/CMSIS/Device/ST/STM32F1xx/Include -I../Drivers/CMSIS/Include -O0 -ffunction-sections -fdata-sections -Wall -fstack-usage -fcyclomatic-complexity -MMD -MP -MF"Drivers/STM32F1xx_HAL_Driver/Src/stm32f1xx_hal_rcc.d" -MT"Drivers/STM32F1xx_HAL_Driver/Src/stm32f1xx_hal_rcc.o" --specs=nano.specs -mfloat-abi=soft -mthumb -o "Drivers/STM32F1xx_HAL_Driver/Src/stm32f1xx_hal_rcc.o"
arm-none-eabi-gcc "../Drivers/STM32F1xx_HAL_Driver/Src/stm32f1xx_hal_rcc_ex.c" -mcpu=cortex-m3 -std=gnu11 -g3 -DDEBUG -DUSE_HAL_DRIVER -DSTM32F103xB -c -I../Core/Inc -I../Drivers/STM32F1xx_HAL_Driver/Inc/Legacy -I../Drivers/STM32F1xx_HAL_Driver/Inc -I../Drivers/CMSIS/Device/ST/STM32F1xx/Include -I../Drivers/CMSIS/Include -O0 -ffunction-sections -fdata-sections -Wall -fstack-usage -fcyclomatic-complexity -MMD -MP -MF"Drivers/STM32F1xx_HAL_Driver/Src/stm32f1xx_hal_rcc_ex.d" -MT"Drivers/STM32F1xx_HAL_Driver/Src/stm32f1xx_hal_rcc_ex.o" --specs=nano.specs -mfloat-abi=soft -mthumb -o "Drivers/STM32F1xx_HAL_Driver/Src/stm32f1xx_hal_rcc_ex.o"
arm-none-eabi-gcc -mcpu=cortex-m3 -g3 -DDEBUG -c -x assembler-with-cpp -MMD -MP -MF"Core/Startup/startup_stm32f103c8tx.d" -MT"Core/Startup/startup_stm32f103c8tx.o" --specs=nano.specs -mfloat-abi=soft -mthumb -o "Core/Startup/startup_stm32f103c8tx.o" "../Core/Startup/startup_stm32f103c8tx.s"
arm-none-eabi-gcc "../Core/Src/main.c" -mcpu=cortex-m3 -std=gnu11 -g3 -DDEBUG -DUSE_HAL_DRIVER -DSTM32F103xB -c -I../Core/Inc -I../Drivers/STM32F1xx_HAL_Driver/Inc/Legacy -I../Drivers/STM32F1xx_HAL_Driver/Inc -I../Drivers/CMSIS/Device/ST/STM32F1xx/Include -I../Drivers/CMSIS/Include -O0 -ffunction-sections -fdata-sections -Wall -fstack-usage -fcyclomatic-complexity -MMD -MP -MF"Core/Src/main.d" -MT"Core/Src/main.o" --specs=nano.specs -mfloat-abi=soft -mthumb -o "Core/Src/main.o"
arm-none-eabi-gcc "../Core/Src/stm32f1xx_hal_msp.c" -mcpu=cortex-m3 -std=gnu11 -g3 -DDEBUG -DUSE_HAL_DRIVER -DSTM32F103xB -c -I../Core/Inc -I../Drivers/STM32F1xx_HAL_Driver/Inc/Legacy -I../Drivers/STM32F1xx_HAL_Driver/Inc -I../Drivers/CMSIS/Device/ST/STM32F1xx/Include -I../Drivers/CMSIS/Include -O0 -ffunction-sections -fdata-sections -Wall -fstack-usage -fcyclomatic-complexity -MMD -MP -MF"Core/Src/stm32f1xx_hal_msp.d" -MT"Core/Src/stm32f1xx_hal_msp.o" --specs=nano.specs -mfloat-abi=soft -mthumb -o "Core/Src/stm32f1xx_hal_msp.o"
arm-none-eabi-gcc "../Core/Src/stm32f1xx_it.c" -mcpu=cortex-m3 -std=gnu11 -g3 -DDEBUG -DUSE_HAL_DRIVER -DSTM32F103xB -c -I../Core/Inc -I../Drivers/STM32F1xx_HAL_Driver/Inc/Legacy -I../Drivers/STM32F1xx_HAL_Driver/Inc -I../Drivers/CMSIS/Device/ST/STM32F1xx/Include -I../Drivers/CMSIS/Include -O0 -ffunction-sections -fdata-sections -Wall -fstack-usage -fcyclomatic-complexity -MMD -MP -MF"Core/Src/stm32f1xx_it.d" -MT"Core/Src/stm32f1xx_it.o" --specs=nano.specs -mfloat-abi=soft -mthumb -o "Core/Src/stm32f1xx_it.o"
arm-none-eabi-gcc "../Core/Src/syscalls.c" -mcpu=cortex-m3 -std=gnu11 -g3 -DDEBUG -DUSE_HAL_DRIVER -DSTM32F103xB -c -I../Core/Inc -I../Drivers/STM32F1xx_HAL_Driver/Inc/Legacy -I../Drivers/STM32F1xx_HAL_Driver/Inc -I../Drivers/CMSIS/Device/ST/STM32F1xx/Include -I../Drivers/CMSIS/Include -O0 -ffunction-sections -fdata-sections -Wall -fstack-usage -fcyclomatic-complexity -MMD -MP -MF"Core/Src/syscalls.d" -MT"Core/Src/syscalls.o" --specs=nano.specs -mfloat-abi=soft -mthumb -o "Core/Src/syscalls.o"
arm-none-eabi-gcc "../Core/Src/sysmem.c" -mcpu=cortex-m3 -std=gnu11 -g3 -DDEBUG -DUSE_HAL_DRIVER -DSTM32F103xB -c -I../Core/Inc -I../Drivers/STM32F1xx_HAL_Driver/Inc/Legacy -I../Drivers/STM32F1xx_HAL_Driver/Inc -I../Drivers/CMSIS/Device/ST/STM32F1xx/Include -I../Drivers/CMSIS/Include -O0 -ffunction-sections -fdata-sections -Wall -fstack-usage -fcyclomatic-complexity -MMD -MP -MF"Core/Src/sysmem.d" -MT"Core/Src/sysmem.o" --specs=nano.specs -mfloat-abi=soft -mthumb -o "Core/Src/sysmem.o"
arm-none-eabi-gcc "../Core/Src/system_stm32f1xx.c" -mcpu=cortex-m3 -std=gnu11 -g3 -DDEBUG -DUSE_HAL_DRIVER -DSTM32F103xB -c -I../Core/Inc -I../Drivers/STM32F1xx_HAL_Driver/Inc/Legacy -I../Drivers/STM32F1xx_HAL_Driver/Inc -I../Drivers/CMSIS/Device/ST/STM32F1xx/Include -I../Drivers/CMSIS/Include -O0 -ffunction-sections -fdata-sections -Wall -fstack-usage -fcyclomatic-complexity -MMD -MP -MF"Core/Src/system_stm32f1xx.d" -MT"Core/Src/system_stm32f1xx.o" --specs=nano.specs -mfloat-abi=soft -mthumb -o "Core/Src/system_stm32f1xx.o"
arm-none-eabi-gcc -o "pass_unlock.elf" @"objects.list"   -mcpu=cortex-m3 -T"D:\PJ\UNIPRO\CSE331\ide\pass_unlock\STM32F103C8TX_FLASH.ld" --specs=nosys.specs -Wl,-Map="pass_unlock.map" -Wl,--gc-sections -static --specs=nano.specs -mfloat-abi=soft -mthumb -Wl,--start-group -lc -lm -Wl,--end-group
Finished building target: pass_unlock.elf
 
arm-none-eabi-size  pass_unlock.elf 
arm-none-eabi-objdump -h -S pass_unlock.elf  > "pass_unlock.list"
arm-none-eabi-objcopy  -O ihex pass_unlock.elf  "pass_unlock.hex"
   text	   data	    bss	    dec	    hex	filename
   4548	     12	   1572	   6132	   17f4	pass_unlock.elf
Finished building: default.size.stdout
 
Finished building: pass_unlock.hex
 
Finished building: pass_unlock.list
 
23:45:51 **** Incremental Build of configuration Debug for project pass_unlock ****
make -j8 all 
arm-none-eabi-gcc "../Drivers/STM32F1xx_HAL_Driver/Src/stm32f1xx_hal.c" -mcpu=cortex-m3 -std=gnu11 -g3 -DDEBUG -DUSE_HAL_DRIVER -DSTM32F103xB -c -I../Core/Inc -I../Drivers/STM32F1xx_HAL_Driver/Inc/Legacy -I../Drivers/STM32F1xx_HAL_Driver/Inc -I../Drivers/CMSIS/Device/ST/STM32F1xx/Include -I../Drivers/CMSIS/Include -O0 -ffunction-sections -fdata-sections -Wall -fstack-usage -fcyclomatic-complexity -MMD -MP -MF"Drivers/STM32F1xx_HAL_Driver/Src/stm32f1xx_hal.d" -MT"Drivers/STM32F1xx_HAL_Driver/Src/stm32f1xx_hal.o" --specs=nano.specs -mfloat-abi=soft -mthumb -o "Drivers/STM32F1xx_HAL_Driver/Src/stm32f1xx_hal.o"
arm-none-eabi-gcc "../Drivers/STM32F1xx_HAL_Driver/Src/stm32f1xx_hal_cortex.c" -mcpu=cortex-m3 -std=gnu11 -g3 -DDEBUG -DUSE_HAL_DRIVER -DSTM32F103xB -c -I../Core/Inc -I../Drivers/STM32F1xx_HAL_Driver/Inc/Legacy -I../Drivers/STM32F1xx_HAL_Driver/Inc -I../Drivers/CMSIS/Device/ST/STM32F1xx/Include -I../Drivers/CMSIS/Include -O0 -ffunction-sections -fdata-sections -Wall -fstack-usage -fcyclomatic-complexity -MMD -MP -MF"Drivers/STM32F1xx_HAL_Driver/Src/stm32f1xx_hal_cortex.d" -MT"Drivers/STM32F1xx_HAL_Driver/Src/stm32f1xx_hal_cortex.o" --specs=nano.specs -mfloat-abi=soft -mthumb -o "Drivers/STM32F1xx_HAL_Driver/Src/stm32f1xx_hal_cortex.o"
arm-none-eabi-gcc "../Drivers/STM32F1xx_HAL_Driver/Src/stm32f1xx_hal_dma.c" -mcpu=cortex-m3 -std=gnu11 -g3 -DDEBUG -DUSE_HAL_DRIVER -DSTM32F103xB -c -I../Core/Inc -I../Drivers/STM32F1xx_HAL_Driver/Inc/Legacy -I../Drivers/STM32F1xx_HAL_Driver/Inc -I../Drivers/CMSIS/Device/ST/STM32F1xx/Include -I../Drivers/CMSIS/Include -O0 -ffunction-sections -fdata-sections -Wall -fstack-usage -fcyclomatic-complexity -MMD -MP -MF"Drivers/STM32F1xx_HAL_Driver/Src/stm32f1xx_hal_dma.d" -MT"Drivers/STM32F1xx_HAL_Driver/Src/stm32f1xx_hal_dma.o" --specs=nano.specs -mfloat-abi=soft -mthumb -o "Drivers/STM32F1xx_HAL_Driver/Src/stm32f1xx_hal_dma.o"
arm-none-eabi-gcc "../Drivers/STM32F1xx_HAL_Driver/Src/stm32f1xx_hal_exti.c" -mcpu=cortex-m3 -std=gnu11 -g3 -DDEBUG -DUSE_HAL_DRIVER -DSTM32F103xB -c -I../Core/Inc -I../Drivers/STM32F1xx_HAL_Driver/Inc/Legacy -I../Drivers/STM32F1xx_HAL_Driver/Inc -I../Drivers/CMSIS/Device/ST/STM32F1xx/Include -I../Drivers/CMSIS/Include -O0 -ffunction-sections -fdata-sections -Wall -fstack-usage -fcyclomatic-complexity -MMD -MP -MF"Drivers/STM32F1xx_HAL_Driver/Src/stm32f1xx_hal_exti.d" -MT"Drivers/STM32F1xx_HAL_Driver/Src/stm32f1xx_hal_exti.o" --specs=nano.specs -mfloat-abi=soft -mthumb -o "Drivers/STM32F1xx_HAL_Driver/Src/stm32f1xx_hal_exti.o"
arm-none-eabi-gcc "../Drivers/STM32F1xx_HAL_Driver/Src/stm32f1xx_hal_flash.c" -mcpu=cortex-m3 -std=gnu11 -g3 -DDEBUG -DUSE_HAL_DRIVER -DSTM32F103xB -c -I../Core/Inc -I../Drivers/STM32F1xx_HAL_Driver/Inc/Legacy -I../Drivers/STM32F1xx_HAL_Driver/Inc -I../Drivers/CMSIS/Device/ST/STM32F1xx/Include -I../Drivers/CMSIS/Include -O0 -ffunction-sections -fdata-sections -Wall -fstack-usage -fcyclomatic-complexity -MMD -MP -MF"Drivers/STM32F1xx_HAL_Driver/Src/stm32f1xx_hal_flash.d" -MT"Drivers/STM32F1xx_HAL_Driver/Src/stm32f1xx_hal_flash.o" --specs=nano.specs -mfloat-abi=soft -mthumb -o "Drivers/STM32F1xx_HAL_Driver/Src/stm32f1xx_hal_flash.o"
arm-none-eabi-gcc "../Drivers/STM32F1xx_HAL_Driver/Src/stm32f1xx_hal_flash_ex.c" -mcpu=cortex-m3 -std=gnu11 -g3 -DDEBUG -DUSE_HAL_DRIVER -DSTM32F103xB -c -I../Core/Inc -I../Drivers/STM32F1xx_HAL_Driver/Inc/Legacy -I../Drivers/STM32F1xx_HAL_Driver/Inc -I../Drivers/CMSIS/Device/ST/STM32F1xx/Include -I../Drivers/CMSIS/Include -O0 -ffunction-sections -fdata-sections -Wall -fstack-usage -fcyclomatic-complexity -MMD -MP -MF"Drivers/STM32F1xx_HAL_Driver/Src/stm32f1xx_hal_flash_ex.d" -MT"Drivers/STM32F1xx_HAL_Driver/Src/stm32f1xx_hal_flash_ex.o" --specs=nano.specs -mfloat-abi=soft -mthumb -o "Drivers/STM32F1xx_HAL_Driver/Src/stm32f1xx_hal_flash_ex.o"
arm-none-eabi-gcc "../Drivers/STM32F1xx_HAL_Driver/Src/stm32f1xx_hal_gpio.c" -mcpu=cortex-m3 -std=gnu11 -g3 -DDEBUG -DUSE_HAL_DRIVER -DSTM32F103xB -c -I../Core/Inc -I../Drivers/STM32F1xx_HAL_Driver/Inc/Legacy -I../Drivers/STM32F1xx_HAL_Driver/Inc -I../Drivers/CMSIS/Device/ST/STM32F1xx/Include -I../Drivers/CMSIS/Include -O0 -ffunction-sections -fdata-sections -Wall -fstack-usage -fcyclomatic-complexity -MMD -MP -MF"Drivers/STM32F1xx_HAL_Driver/Src/stm32f1xx_hal_gpio.d" -MT"Drivers/STM32F1xx_HAL_Driver/Src/stm32f1xx_hal_gpio.o" --specs=nano.specs -mfloat-abi=soft -mthumb -o "Drivers/STM32F1xx_HAL_Driver/Src/stm32f1xx_hal_gpio.o"
arm-none-eabi-gcc "../Drivers/STM32F1xx_HAL_Driver/Src/stm32f1xx_hal_gpio_ex.c" -mcpu=cortex-m3 -std=gnu11 -g3 -DDEBUG -DUSE_HAL_DRIVER -DSTM32F103xB -c -I../Core/Inc -I../Drivers/STM32F1xx_HAL_Driver/Inc/Legacy -I../Drivers/STM32F1xx_HAL_Driver/Inc -I../Drivers/CMSIS/Device/ST/STM32F1xx/Include -I../Drivers/CMSIS/Include -O0 -ffunction-sections -fdata-sections -Wall -fstack-usage -fcyclomatic-complexity -MMD -MP -MF"Drivers/STM32F1xx_HAL_Driver/Src/stm32f1xx_hal_gpio_ex.d" -MT"Drivers/STM32F1xx_HAL_Driver/Src/stm32f1xx_hal_gpio_ex.o" --specs=nano.specs -mfloat-abi=soft -mthumb -o "Drivers/STM32F1xx_HAL_Driver/Src/stm32f1xx_hal_gpio_ex.o"
arm-none-eabi-gcc "../Drivers/STM32F1xx_HAL_Driver/Src/stm32f1xx_hal_i2c.c" -mcpu=cortex-m3 -std=gnu11 -g3 -DDEBUG -DUSE_HAL_DRIVER -DSTM32F103xB -c -I../Core/Inc -I../Drivers/STM32F1xx_HAL_Driver/Inc/Legacy -I../Drivers/STM32F1xx_HAL_Driver/Inc -I../Drivers/CMSIS/Device/ST/STM32F1xx/Include -I../Drivers/CMSIS/Include -O0 -ffunction-sections -fdata-sections -Wall -fstack-usage -fcyclomatic-complexity -MMD -MP -MF"Drivers/STM32F1xx_HAL_Driver/Src/stm32f1xx_hal_i2c.d" -MT"Drivers/STM32F1xx_HAL_Driver/Src/stm32f1xx_hal_i2c.o" --specs=nano.specs -mfloat-abi=soft -mthumb -o "Drivers/STM32F1xx_HAL_Driver/Src/stm32f1xx_hal_i2c.o"
arm-none-eabi-gcc "../Drivers/STM32F1xx_HAL_Driver/Src/stm32f1xx_hal_pwr.c" -mcpu=cortex-m3 -std=gnu11 -g3 -DDEBUG -DUSE_HAL_DRIVER -DSTM32F103xB -c -I../Core/Inc -I../Drivers/STM32F1xx_HAL_Driver/Inc/Legacy -I../Drivers/STM32F1xx_HAL_Driver/Inc -I../Drivers/CMSIS/Device/ST/STM32F1xx/Include -I../Drivers/CMSIS/Include -O0 -ffunction-sections -fdata-sections -Wall -fstack-usage -fcyclomatic-complexity -MMD -MP -MF"Drivers/STM32F1xx_HAL_Driver/Src/stm32f1xx_hal_pwr.d" -MT"Drivers/STM32F1xx_HAL_Driver/Src/stm32f1xx_hal_pwr.o" --specs=nano.specs -mfloat-abi=soft -mthumb -o "Drivers/STM32F1xx_HAL_Driver/Src/stm32f1xx_hal_pwr.o"
arm-none-eabi-gcc "../Drivers/STM32F1xx_HAL_Driver/Src/stm32f1xx_hal_rcc.c" -mcpu=cortex-m3 -std=gnu11 -g3 -DDEBUG -DUSE_HAL_DRIVER -DSTM32F103xB -c -I../Core/Inc -I../Drivers/STM32F1xx_HAL_Driver/Inc/Legacy -I../Drivers/STM32F1xx_HAL_Driver/Inc -I../Drivers/CMSIS/Device/ST/STM32F1xx/Include -I../Drivers/CMSIS/Include -O0 -ffunction-sections -fdata-sections -Wall -fstack-usage -fcyclomatic-complexity -MMD -MP -MF"Drivers/STM32F1xx_HAL_Driver/Src/stm32f1xx_hal_rcc.d" -MT"Drivers/STM32F1xx_HAL_Driver/Src/stm32f1xx_hal_rcc.o" --specs=nano.specs -mfloat-abi=soft -mthumb -o "Drivers/STM32F1xx_HAL_Driver/Src/stm32f1xx_hal_rcc.o"
arm-none-eabi-gcc "../Drivers/STM32F1xx_HAL_Driver/Src/stm32f1xx_hal_rcc_ex.c" -mcpu=cortex-m3 -std=gnu11 -g3 -DDEBUG -DUSE_HAL_DRIVER -DSTM32F103xB -c -I../Core/Inc -I../Drivers/STM32F1xx_HAL_Driver/Inc/Legacy -I../Drivers/STM32F1xx_HAL_Driver/Inc -I../Drivers/CMSIS/Device/ST/STM32F1xx/Include -I../Drivers/CMSIS/Include -O0 -ffunction-sections -fdata-sections -Wall -fstack-usage -fcyclomatic-complexity -MMD -MP -MF"Drivers/STM32F1xx_HAL_Driver/Src/stm32f1xx_hal_rcc_ex.d" -MT"Drivers/STM32F1xx_HAL_Driver/Src/stm32f1xx_hal_rcc_ex.o" --specs=nano.specs -mfloat-abi=soft -mthumb -o "Drivers/STM32F1xx_HAL_Driver/Src/stm32f1xx_hal_rcc_ex.o"
arm-none-eabi-gcc "../Drivers/STM32F1xx_HAL_Driver/Src/stm32f1xx_hal_tim.c" -mcpu=cortex-m3 -std=gnu11 -g3 -DDEBUG -DUSE_HAL_DRIVER -DSTM32F103xB -c -I../Core/Inc -I../Drivers/STM32F1xx_HAL_Driver/Inc/Legacy -I../Drivers/STM32F1xx_HAL_Driver/Inc -I../Drivers/CMSIS/Device/ST/STM32F1xx/Include -I../Drivers/CMSIS/Include -O0 -ffunction-sections -fdata-sections -Wall -fstack-usage -fcyclomatic-complexity -MMD -MP -MF"Drivers/STM32F1xx_HAL_Driver/Src/stm32f1xx_hal_tim.d" -MT"Drivers/STM32F1xx_HAL_Driver/Src/stm32f1xx_hal_tim.o" --specs=nano.specs -mfloat-abi=soft -mthumb -o "Drivers/STM32F1xx_HAL_Driver/Src/stm32f1xx_hal_tim.o"
arm-none-eabi-gcc "../Drivers/STM32F1xx_HAL_Driver/Src/stm32f1xx_hal_tim_ex.c" -mcpu=cortex-m3 -std=gnu11 -g3 -DDEBUG -DUSE_HAL_DRIVER -DSTM32F103xB -c -I../Core/Inc -I../Drivers/STM32F1xx_HAL_Driver/Inc/Legacy -I../Drivers/STM32F1xx_HAL_Driver/Inc -I../Drivers/CMSIS/Device/ST/STM32F1xx/Include -I../Drivers/CMSIS/Include -O0 -ffunction-sections -fdata-sections -Wall -fstack-usage -fcyclomatic-complexity -MMD -MP -MF"Drivers/STM32F1xx_HAL_Driver/Src/stm32f1xx_hal_tim_ex.d" -MT"Drivers/STM32F1xx_HAL_Driver/Src/stm32f1xx_hal_tim_ex.o" --specs=nano.specs -mfloat-abi=soft -mthumb -o "Drivers/STM32F1xx_HAL_Driver/Src/stm32f1xx_hal_tim_ex.o"
arm-none-eabi-gcc "../Core/Src/lcd_ic2.c" -mcpu=cortex-m3 -std=gnu11 -g3 -DDEBUG -DUSE_HAL_DRIVER -DSTM32F103xB -c -I../Core/Inc -I../Drivers/STM32F1xx_HAL_Driver/Inc/Legacy -I../Drivers/STM32F1xx_HAL_Driver/Inc -I../Drivers/CMSIS/Device/ST/STM32F1xx/Include -I../Drivers/CMSIS/Include -O0 -ffunction-sections -fdata-sections -Wall -fstack-usage -fcyclomatic-complexity -MMD -MP -MF"Core/Src/lcd_ic2.d" -MT"Core/Src/lcd_ic2.o" --specs=nano.specs -mfloat-abi=soft -mthumb -o "Core/Src/lcd_ic2.o"
arm-none-eabi-gcc "../Core/Src/main.c" -mcpu=cortex-m3 -std=gnu11 -g3 -DDEBUG -DUSE_HAL_DRIVER -DSTM32F103xB -c -I../Core/Inc -I../Drivers/STM32F1xx_HAL_Driver/Inc/Legacy -I../Drivers/STM32F1xx_HAL_Driver/Inc -I../Drivers/CMSIS/Device/ST/STM32F1xx/Include -I../Drivers/CMSIS/Include -O0 -ffunction-sections -fdata-sections -Wall -fstack-usage -fcyclomatic-complexity -MMD -MP -MF"Core/Src/main.d" -MT"Core/Src/main.o" --specs=nano.specs -mfloat-abi=soft -mthumb -o "Core/Src/main.o"
../Core/Src/lcd_ic2.c:8:8: error: unknown type name 'I2C_HandleTypeDef'
    8 | extern I2C_HandleTypeDef hi2c1;
      |        ^~~~~~~~~~~~~~~~~
../Core/Src/lcd_ic2.c: In function 'lcd_send_cmd':
../Core/Src/lcd_ic2.c:15:5: error: unknown type name 'uint8_t'
   15 |     uint8_t data_t[4];
      |     ^~~~~~~
../Core/Src/lcd_ic2.c:1:1: note: 'uint8_t' is defined in header '<stdint.h>'; did you forget to '#include <stdint.h>'?
  +++ |+#include <stdint.h>
    1 | /*
../Core/Src/lcd_ic2.c:22:5: warning: implicit declaration of function 'HAL_I2C_Master_Transmit' [-Wimplicit-function-declaration]
   22 |     HAL_I2C_Master_Transmit(&hi2c1, SLAVE_ADDRESS_LCD, data_t, 4, 100);
      |     ^~~~~~~~~~~~~~~~~~~~~~~
../Core/Src/lcd_ic2.c: In function 'lcd_send_data':
../Core/Src/lcd_ic2.c:28:5: error: unknown type name 'uint8_t'
   28 |     uint8_t data_t[4];
      |     ^~~~~~~
../Core/Src/lcd_ic2.c:28:5: note: 'uint8_t' is defined in header '<stdint.h>'; did you forget to '#include <stdint.h>'?
../Core/Src/lcd_ic2.c: In function 'lcd_clear':
../Core/Src/lcd_ic2.c:41:5: warning: implicit declaration of function 'HAL_Delay' [-Wimplicit-function-declaration]
   41 |     HAL_Delay(2);
      |     ^~~~~~~~~
../Core/Src/main.c: In function 'main':
../Core/Src/main.c:108:21: warning: implicit declaration of function 'strcmp' [-Wimplicit-function-declaration]
  108 |                 if (strcmp(enteredPassword, correctPassword) == 0) {
      |                     ^~~~~~
../Core/Src/main.c:3:1: note: include '<string.h>' or provide a declaration of 'strcmp'
    2 | #include "lcd_ic2.c"
  +++ |+#include <string.h>
    3 | 
../Core/Src/main.c:127:17: warning: implicit declaration of function 'memset' [-Wimplicit-function-declaration]
  127 |                 memset(enteredPassword, 0, sizeof(enteredPassword));
      |                 ^~~~~~
../Core/Src/main.c:127:17: note: include '<string.h>' or provide a declaration of 'memset'
../Core/Src/main.c:127:17: warning: incompatible implicit declaration of built-in function 'memset' [-Wbuiltin-declaration-mismatch]
../Core/Src/main.c:127:17: note: include '<string.h>' or provide a declaration of 'memset'
make: *** [Core/Src/subdir.mk:37: Core/Src/lcd_ic2.o] Error 1
make: *** Waiting for unfinished jobs....
"make -j8 all" terminated with exit code 2. Build might be incomplete.
23:46:13 **** Incremental Build of configuration Debug for project pass_unlock ****
make -j8 all 
arm-none-eabi-gcc "../Core/Src/lcd_ic2.c" -mcpu=cortex-m3 -std=gnu11 -g3 -DDEBUG -DUSE_HAL_DRIVER -DSTM32F103xB -c -I../Core/Inc -I../Drivers/STM32F1xx_HAL_Driver/Inc/Legacy -I../Drivers/STM32F1xx_HAL_Driver/Inc -I../Drivers/CMSIS/Device/ST/STM32F1xx/Include -I../Drivers/CMSIS/Include -O0 -ffunction-sections -fdata-sections -Wall -fstack-usage -fcyclomatic-complexity -MMD -MP -MF"Core/Src/lcd_ic2.d" -MT"Core/Src/lcd_ic2.o" --specs=nano.specs -mfloat-abi=soft -mthumb -o "Core/Src/lcd_ic2.o"
arm-none-eabi-gcc "../Core/Src/stm32f1xx_hal_msp.c" -mcpu=cortex-m3 -std=gnu11 -g3 -DDEBUG -DUSE_HAL_DRIVER -DSTM32F103xB -c -I../Core/Inc -I../Drivers/STM32F1xx_HAL_Driver/Inc/Legacy -I../Drivers/STM32F1xx_HAL_Driver/Inc -I../Drivers/CMSIS/Device/ST/STM32F1xx/Include -I../Drivers/CMSIS/Include -O0 -ffunction-sections -fdata-sections -Wall -fstack-usage -fcyclomatic-complexity -MMD -MP -MF"Core/Src/stm32f1xx_hal_msp.d" -MT"Core/Src/stm32f1xx_hal_msp.o" --specs=nano.specs -mfloat-abi=soft -mthumb -o "Core/Src/stm32f1xx_hal_msp.o"
arm-none-eabi-gcc "../Core/Src/stm32f1xx_it.c" -mcpu=cortex-m3 -std=gnu11 -g3 -DDEBUG -DUSE_HAL_DRIVER -DSTM32F103xB -c -I../Core/Inc -I../Drivers/STM32F1xx_HAL_Driver/Inc/Legacy -I../Drivers/STM32F1xx_HAL_Driver/Inc -I../Drivers/CMSIS/Device/ST/STM32F1xx/Include -I../Drivers/CMSIS/Include -O0 -ffunction-sections -fdata-sections -Wall -fstack-usage -fcyclomatic-complexity -MMD -MP -MF"Core/Src/stm32f1xx_it.d" -MT"Core/Src/stm32f1xx_it.o" --specs=nano.specs -mfloat-abi=soft -mthumb -o "Core/Src/stm32f1xx_it.o"
arm-none-eabi-gcc "../Core/Src/syscalls.c" -mcpu=cortex-m3 -std=gnu11 -g3 -DDEBUG -DUSE_HAL_DRIVER -DSTM32F103xB -c -I../Core/Inc -I../Drivers/STM32F1xx_HAL_Driver/Inc/Legacy -I../Drivers/STM32F1xx_HAL_Driver/Inc -I../Drivers/CMSIS/Device/ST/STM32F1xx/Include -I../Drivers/CMSIS/Include -O0 -ffunction-sections -fdata-sections -Wall -fstack-usage -fcyclomatic-complexity -MMD -MP -MF"Core/Src/syscalls.d" -MT"Core/Src/syscalls.o" --specs=nano.specs -mfloat-abi=soft -mthumb -o "Core/Src/syscalls.o"
arm-none-eabi-gcc "../Core/Src/sysmem.c" -mcpu=cortex-m3 -std=gnu11 -g3 -DDEBUG -DUSE_HAL_DRIVER -DSTM32F103xB -c -I../Core/Inc -I../Drivers/STM32F1xx_HAL_Driver/Inc/Legacy -I../Drivers/STM32F1xx_HAL_Driver/Inc -I../Drivers/CMSIS/Device/ST/STM32F1xx/Include -I../Drivers/CMSIS/Include -O0 -ffunction-sections -fdata-sections -Wall -fstack-usage -fcyclomatic-complexity -MMD -MP -MF"Core/Src/sysmem.d" -MT"Core/Src/sysmem.o" --specs=nano.specs -mfloat-abi=soft -mthumb -o "Core/Src/sysmem.o"
arm-none-eabi-gcc "../Core/Src/system_stm32f1xx.c" -mcpu=cortex-m3 -std=gnu11 -g3 -DDEBUG -DUSE_HAL_DRIVER -DSTM32F103xB -c -I../Core/Inc -I../Drivers/STM32F1xx_HAL_Driver/Inc/Legacy -I../Drivers/STM32F1xx_HAL_Driver/Inc -I../Drivers/CMSIS/Device/ST/STM32F1xx/Include -I../Drivers/CMSIS/Include -O0 -ffunction-sections -fdata-sections -Wall -fstack-usage -fcyclomatic-complexity -MMD -MP -MF"Core/Src/system_stm32f1xx.d" -MT"Core/Src/system_stm32f1xx.o" --specs=nano.specs -mfloat-abi=soft -mthumb -o "Core/Src/system_stm32f1xx.o"
../Core/Src/lcd_ic2.c:8:8: error: unknown type name 'I2C_HandleTypeDef'
    8 | extern I2C_HandleTypeDef hi2c1;
      |        ^~~~~~~~~~~~~~~~~
../Core/Src/lcd_ic2.c: In function 'lcd_send_cmd':
../Core/Src/lcd_ic2.c:15:5: error: unknown type name 'uint8_t'
   15 |     uint8_t data_t[4];
      |     ^~~~~~~
../Core/Src/lcd_ic2.c:1:1: note: 'uint8_t' is defined in header '<stdint.h>'; did you forget to '#include <stdint.h>'?
  +++ |+#include <stdint.h>
    1 | /*
../Core/Src/lcd_ic2.c:22:5: warning: implicit declaration of function 'HAL_I2C_Master_Transmit' [-Wimplicit-function-declaration]
   22 |     HAL_I2C_Master_Transmit(&hi2c1, SLAVE_ADDRESS_LCD, data_t, 4, 100);
      |     ^~~~~~~~~~~~~~~~~~~~~~~
../Core/Src/lcd_ic2.c: In function 'lcd_send_data':
../Core/Src/lcd_ic2.c:28:5: error: unknown type name 'uint8_t'
   28 |     uint8_t data_t[4];
      |     ^~~~~~~
../Core/Src/lcd_ic2.c:28:5: note: 'uint8_t' is defined in header '<stdint.h>'; did you forget to '#include <stdint.h>'?
../Core/Src/lcd_ic2.c: In function 'lcd_clear':
../Core/Src/lcd_ic2.c:41:5: warning: implicit declaration of function 'HAL_Delay' [-Wimplicit-function-declaration]
   41 |     HAL_Delay(2);
      |     ^~~~~~~~~
make: *** [Core/Src/subdir.mk:37: Core/Src/lcd_ic2.o] Error 1
make: *** Waiting for unfinished jobs....
"make -j8 all" terminated with exit code 2. Build might be incomplete.
23:48:35 **** Incremental Build of configuration Debug for project pass_unlock ****
make -j8 all 
arm-none-eabi-gcc "../Core/Src/lcd_ic2.c" -mcpu=cortex-m3 -std=gnu11 -g3 -DDEBUG -DUSE_HAL_DRIVER -DSTM32F103xB -c -I../Core/Inc -I../Drivers/STM32F1xx_HAL_Driver/Inc/Legacy -I../Drivers/STM32F1xx_HAL_Driver/Inc -I../Drivers/CMSIS/Device/ST/STM32F1xx/Include -I../Drivers/CMSIS/Include -O0 -ffunction-sections -fdata-sections -Wall -fstack-usage -fcyclomatic-complexity -MMD -MP -MF"Core/Src/lcd_ic2.d" -MT"Core/Src/lcd_ic2.o" --specs=nano.specs -mfloat-abi=soft -mthumb -o "Core/Src/lcd_ic2.o"
arm-none-eabi-gcc "../Core/Src/main.c" -mcpu=cortex-m3 -std=gnu11 -g3 -DDEBUG -DUSE_HAL_DRIVER -DSTM32F103xB -c -I../Core/Inc -I../Drivers/STM32F1xx_HAL_Driver/Inc/Legacy -I../Drivers/STM32F1xx_HAL_Driver/Inc -I../Drivers/CMSIS/Device/ST/STM32F1xx/Include -I../Drivers/CMSIS/Include -O0 -ffunction-sections -fdata-sections -Wall -fstack-usage -fcyclomatic-complexity -MMD -MP -MF"Core/Src/main.d" -MT"Core/Src/main.o" --specs=nano.specs -mfloat-abi=soft -mthumb -o "Core/Src/main.o"
../Core/Src/main.c: In function 'main':
../Core/Src/main.c:108:21: warning: implicit declaration of function 'strcmp' [-Wimplicit-function-declaration]
  108 |                 if (strcmp(enteredPassword, correctPassword) == 0) {
      |                     ^~~~~~
../Core/Src/main.c:3:1: note: include '<string.h>' or provide a declaration of 'strcmp'
    2 | #include "lcd_ic2.c"
  +++ |+#include <string.h>
    3 | 
../Core/Src/main.c:127:17: warning: implicit declaration of function 'memset' [-Wimplicit-function-declaration]
  127 |                 memset(enteredPassword, 0, sizeof(enteredPassword));
      |                 ^~~~~~
../Core/Src/main.c:127:17: note: include '<string.h>' or provide a declaration of 'memset'
../Core/Src/main.c:127:17: warning: incompatible implicit declaration of built-in function 'memset' [-Wbuiltin-declaration-mismatch]
../Core/Src/main.c:127:17: note: include '<string.h>' or provide a declaration of 'memset'
arm-none-eabi-gcc -o "pass_unlock.elf" @"objects.list"   -mcpu=cortex-m3 -T"D:\PJ\UNIPRO\CSE331\ide\pass_unlock\STM32F103C8TX_FLASH.ld" --specs=nosys.specs -Wl,-Map="pass_unlock.map" -Wl,--gc-sections -static --specs=nano.specs -mfloat-abi=soft -mthumb -Wl,--start-group -lc -lm -Wl,--end-group
D:/SW/stm32/STM32CubeIDE_1.18.0/STM32CubeIDE/plugins/com.st.stm32cube.ide.mcu.externaltools.gnu-tools-for-stm32.13.3.rel1.win32_1.0.0.202411081344/tools/bin/../lib/gcc/arm-none-eabi/13.3.1/../../../../arm-none-eabi/bin/ld.exe: ./Core/Src/main.o: in function `lcd_send_cmd':
D:/PJ/UNIPRO/CSE331/ide/pass_unlock/Debug/../Core/Src/lcd_ic2.c:16: multiple definition of `lcd_send_cmd'; ./Core/Src/lcd_ic2.o:D:/PJ/UNIPRO/CSE331/ide/pass_unlock/Debug/../Core/Src/lcd_ic2.c:16: first defined here
D:/SW/stm32/STM32CubeIDE_1.18.0/STM32CubeIDE/plugins/com.st.stm32cube.ide.mcu.externaltools.gnu-tools-for-stm32.13.3.rel1.win32_1.0.0.202411081344/tools/bin/../lib/gcc/arm-none-eabi/13.3.1/../../../../arm-none-eabi/bin/ld.exe: ./Core/Src/main.o: in function `lcd_send_data':
D:/PJ/UNIPRO/CSE331/ide/pass_unlock/Debug/../Core/Src/lcd_ic2.c:29: multiple definition of `lcd_send_data'; ./Core/Src/lcd_ic2.o:D:/PJ/UNIPRO/CSE331/ide/pass_unlock/Debug/../Core/Src/lcd_ic2.c:29: first defined here
D:/SW/stm32/STM32CubeIDE_1.18.0/STM32CubeIDE/plugins/com.st.stm32cube.ide.mcu.externaltools.gnu-tools-for-stm32.13.3.rel1.win32_1.0.0.202411081344/tools/bin/../lib/gcc/arm-none-eabi/13.3.1/../../../../arm-none-eabi/bin/ld.exe: ./Core/Src/main.o: in function `lcd_clear':
D:/PJ/UNIPRO/CSE331/ide/pass_unlock/Debug/../Core/Src/lcd_ic2.c:42: multiple definition of `lcd_clear'; ./Core/Src/lcd_ic2.o:D:/PJ/UNIPRO/CSE331/ide/pass_unlock/Debug/../Core/Src/lcd_ic2.c:42: first defined here
D:/SW/stm32/STM32CubeIDE_1.18.0/STM32CubeIDE/plugins/com.st.stm32cube.ide.mcu.externaltools.gnu-tools-for-stm32.13.3.rel1.win32_1.0.0.202411081344/tools/bin/../lib/gcc/arm-none-eabi/13.3.1/../../../../arm-none-eabi/bin/ld.exe: ./Core/Src/main.o: in function `lcd_put_cur':
D:/PJ/UNIPRO/CSE331/ide/pass_unlock/Debug/../Core/Src/lcd_ic2.c:48: multiple definition of `lcd_put_cur'; ./Core/Src/lcd_ic2.o:D:/PJ/UNIPRO/CSE331/ide/pass_unlock/Debug/../Core/Src/lcd_ic2.c:48: first defined here
D:/SW/stm32/STM32CubeIDE_1.18.0/STM32CubeIDE/plugins/com.st.stm32cube.ide.mcu.externaltools.gnu-tools-for-stm32.13.3.rel1.win32_1.0.0.202411081344/tools/bin/../lib/gcc/arm-none-eabi/13.3.1/../../../../arm-none-eabi/bin/ld.exe: ./Core/Src/main.o: in function `lcd_init':
D:/PJ/UNIPRO/CSE331/ide/pass_unlock/Debug/../Core/Src/lcd_ic2.c:61: multiple definition of `lcd_init'; ./Core/Src/lcd_ic2.o:D:/PJ/UNIPRO/CSE331/ide/pass_unlock/Debug/../Core/Src/lcd_ic2.c:61: first defined here
D:/SW/stm32/STM32CubeIDE_1.18.0/STM32CubeIDE/plugins/com.st.stm32cube.ide.mcu.externaltools.gnu-tools-for-stm32.13.3.rel1.win32_1.0.0.202411081344/tools/bin/../lib/gcc/arm-none-eabi/13.3.1/../../../../arm-none-eabi/bin/ld.exe: ./Core/Src/main.o: in function `lcd_send_string':
D:/PJ/UNIPRO/CSE331/ide/pass_unlock/Debug/../Core/Src/lcd_ic2.c:80: multiple definition of `lcd_send_string'; ./Core/Src/lcd_ic2.o:D:/PJ/UNIPRO/CSE331/ide/pass_unlock/Debug/../Core/Src/lcd_ic2.c:80: first defined here
collect2.exe: error: ld returned 1 exit status
make: *** [makefile:67: pass_unlock.elf] Error 1
"make -j8 all" terminated with exit code 2. Build might be incomplete.
23:54:11 **** Incremental Build of configuration Debug for project pass_unlock ****
make -j8 all 
arm-none-eabi-gcc "../Core/Src/lcd_ic2.c" -mcpu=cortex-m3 -std=gnu11 -g3 -DDEBUG -DUSE_HAL_DRIVER -DSTM32F103xB -c -I../Core/Inc -I../Drivers/STM32F1xx_HAL_Driver/Inc/Legacy -I../Drivers/STM32F1xx_HAL_Driver/Inc -I../Drivers/CMSIS/Device/ST/STM32F1xx/Include -I../Drivers/CMSIS/Include -O0 -ffunction-sections -fdata-sections -Wall -fstack-usage -fcyclomatic-complexity -MMD -MP -MF"Core/Src/lcd_ic2.d" -MT"Core/Src/lcd_ic2.o" --specs=nano.specs -mfloat-abi=soft -mthumb -o "Core/Src/lcd_ic2.o"
arm-none-eabi-gcc "../Core/Src/main.c" -mcpu=cortex-m3 -std=gnu11 -g3 -DDEBUG -DUSE_HAL_DRIVER -DSTM32F103xB -c -I../Core/Inc -I../Drivers/STM32F1xx_HAL_Driver/Inc/Legacy -I../Drivers/STM32F1xx_HAL_Driver/Inc -I../Drivers/CMSIS/Device/ST/STM32F1xx/Include -I../Drivers/CMSIS/Include -O0 -ffunction-sections -fdata-sections -Wall -fstack-usage -fcyclomatic-complexity -MMD -MP -MF"Core/Src/main.d" -MT"Core/Src/main.o" --specs=nano.specs -mfloat-abi=soft -mthumb -o "Core/Src/main.o"
../Core/Src/main.c: In function 'main':
../Core/Src/main.c:108:21: warning: implicit declaration of function 'strcmp' [-Wimplicit-function-declaration]
  108 |                 if (strcmp(enteredPassword, correctPassword) == 0) {
      |                     ^~~~~~
../Core/Src/main.c:3:1: note: include '<string.h>' or provide a declaration of 'strcmp'
    2 | #include "lcd_ic2.c"
  +++ |+#include <string.h>
    3 | 
../Core/Src/main.c:127:17: warning: implicit declaration of function 'memset' [-Wimplicit-function-declaration]
  127 |                 memset(enteredPassword, 0, sizeof(enteredPassword));
      |                 ^~~~~~
../Core/Src/main.c:127:17: note: include '<string.h>' or provide a declaration of 'memset'
../Core/Src/main.c:127:17: warning: incompatible implicit declaration of built-in function 'memset' [-Wbuiltin-declaration-mismatch]
../Core/Src/main.c:127:17: note: include '<string.h>' or provide a declaration of 'memset'
arm-none-eabi-gcc -o "pass_unlock.elf" @"objects.list"   -mcpu=cortex-m3 -T"D:\PJ\UNIPRO\CSE331\ide\pass_unlock\STM32F103C8TX_FLASH.ld" --specs=nosys.specs -Wl,-Map="pass_unlock.map" -Wl,--gc-sections -static --specs=nano.specs -mfloat-abi=soft -mthumb -Wl,--start-group -lc -lm -Wl,--end-group
D:/SW/stm32/STM32CubeIDE_1.18.0/STM32CubeIDE/plugins/com.st.stm32cube.ide.mcu.externaltools.gnu-tools-for-stm32.13.3.rel1.win32_1.0.0.202411081344/tools/bin/../lib/gcc/arm-none-eabi/13.3.1/../../../../arm-none-eabi/bin/ld.exe: ./Core/Src/main.o: in function `lcd_send_cmd':
D:/PJ/UNIPRO/CSE331/ide/pass_unlock/Debug/../Core/Src/lcd_ic2.c:25: multiple definition of `lcd_send_cmd'; ./Core/Src/lcd_ic2.o:D:/PJ/UNIPRO/CSE331/ide/pass_unlock/Debug/../Core/Src/lcd_ic2.c:25: first defined here
D:/SW/stm32/STM32CubeIDE_1.18.0/STM32CubeIDE/plugins/com.st.stm32cube.ide.mcu.externaltools.gnu-tools-for-stm32.13.3.rel1.win32_1.0.0.202411081344/tools/bin/../lib/gcc/arm-none-eabi/13.3.1/../../../../arm-none-eabi/bin/ld.exe: ./Core/Src/main.o: in function `lcd_send_data':
D:/PJ/UNIPRO/CSE331/ide/pass_unlock/Debug/../Core/Src/lcd_ic2.c:38: multiple definition of `lcd_send_data'; ./Core/Src/lcd_ic2.o:D:/PJ/UNIPRO/CSE331/ide/pass_unlock/Debug/../Core/Src/lcd_ic2.c:38: first defined here
D:/SW/stm32/STM32CubeIDE_1.18.0/STM32CubeIDE/plugins/com.st.stm32cube.ide.mcu.externaltools.gnu-tools-for-stm32.13.3.rel1.win32_1.0.0.202411081344/tools/bin/../lib/gcc/arm-none-eabi/13.3.1/../../../../arm-none-eabi/bin/ld.exe: ./Core/Src/main.o: in function `lcd_clear':
D:/PJ/UNIPRO/CSE331/ide/pass_unlock/Debug/../Core/Src/lcd_ic2.c:51: multiple definition of `lcd_clear'; ./Core/Src/lcd_ic2.o:D:/PJ/UNIPRO/CSE331/ide/pass_unlock/Debug/../Core/Src/lcd_ic2.c:51: first defined here
D:/SW/stm32/STM32CubeIDE_1.18.0/STM32CubeIDE/plugins/com.st.stm32cube.ide.mcu.externaltools.gnu-tools-for-stm32.13.3.rel1.win32_1.0.0.202411081344/tools/bin/../lib/gcc/arm-none-eabi/13.3.1/../../../../arm-none-eabi/bin/ld.exe: ./Core/Src/main.o: in function `lcd_put_cur':
D:/PJ/UNIPRO/CSE331/ide/pass_unlock/Debug/../Core/Src/lcd_ic2.c:57: multiple definition of `lcd_put_cur'; ./Core/Src/lcd_ic2.o:D:/PJ/UNIPRO/CSE331/ide/pass_unlock/Debug/../Core/Src/lcd_ic2.c:57: first defined here
D:/SW/stm32/STM32CubeIDE_1.18.0/STM32CubeIDE/plugins/com.st.stm32cube.ide.mcu.externaltools.gnu-tools-for-stm32.13.3.rel1.win32_1.0.0.202411081344/tools/bin/../lib/gcc/arm-none-eabi/13.3.1/../../../../arm-none-eabi/bin/ld.exe: ./Core/Src/main.o: in function `lcd_init':
D:/PJ/UNIPRO/CSE331/ide/pass_unlock/Debug/../Core/Src/lcd_ic2.c:70: multiple definition of `lcd_init'; ./Core/Src/lcd_ic2.o:D:/PJ/UNIPRO/CSE331/ide/pass_unlock/Debug/../Core/Src/lcd_ic2.c:70: first defined here
D:/SW/stm32/STM32CubeIDE_1.18.0/STM32CubeIDE/plugins/com.st.stm32cube.ide.mcu.externaltools.gnu-tools-for-stm32.13.3.rel1.win32_1.0.0.202411081344/tools/bin/../lib/gcc/arm-none-eabi/13.3.1/../../../../arm-none-eabi/bin/ld.exe: ./Core/Src/main.o: in function `lcd_send_string':
D:/PJ/UNIPRO/CSE331/ide/pass_unlock/Debug/../Core/Src/lcd_ic2.c:89: multiple definition of `lcd_send_string'; ./Core/Src/lcd_ic2.o:D:/PJ/UNIPRO/CSE331/ide/pass_unlock/Debug/../Core/Src/lcd_ic2.c:89: first defined here
collect2.exe: error: ld returned 1 exit status
make: *** [makefile:67: pass_unlock.elf] Error 1
"make -j8 all" terminated with exit code 2. Build might be incomplete.
23:58:00 **** Incremental Build of configuration Debug for project pass_unlock ****
make -j8 all 
arm-none-eabi-gcc "../Core/Src/main.c" -mcpu=cortex-m3 -std=gnu11 -g3 -DDEBUG -DUSE_HAL_DRIVER -DSTM32F103xB -c -I../Core/Inc -I../Drivers/STM32F1xx_HAL_Driver/Inc/Legacy -I../Drivers/STM32F1xx_HAL_Driver/Inc -I../Drivers/CMSIS/Device/ST/STM32F1xx/Include -I../Drivers/CMSIS/Include -O0 -ffunction-sections -fdata-sections -Wall -fstack-usage -fcyclomatic-complexity -MMD -MP -MF"Core/Src/main.d" -MT"Core/Src/main.o" --specs=nano.specs -mfloat-abi=soft -mthumb -o "Core/Src/main.o"
../Core/Src/main.c: In function 'main':
../Core/Src/main.c:108:21: warning: implicit declaration of function 'strcmp' [-Wimplicit-function-declaration]
  108 |                 if (strcmp(enteredPassword, correctPassword) == 0) {
      |                     ^~~~~~
../Core/Src/main.c:3:1: note: include '<string.h>' or provide a declaration of 'strcmp'
    2 | #include "lcd_ic2.h"
  +++ |+#include <string.h>
    3 | 
../Core/Src/main.c:127:17: warning: implicit declaration of function 'memset' [-Wimplicit-function-declaration]
  127 |                 memset(enteredPassword, 0, sizeof(enteredPassword));
      |                 ^~~~~~
../Core/Src/main.c:127:17: note: include '<string.h>' or provide a declaration of 'memset'
../Core/Src/main.c:127:17: warning: incompatible implicit declaration of built-in function 'memset' [-Wbuiltin-declaration-mismatch]
../Core/Src/main.c:127:17: note: include '<string.h>' or provide a declaration of 'memset'
arm-none-eabi-gcc -o "pass_unlock.elf" @"objects.list"   -mcpu=cortex-m3 -T"D:\PJ\UNIPRO\CSE331\ide\pass_unlock\STM32F103C8TX_FLASH.ld" --specs=nosys.specs -Wl,-Map="pass_unlock.map" -Wl,--gc-sections -static --specs=nano.specs -mfloat-abi=soft -mthumb -Wl,--start-group -lc -lm -Wl,--end-group
Finished building target: pass_unlock.elf
 
arm-none-eabi-size  pass_unlock.elf 
arm-none-eabi-objdump -h -S pass_unlock.elf  > "pass_unlock.list"
arm-none-eabi-objcopy  -O ihex pass_unlock.elf  "pass_unlock.hex"
   text	   data	    bss	    dec	    hex	filename
  11124	     84	   1804	  13012	   32d4	pass_unlock.elf
Finished building: default.size.stdout
 
Finished building: pass_unlock.hex
 
Finished building: pass_unlock.list
 
23:59:06 **** Incremental Build of configuration Debug for project pass_unlock ****
make -j8 all 
arm-none-eabi-gcc "../Core/Src/main.c" -mcpu=cortex-m3 -std=gnu11 -g3 -DDEBUG -DUSE_HAL_DRIVER -DSTM32F103xB -c -I../Core/Inc -I../Drivers/STM32F1xx_HAL_Driver/Inc/Legacy -I../Drivers/STM32F1xx_HAL_Driver/Inc -I../Drivers/CMSIS/Device/ST/STM32F1xx/Include -I../Drivers/CMSIS/Include -O0 -ffunction-sections -fdata-sections -Wall -fstack-usage -fcyclomatic-complexity -MMD -MP -MF"Core/Src/main.d" -MT"Core/Src/main.o" --specs=nano.specs -mfloat-abi=soft -mthumb -o "Core/Src/main.o"
arm-none-eabi-gcc -o "pass_unlock.elf" @"objects.list"   -mcpu=cortex-m3 -T"D:\PJ\UNIPRO\CSE331\ide\pass_unlock\STM32F103C8TX_FLASH.ld" --specs=nosys.specs -Wl,-Map="pass_unlock.map" -Wl,--gc-sections -static --specs=nano.specs -mfloat-abi=soft -mthumb -Wl,--start-group -lc -lm -Wl,--end-group
Finished building target: pass_unlock.elf
 
arm-none-eabi-size  pass_unlock.elf 
arm-none-eabi-objdump -h -S pass_unlock.elf  > "pass_unlock.list"
arm-none-eabi-objcopy  -O ihex pass_unlock.elf  "pass_unlock.hex"
   text	   data	    bss	    dec	    hex	filename
  11124	     84	   1804	  13012	   32d4	pass_unlock.elf
Finished building: default.size.stdout
 
Finished building: pass_unlock.hex
 
Finished building: pass_unlock.list
 
00:09:34 **** Incremental Build of configuration Debug for project pass_unlock ****
make -j8 all 
arm-none-eabi-gcc "../Core/Src/main.c" -mcpu=cortex-m3 -std=gnu11 -g3 -DDEBUG -DUSE_HAL_DRIVER -DSTM32F103xB -c -I../Core/Inc -I../Drivers/STM32F1xx_HAL_Driver/Inc/Legacy -I../Drivers/STM32F1xx_HAL_Driver/Inc -I../Drivers/CMSIS/Device/ST/STM32F1xx/Include -I../Drivers/CMSIS/Include -O0 -ffunction-sections -fdata-sections -Wall -fstack-usage -fcyclomatic-complexity -MMD -MP -MF"Core/Src/main.d" -MT"Core/Src/main.o" --specs=nano.specs -mfloat-abi=soft -mthumb -o "Core/Src/main.o"
../Core/Src/main.c: In function 'main':
../Core/Src/main.c:91:10: error: too few arguments to function 'lcd_init'
   91 |          lcd_init();
      |          ^~~~~~~~
In file included from ../Core/Src/main.c:2:
../Core/Src/lcd_ic2.h:7:6: note: declared here
    7 | void lcd_init(uint8_t address);
      |      ^~~~~~~~
make: *** [Core/Src/subdir.mk:37: Core/Src/main.o] Error 1
"make -j8 all" terminated with exit code 2. Build might be incomplete.
00:11:50 **** Incremental Build of configuration Debug for project pass_unlock ****
make -j8 all 
arm-none-eabi-gcc "../Core/Src/lcd_ic2.c" -mcpu=cortex-m3 -std=gnu11 -g3 -DDEBUG -DUSE_HAL_DRIVER -DSTM32F103xB -c -I../Core/Inc -I../Drivers/STM32F1xx_HAL_Driver/Inc/Legacy -I../Drivers/STM32F1xx_HAL_Driver/Inc -I../Drivers/CMSIS/Device/ST/STM32F1xx/Include -I../Drivers/CMSIS/Include -O0 -ffunction-sections -fdata-sections -Wall -fstack-usage -fcyclomatic-complexity -MMD -MP -MF"Core/Src/lcd_ic2.d" -MT"Core/Src/lcd_ic2.o" --specs=nano.specs -mfloat-abi=soft -mthumb -o "Core/Src/lcd_ic2.o"
arm-none-eabi-gcc "../Core/Src/main.c" -mcpu=cortex-m3 -std=gnu11 -g3 -DDEBUG -DUSE_HAL_DRIVER -DSTM32F103xB -c -I../Core/Inc -I../Drivers/STM32F1xx_HAL_Driver/Inc/Legacy -I../Drivers/STM32F1xx_HAL_Driver/Inc -I../Drivers/CMSIS/Device/ST/STM32F1xx/Include -I../Drivers/CMSIS/Include -O0 -ffunction-sections -fdata-sections -Wall -fstack-usage -fcyclomatic-complexity -MMD -MP -MF"Core/Src/main.d" -MT"Core/Src/main.o" --specs=nano.specs -mfloat-abi=soft -mthumb -o "Core/Src/main.o"
../Core/Src/lcd_ic2.c:1:10: fatal error: lcd_i2c.h: No such file or directory
    1 | #include "lcd_i2c.h"
      |          ^~~~~~~~~~~
compilation terminated.
make: *** [Core/Src/subdir.mk:37: Core/Src/lcd_ic2.o] Error 1
make: *** Waiting for unfinished jobs....
../Core/Src/main.c: In function 'main':
../Core/Src/main.c:91:10: error: too few arguments to function 'lcd_init'
   91 |          lcd_init();
      |          ^~~~~~~~
In file included from ../Core/Src/main.c:2:
../Core/Src/lcd_ic2.h:7:6: note: declared here
    7 | void lcd_init(uint8_t address);
      |      ^~~~~~~~
make: *** [Core/Src/subdir.mk:37: Core/Src/main.o] Error 1
"make -j8 all" terminated with exit code 2. Build might be incomplete.
00:12:05 **** Incremental Build of configuration Debug for project pass_unlock ****
make -j8 all 
arm-none-eabi-gcc "../Core/Src/lcd_ic2.c" -mcpu=cortex-m3 -std=gnu11 -g3 -DDEBUG -DUSE_HAL_DRIVER -DSTM32F103xB -c -I../Core/Inc -I../Drivers/STM32F1xx_HAL_Driver/Inc/Legacy -I../Drivers/STM32F1xx_HAL_Driver/Inc -I../Drivers/CMSIS/Device/ST/STM32F1xx/Include -I../Drivers/CMSIS/Include -O0 -ffunction-sections -fdata-sections -Wall -fstack-usage -fcyclomatic-complexity -MMD -MP -MF"Core/Src/lcd_ic2.d" -MT"Core/Src/lcd_ic2.o" --specs=nano.specs -mfloat-abi=soft -mthumb -o "Core/Src/lcd_ic2.o"
arm-none-eabi-gcc "../Core/Src/main.c" -mcpu=cortex-m3 -std=gnu11 -g3 -DDEBUG -DUSE_HAL_DRIVER -DSTM32F103xB -c -I../Core/Inc -I../Drivers/STM32F1xx_HAL_Driver/Inc/Legacy -I../Drivers/STM32F1xx_HAL_Driver/Inc -I../Drivers/CMSIS/Device/ST/STM32F1xx/Include -I../Drivers/CMSIS/Include -O0 -ffunction-sections -fdata-sections -Wall -fstack-usage -fcyclomatic-complexity -MMD -MP -MF"Core/Src/main.d" -MT"Core/Src/main.o" --specs=nano.specs -mfloat-abi=soft -mthumb -o "Core/Src/main.o"
../Core/Src/main.c: In function 'main':
../Core/Src/main.c:91:10: error: too few arguments to function 'lcd_init'
   91 |          lcd_init();
      |          ^~~~~~~~
In file included from ../Core/Src/main.c:2:
../Core/Src/lcd_ic2.h:7:6: note: declared here
    7 | void lcd_init(uint8_t address);
      |      ^~~~~~~~
make: *** [Core/Src/subdir.mk:37: Core/Src/main.o] Error 1
make: *** Waiting for unfinished jobs....
"make -j8 all" terminated with exit code 2. Build might be incomplete.
00:12:52 **** Incremental Build of configuration Debug for project pass_unlock ****
make -j8 all 
arm-none-eabi-gcc "../Core/Src/main.c" -mcpu=cortex-m3 -std=gnu11 -g3 -DDEBUG -DUSE_HAL_DRIVER -DSTM32F103xB -c -I../Core/Inc -I../Drivers/STM32F1xx_HAL_Driver/Inc/Legacy -I../Drivers/STM32F1xx_HAL_Driver/Inc -I../Drivers/CMSIS/Device/ST/STM32F1xx/Include -I../Drivers/CMSIS/Include -O0 -ffunction-sections -fdata-sections -Wall -fstack-usage -fcyclomatic-complexity -MMD -MP -MF"Core/Src/main.d" -MT"Core/Src/main.o" --specs=nano.specs -mfloat-abi=soft -mthumb -o "Core/Src/main.o"
arm-none-eabi-gcc -o "pass_unlock.elf" @"objects.list"   -mcpu=cortex-m3 -T"D:\PJ\UNIPRO\CSE331\ide\pass_unlock\STM32F103C8TX_FLASH.ld" --specs=nosys.specs -Wl,-Map="pass_unlock.map" -Wl,--gc-sections -static --specs=nano.specs -mfloat-abi=soft -mthumb -Wl,--start-group -lc -lm -Wl,--end-group
Finished building target: pass_unlock.elf
 
arm-none-eabi-size  pass_unlock.elf 
arm-none-eabi-objdump -h -S pass_unlock.elf  > "pass_unlock.list"
arm-none-eabi-objcopy  -O ihex pass_unlock.elf  "pass_unlock.hex"
   text	   data	    bss	    dec	    hex	filename
  11168	     84	   1812	  13064	   3308	pass_unlock.elf
Finished building: default.size.stdout
 
Finished building: pass_unlock.hex
 
Finished building: pass_unlock.list
 
00:21:25 **** Incremental Build of configuration Debug for project pass_unlock ****
make -j8 all 
arm-none-eabi-gcc "../Core/Src/main.c" -mcpu=cortex-m3 -std=gnu11 -g3 -DDEBUG -DUSE_HAL_DRIVER -DSTM32F103xB -c -I../Core/Inc -I../Drivers/STM32F1xx_HAL_Driver/Inc/Legacy -I../Drivers/STM32F1xx_HAL_Driver/Inc -I../Drivers/CMSIS/Device/ST/STM32F1xx/Include -I../Drivers/CMSIS/Include -O0 -ffunction-sections -fdata-sections -Wall -fstack-usage -fcyclomatic-complexity -MMD -MP -MF"Core/Src/main.d" -MT"Core/Src/main.o" --specs=nano.specs -mfloat-abi=soft -mthumb -o "Core/Src/main.o"
../Core/Src/main.c: In function 'I2C_Scanner':
../Core/Src/main.c:41:13: warning: implicit declaration of function 'printf' [-Wimplicit-function-declaration]
   41 |             printf("I2C device found at address 0x%X\r\n", addr << 1);
      |             ^~~~~~
../Core/Src/main.c:4:1: note: include '<stdio.h>' or provide a declaration of 'printf'
    3 | #include <string.h>
  +++ |+#include <stdio.h>
    4 | 
../Core/Src/main.c:41:13: warning: incompatible implicit declaration of built-in function 'printf' [-Wbuiltin-declaration-mismatch]
   41 |             printf("I2C device found at address 0x%X\r\n", addr << 1);
      |             ^~~~~~
../Core/Src/main.c:41:13: note: include '<stdio.h>' or provide a declaration of 'printf'
../Core/Src/main.c: In function 'main':
../Core/Src/main.c:111:25: error: expected ';' before 'lcd_send_string'
  111 |          HAL_Delay(3000)
      |                         ^
      |                         ;
  112 |          lcd_send_string("Enter Password:");
      |          ~~~~~~~~~~~~~~~ 
make: *** [Core/Src/subdir.mk:37: Core/Src/main.o] Error 1
"make -j8 all" terminated with exit code 2. Build might be incomplete.
00:21:50 **** Incremental Build of configuration Debug for project pass_unlock ****
make -j8 all 
arm-none-eabi-gcc "../Core/Src/main.c" -mcpu=cortex-m3 -std=gnu11 -g3 -DDEBUG -DUSE_HAL_DRIVER -DSTM32F103xB -c -I../Core/Inc -I../Drivers/STM32F1xx_HAL_Driver/Inc/Legacy -I../Drivers/STM32F1xx_HAL_Driver/Inc -I../Drivers/CMSIS/Device/ST/STM32F1xx/Include -I../Drivers/CMSIS/Include -O0 -ffunction-sections -fdata-sections -Wall -fstack-usage -fcyclomatic-complexity -MMD -MP -MF"Core/Src/main.d" -MT"Core/Src/main.o" --specs=nano.specs -mfloat-abi=soft -mthumb -o "Core/Src/main.o"
../Core/Src/main.c: In function 'I2C_Scanner':
../Core/Src/main.c:41:13: warning: implicit declaration of function 'printf' [-Wimplicit-function-declaration]
   41 |             printf("I2C device found at address 0x%X\r\n", addr << 1);
      |             ^~~~~~
../Core/Src/main.c:4:1: note: include '<stdio.h>' or provide a declaration of 'printf'
    3 | #include <string.h>
  +++ |+#include <stdio.h>
    4 | 
../Core/Src/main.c:41:13: warning: incompatible implicit declaration of built-in function 'printf' [-Wbuiltin-declaration-mismatch]
   41 |             printf("I2C device found at address 0x%X\r\n", addr << 1);
      |             ^~~~~~
../Core/Src/main.c:41:13: note: include '<stdio.h>' or provide a declaration of 'printf'
arm-none-eabi-gcc -o "pass_unlock.elf" @"objects.list"   -mcpu=cortex-m3 -T"D:\PJ\UNIPRO\CSE331\ide\pass_unlock\STM32F103C8TX_FLASH.ld" --specs=nosys.specs -Wl,-Map="pass_unlock.map" -Wl,--gc-sections -static --specs=nano.specs -mfloat-abi=soft -mthumb -Wl,--start-group -lc -lm -Wl,--end-group
Finished building target: pass_unlock.elf
 
arm-none-eabi-size  pass_unlock.elf 
arm-none-eabi-objdump -h -S pass_unlock.elf  > "pass_unlock.list"
arm-none-eabi-objcopy  -O ihex pass_unlock.elf  "pass_unlock.hex"
   text	   data	    bss	    dec	    hex	filename
  15884	    176	   2144	  18204	   471c	pass_unlock.elf
Finished building: default.size.stdout
 
Finished building: pass_unlock.hex
 
Finished building: pass_unlock.list
 
00:24:44 **** Incremental Build of configuration Debug for project pass_unlock ****
make -j8 all 
arm-none-eabi-gcc "../Core/Src/main.c" -mcpu=cortex-m3 -std=gnu11 -g3 -DDEBUG -DUSE_HAL_DRIVER -DSTM32F103xB -c -I../Core/Inc -I../Drivers/STM32F1xx_HAL_Driver/Inc/Legacy -I../Drivers/STM32F1xx_HAL_Driver/Inc -I../Drivers/CMSIS/Device/ST/STM32F1xx/Include -I../Drivers/CMSIS/Include -O0 -ffunction-sections -fdata-sections -Wall -fstack-usage -fcyclomatic-complexity -MMD -MP -MF"Core/Src/main.d" -MT"Core/Src/main.o" --specs=nano.specs -mfloat-abi=soft -mthumb -o "Core/Src/main.o"
../Core/Src/main.c: In function 'I2C_Scanner':
../Core/Src/main.c:41:13: warning: implicit declaration of function 'printf' [-Wimplicit-function-declaration]
   41 |             printf("I2C device found at address 0x%X\r\n", addr << 1);
      |             ^~~~~~
../Core/Src/main.c:4:1: note: include '<stdio.h>' or provide a declaration of 'printf'
    3 | #include <string.h>
  +++ |+#include <stdio.h>
    4 | 
../Core/Src/main.c:41:13: warning: incompatible implicit declaration of built-in function 'printf' [-Wbuiltin-declaration-mismatch]
   41 |             printf("I2C device found at address 0x%X\r\n", addr << 1);
      |             ^~~~~~
../Core/Src/main.c:41:13: note: include '<stdio.h>' or provide a declaration of 'printf'
arm-none-eabi-gcc -o "pass_unlock.elf" @"objects.list"   -mcpu=cortex-m3 -T"D:\PJ\UNIPRO\CSE331\ide\pass_unlock\STM32F103C8TX_FLASH.ld" --specs=nosys.specs -Wl,-Map="pass_unlock.map" -Wl,--gc-sections -static --specs=nano.specs -mfloat-abi=soft -mthumb -Wl,--start-group -lc -lm -Wl,--end-group
Finished building target: pass_unlock.elf
 
arm-none-eabi-size  pass_unlock.elf 
arm-none-eabi-objdump -h -S pass_unlock.elf  > "pass_unlock.list"
arm-none-eabi-objcopy  -O ihex pass_unlock.elf  "pass_unlock.hex"
   text	   data	    bss	    dec	    hex	filename
  15896	    176	   2144	  18216	   4728	pass_unlock.elf
Finished building: default.size.stdout
 
Finished building: pass_unlock.hex
 
Finished building: pass_unlock.list
 
00:25:46 **** Incremental Build of configuration Debug for project pass_unlock ****
make -j8 all 
arm-none-eabi-gcc "../Core/Src/main.c" -mcpu=cortex-m3 -std=gnu11 -g3 -DDEBUG -DUSE_HAL_DRIVER -DSTM32F103xB -c -I../Core/Inc -I../Drivers/STM32F1xx_HAL_Driver/Inc/Legacy -I../Drivers/STM32F1xx_HAL_Driver/Inc -I../Drivers/CMSIS/Device/ST/STM32F1xx/Include -I../Drivers/CMSIS/Include -O0 -ffunction-sections -fdata-sections -Wall -fstack-usage -fcyclomatic-complexity -MMD -MP -MF"Core/Src/main.d" -MT"Core/Src/main.o" --specs=nano.specs -mfloat-abi=soft -mthumb -o "Core/Src/main.o"
arm-none-eabi-gcc -o "pass_unlock.elf" @"objects.list"   -mcpu=cortex-m3 -T"D:\PJ\UNIPRO\CSE331\ide\pass_unlock\STM32F103C8TX_FLASH.ld" --specs=nosys.specs -Wl,-Map="pass_unlock.map" -Wl,--gc-sections -static --specs=nano.specs -mfloat-abi=soft -mthumb -Wl,--start-group -lc -lm -Wl,--end-group
Finished building target: pass_unlock.elf
 
arm-none-eabi-size  pass_unlock.elf 
arm-none-eabi-objdump -h -S pass_unlock.elf  > "pass_unlock.list"
arm-none-eabi-objcopy  -O ihex pass_unlock.elf  "pass_unlock.hex"
   text	   data	    bss	    dec	    hex	filename
  15896	    176	   2144	  18216	   4728	pass_unlock.elf
Finished building: default.size.stdout
 
Finished building: pass_unlock.hex
 
Finished building: pass_unlock.list
 
06:59:59 **** Incremental Build of configuration Debug for project pass_unlock ****
make -j8 all 
arm-none-eabi-size  pass_unlock.elf 
   text	   data	    bss	    dec	    hex	filename
  15896	    176	   2144	  18216	   4728	pass_unlock.elf
Finished building: default.size.stdout
 
07:15:34 **** Incremental Build of configuration Debug for project pass_unlock ****
make -j8 all 
arm-none-eabi-size  pass_unlock.elf 
   text	   data	    bss	    dec	    hex	filename
  15896	    176	   2144	  18216	   4728	pass_unlock.elf
Finished building: default.size.stdout
 
08:30:21 **** Incremental Build of configuration Debug for project pass_unlock ****
make -j8 all 
arm-none-eabi-gcc "../Core/Src/lcd_ic2.c" -mcpu=cortex-m3 -std=gnu11 -g3 -DDEBUG -DUSE_HAL_DRIVER -DSTM32F103xB -c -I../Core/Inc -I../Drivers/STM32F1xx_HAL_Driver/Inc/Legacy -I../Drivers/STM32F1xx_HAL_Driver/Inc -I../Drivers/CMSIS/Device/ST/STM32F1xx/Include -I../Drivers/CMSIS/Include -O0 -ffunction-sections -fdata-sections -Wall -fstack-usage -fcyclomatic-complexity -MMD -MP -MF"Core/Src/lcd_ic2.d" -MT"Core/Src/lcd_ic2.o" --specs=nano.specs -mfloat-abi=soft -mthumb -o "Core/Src/lcd_ic2.o"
arm-none-eabi-gcc "../Core/Src/main.c" -mcpu=cortex-m3 -std=gnu11 -g3 -DDEBUG -DUSE_HAL_DRIVER -DSTM32F103xB -c -I../Core/Inc -I../Drivers/STM32F1xx_HAL_Driver/Inc/Legacy -I../Drivers/STM32F1xx_HAL_Driver/Inc -I../Drivers/CMSIS/Device/ST/STM32F1xx/Include -I../Drivers/CMSIS/Include -O0 -ffunction-sections -fdata-sections -Wall -fstack-usage -fcyclomatic-complexity -MMD -MP -MF"Core/Src/main.d" -MT"Core/Src/main.o" --specs=nano.specs -mfloat-abi=soft -mthumb -o "Core/Src/main.o"
../Core/Src/main.c: In function 'main':
../Core/Src/main.c:91:10: warning: implicit declaration of function 'I2C_Scanner' [-Wimplicit-function-declaration]
   91 |          I2C_Scanner();
      |          ^~~~~~~~~~~
arm-none-eabi-gcc -o "pass_unlock.elf" @"objects.list"   -mcpu=cortex-m3 -T"D:\PJ\UNIPRO\CSE331\ide\pass_unlock\STM32F103C8TX_FLASH.ld" --specs=nosys.specs -Wl,-Map="pass_unlock.map" -Wl,--gc-sections -static --specs=nano.specs -mfloat-abi=soft -mthumb -Wl,--start-group -lc -lm -Wl,--end-group
D:/SW/stm32/STM32CubeIDE_1.18.0/STM32CubeIDE/plugins/com.st.stm32cube.ide.mcu.externaltools.gnu-tools-for-stm32.13.3.rel1.win32_1.0.0.202411081344/tools/bin/../lib/gcc/arm-none-eabi/13.3.1/../../../../arm-none-eabi/bin/ld.exe: ./Core/Src/main.o: in function `main':
D:/PJ/UNIPRO/CSE331/ide/pass_unlock/Debug/../Core/Src/main.c:91:(.text.main+0x1a): undefined reference to `I2C_Scanner'
collect2.exe: error: ld returned 1 exit status
make: *** [makefile:67: pass_unlock.elf] Error 1
"make -j8 all" terminated with exit code 2. Build might be incomplete.
08:31:00 **** Incremental Build of configuration Debug for project pass_unlock ****
make -j8 all 
arm-none-eabi-gcc "../Core/Src/main.c" -mcpu=cortex-m3 -std=gnu11 -g3 -DDEBUG -DUSE_HAL_DRIVER -DSTM32F103xB -c -I../Core/Inc -I../Drivers/STM32F1xx_HAL_Driver/Inc/Legacy -I../Drivers/STM32F1xx_HAL_Driver/Inc -I../Drivers/CMSIS/Device/ST/STM32F1xx/Include -I../Drivers/CMSIS/Include -O0 -ffunction-sections -fdata-sections -Wall -fstack-usage -fcyclomatic-complexity -MMD -MP -MF"Core/Src/main.d" -MT"Core/Src/main.o" --specs=nano.specs -mfloat-abi=soft -mthumb -o "Core/Src/main.o"
arm-none-eabi-gcc -o "pass_unlock.elf" @"objects.list"   -mcpu=cortex-m3 -T"D:\PJ\UNIPRO\CSE331\ide\pass_unlock\STM32F103C8TX_FLASH.ld" --specs=nosys.specs -Wl,-Map="pass_unlock.map" -Wl,--gc-sections -static --specs=nano.specs -mfloat-abi=soft -mthumb -Wl,--start-group -lc -lm -Wl,--end-group
Finished building target: pass_unlock.elf
 
arm-none-eabi-size  pass_unlock.elf 
arm-none-eabi-objdump -h -S pass_unlock.elf  > "pass_unlock.list"
arm-none-eabi-objcopy  -O ihex pass_unlock.elf  "pass_unlock.hex"
   text	   data	    bss	    dec	    hex	filename
  11196	     84	   1740	  13020	   32dc	pass_unlock.elf
Finished building: default.size.stdout
 
Finished building: pass_unlock.hex
 
Finished building: pass_unlock.list
 
08:31:05 **** Incremental Build of configuration Debug for project pass_unlock ****
make -j8 all 
arm-none-eabi-size  pass_unlock.elf 
   text	   data	    bss	    dec	    hex	filename
  11196	     84	   1740	  13020	   32dc	pass_unlock.elf
Finished building: default.size.stdout
 
08:42:14 **** Incremental Build of configuration Debug for project pass_unlock ****
make -j8 all 
arm-none-eabi-gcc "../Core/Src/main.c" -mcpu=cortex-m3 -std=gnu11 -g3 -DDEBUG -DUSE_HAL_DRIVER -DSTM32F103xB -c -I../Core/Inc -I../Drivers/STM32F1xx_HAL_Driver/Inc/Legacy -I../Drivers/STM32F1xx_HAL_Driver/Inc -I../Drivers/CMSIS/Device/ST/STM32F1xx/Include -I../Drivers/CMSIS/Include -O0 -ffunction-sections -fdata-sections -Wall -fstack-usage -fcyclomatic-complexity -MMD -MP -MF"Core/Src/main.d" -MT"Core/Src/main.o" --specs=nano.specs -mfloat-abi=soft -mthumb -o "Core/Src/main.o"
../Core/Src/main.c: In function 'main':
../Core/Src/main.c:91:17: warning: character constant too long for its type
   91 |          printf('Hello before init');
      |                 ^~~~~~~~~~~~~~~~~~~
../Core/Src/main.c:91:17: warning: passing argument 1 of 'printf' makes pointer from integer without a cast [-Wint-conversion]
   91 |          printf('Hello before init');
      |                 ^~~~~~~~~~~~~~~~~~~
      |                 |
      |                 int
In file included from ../Core/Src/main.c:4:
D:\SW\stm32\STM32CubeIDE_1.18.0\STM32CubeIDE\plugins\com.st.stm32cube.ide.mcu.externaltools.gnu-tools-for-stm32.13.3.rel1.win32_1.0.0.202411081344\tools\bin/../lib/gcc/arm-none-eabi/13.3.1/../../../../arm-none-eabi/include/stdio.h:206:17: note: expected 'const char * restrict' but argument is of type 'int'
  206 | int     printf (const char *__restrict, ...)
      |                 ^
../Core/Src/main.c:100:17: warning: character constant too long for its type
  100 |          printf('Hello after init before loop');
      |                 ^~~~~~~~~~~~~~~~~~~~~~~~~~~~~~
../Core/Src/main.c:100:17: warning: passing argument 1 of 'printf' makes pointer from integer without a cast [-Wint-conversion]
  100 |          printf('Hello after init before loop');
      |                 ^~~~~~~~~~~~~~~~~~~~~~~~~~~~~~
      |                 |
      |                 int
D:\SW\stm32\STM32CubeIDE_1.18.0\STM32CubeIDE\plugins\com.st.stm32cube.ide.mcu.externaltools.gnu-tools-for-stm32.13.3.rel1.win32_1.0.0.202411081344\tools\bin/../lib/gcc/arm-none-eabi/13.3.1/../../../../arm-none-eabi/include/stdio.h:206:17: note: expected 'const char * restrict' but argument is of type 'int'
  206 | int     printf (const char *__restrict, ...)
      |                 ^
arm-none-eabi-gcc -o "pass_unlock.elf" @"objects.list"   -mcpu=cortex-m3 -T"D:\PJ\UNIPRO\CSE331\ide\pass_unlock\STM32F103C8TX_FLASH.ld" --specs=nosys.specs -Wl,-Map="pass_unlock.map" -Wl,--gc-sections -static --specs=nano.specs -mfloat-abi=soft -mthumb -Wl,--start-group -lc -lm -Wl,--end-group
Finished building target: pass_unlock.elf
 
arm-none-eabi-size  pass_unlock.elf 
arm-none-eabi-objdump -h -S pass_unlock.elf  > "pass_unlock.list"
arm-none-eabi-objcopy  -O ihex pass_unlock.elf  "pass_unlock.hex"
   text	   data	    bss	    dec	    hex	filename
  15196	    176	   2072	  17444	   4424	pass_unlock.elf
Finished building: default.size.stdout
 
Finished building: pass_unlock.hex
 
Finished building: pass_unlock.list
 
08:43:51 **** Incremental Build of configuration Debug for project pass_unlock ****
make -j8 all 
arm-none-eabi-gcc "../Core/Src/main.c" -mcpu=cortex-m3 -std=gnu11 -g3 -DDEBUG -DUSE_HAL_DRIVER -DSTM32F103xB -c -I../Core/Inc -I../Drivers/STM32F1xx_HAL_Driver/Inc/Legacy -I../Drivers/STM32F1xx_HAL_Driver/Inc -I../Drivers/CMSIS/Device/ST/STM32F1xx/Include -I../Drivers/CMSIS/Include -O0 -ffunction-sections -fdata-sections -Wall -fstack-usage -fcyclomatic-complexity -MMD -MP -MF"Core/Src/main.d" -MT"Core/Src/main.o" --specs=nano.specs -mfloat-abi=soft -mthumb -o "Core/Src/main.o"
arm-none-eabi-gcc -o "pass_unlock.elf" @"objects.list"   -mcpu=cortex-m3 -T"D:\PJ\UNIPRO\CSE331\ide\pass_unlock\STM32F103C8TX_FLASH.ld" --specs=nosys.specs -Wl,-Map="pass_unlock.map" -Wl,--gc-sections -static --specs=nano.specs -mfloat-abi=soft -mthumb -Wl,--start-group -lc -lm -Wl,--end-group
Finished building target: pass_unlock.elf
 
arm-none-eabi-size  pass_unlock.elf 
arm-none-eabi-objdump -h -S pass_unlock.elf  > "pass_unlock.list"
arm-none-eabi-objcopy  -O ihex pass_unlock.elf  "pass_unlock.hex"
   text	   data	    bss	    dec	    hex	filename
  13880	    176	   2072	  16128	   3f00	pass_unlock.elf
Finished building: default.size.stdout
 
Finished building: pass_unlock.hex
Finished building: pass_unlock.list
 
 
08:52:51 **** Incremental Build of configuration Debug for project pass_unlock ****
make -j8 all 
arm-none-eabi-gcc "../Core/Src/main.c" -mcpu=cortex-m3 -std=gnu11 -g3 -DDEBUG -DUSE_HAL_DRIVER -DSTM32F103xB -c -I../Core/Inc -I../Drivers/STM32F1xx_HAL_Driver/Inc/Legacy -I../Drivers/STM32F1xx_HAL_Driver/Inc -I../Drivers/CMSIS/Device/ST/STM32F1xx/Include -I../Drivers/CMSIS/Include -O0 -ffunction-sections -fdata-sections -Wall -fstack-usage -fcyclomatic-complexity -MMD -MP -MF"Core/Src/main.d" -MT"Core/Src/main.o" --specs=nano.specs -mfloat-abi=soft -mthumb -o "Core/Src/main.o"
arm-none-eabi-gcc -o "pass_unlock.elf" @"objects.list"   -mcpu=cortex-m3 -T"D:\PJ\UNIPRO\CSE331\ide\pass_unlock\STM32F103C8TX_FLASH.ld" --specs=nosys.specs -Wl,-Map="pass_unlock.map" -Wl,--gc-sections -static --specs=nano.specs -mfloat-abi=soft -mthumb -Wl,--start-group -lc -lm -Wl,--end-group
Finished building target: pass_unlock.elf
 
arm-none-eabi-size  pass_unlock.elf 
arm-none-eabi-objdump -h -S pass_unlock.elf  > "pass_unlock.list"
arm-none-eabi-objcopy  -O ihex pass_unlock.elf  "pass_unlock.hex"
   text	   data	    bss	    dec	    hex	filename
  13904	    176	   2072	  16152	   3f18	pass_unlock.elf
Finished building: default.size.stdout
 
Finished building: pass_unlock.hex
 
Finished building: pass_unlock.list
 
09:01:57 **** Incremental Build of configuration Debug for project pass_unlock ****
make -j8 all 
arm-none-eabi-gcc "../Core/Src/main.c" -mcpu=cortex-m3 -std=gnu11 -g3 -DDEBUG -DUSE_HAL_DRIVER -DSTM32F103xB -c -I../Core/Inc -I../Drivers/STM32F1xx_HAL_Driver/Inc/Legacy -I../Drivers/STM32F1xx_HAL_Driver/Inc -I../Drivers/CMSIS/Device/ST/STM32F1xx/Include -I../Drivers/CMSIS/Include -O0 -ffunction-sections -fdata-sections -Wall -fstack-usage -fcyclomatic-complexity -MMD -MP -MF"Core/Src/main.d" -MT"Core/Src/main.o" --specs=nano.specs -mfloat-abi=soft -mthumb -o "Core/Src/main.o"
arm-none-eabi-gcc -o "pass_unlock.elf" @"objects.list"   -mcpu=cortex-m3 -T"D:\PJ\UNIPRO\CSE331\ide\pass_unlock\STM32F103C8TX_FLASH.ld" --specs=nosys.specs -Wl,-Map="pass_unlock.map" -Wl,--gc-sections -static --specs=nano.specs -mfloat-abi=soft -mthumb -Wl,--start-group -lc -lm -Wl,--end-group
Finished building target: pass_unlock.elf
 
arm-none-eabi-size  pass_unlock.elf 
arm-none-eabi-objdump -h -S pass_unlock.elf  > "pass_unlock.list"
arm-none-eabi-objcopy  -O ihex pass_unlock.elf  "pass_unlock.hex"
   text	   data	    bss	    dec	    hex	filename
  13980	    176	   2072	  16228	   3f64	pass_unlock.elf
Finished building: default.size.stdout
 
Finished building: pass_unlock.hex
 
Finished building: pass_unlock.list
 
09:02:34 **** Incremental Build of configuration Debug for project pass_unlock ****
make -j8 all 
arm-none-eabi-size  pass_unlock.elf 
   text	   data	    bss	    dec	    hex	filename
  13980	    176	   2072	  16228	   3f64	pass_unlock.elf
Finished building: default.size.stdout
 
09:20:32 **** Incremental Build of configuration Debug for project pass_unlock ****
make -j8 all 
arm-none-eabi-gcc "../Core/Src/main.c" -mcpu=cortex-m3 -std=gnu11 -g3 -DDEBUG -DUSE_HAL_DRIVER -DSTM32F103xB -c -I../Core/Inc -I../Drivers/STM32F1xx_HAL_Driver/Inc/Legacy -I../Drivers/STM32F1xx_HAL_Driver/Inc -I../Drivers/CMSIS/Device/ST/STM32F1xx/Include -I../Drivers/CMSIS/Include -O0 -ffunction-sections -fdata-sections -Wall -fstack-usage -fcyclomatic-complexity -MMD -MP -MF"Core/Src/main.d" -MT"Core/Src/main.o" --specs=nano.specs -mfloat-abi=soft -mthumb -o "Core/Src/main.o"
arm-none-eabi-gcc -o "pass_unlock.elf" @"objects.list"   -mcpu=cortex-m3 -T"D:\PJ\UNIPRO\CSE331\ide\pass_unlock\STM32F103C8TX_FLASH.ld" --specs=nosys.specs -Wl,-Map="pass_unlock.map" -Wl,--gc-sections -static --specs=nano.specs -mfloat-abi=soft -mthumb -Wl,--start-group -lc -lm -Wl,--end-group
Finished building target: pass_unlock.elf
 
arm-none-eabi-size  pass_unlock.elf 
arm-none-eabi-objdump -h -S pass_unlock.elf  > "pass_unlock.list"
arm-none-eabi-objcopy  -O ihex pass_unlock.elf  "pass_unlock.hex"
   text	   data	    bss	    dec	    hex	filename
   9892	     12	   1732	  11636	   2d74	pass_unlock.elf
Finished building: default.size.stdout
 
Finished building: pass_unlock.hex
 
Finished building: pass_unlock.list
 
10:13:10 **** Incremental Build of configuration Debug for project pass_unlock ****
make -j8 all 
arm-none-eabi-gcc "../Core/Src/lcd_i2c.c" -mcpu=cortex-m3 -std=gnu11 -g3 -DDEBUG -DUSE_HAL_DRIVER -DSTM32F103xB -c -I../Core/Inc -I../Drivers/STM32F1xx_HAL_Driver/Inc/Legacy -I../Drivers/STM32F1xx_HAL_Driver/Inc -I../Drivers/CMSIS/Device/ST/STM32F1xx/Include -I../Drivers/CMSIS/Include -O0 -ffunction-sections -fdata-sections -Wall -fstack-usage -fcyclomatic-complexity -MMD -MP -MF"Core/Src/lcd_i2c.d" -MT"Core/Src/lcd_i2c.o" --specs=nano.specs -mfloat-abi=soft -mthumb -o "Core/Src/lcd_i2c.o"
arm-none-eabi-gcc "../Core/Src/main.c" -mcpu=cortex-m3 -std=gnu11 -g3 -DDEBUG -DUSE_HAL_DRIVER -DSTM32F103xB -c -I../Core/Inc -I../Drivers/STM32F1xx_HAL_Driver/Inc/Legacy -I../Drivers/STM32F1xx_HAL_Driver/Inc -I../Drivers/CMSIS/Device/ST/STM32F1xx/Include -I../Drivers/CMSIS/Include -O0 -ffunction-sections -fdata-sections -Wall -fstack-usage -fcyclomatic-complexity -MMD -MP -MF"Core/Src/main.d" -MT"Core/Src/main.o" --specs=nano.specs -mfloat-abi=soft -mthumb -o "Core/Src/main.o"
arm-none-eabi-gcc "../Core/Src/stm32f1xx_hal_msp.c" -mcpu=cortex-m3 -std=gnu11 -g3 -DDEBUG -DUSE_HAL_DRIVER -DSTM32F103xB -c -I../Core/Inc -I../Drivers/STM32F1xx_HAL_Driver/Inc/Legacy -I../Drivers/STM32F1xx_HAL_Driver/Inc -I../Drivers/CMSIS/Device/ST/STM32F1xx/Include -I../Drivers/CMSIS/Include -O0 -ffunction-sections -fdata-sections -Wall -fstack-usage -fcyclomatic-complexity -MMD -MP -MF"Core/Src/stm32f1xx_hal_msp.d" -MT"Core/Src/stm32f1xx_hal_msp.o" --specs=nano.specs -mfloat-abi=soft -mthumb -o "Core/Src/stm32f1xx_hal_msp.o"
arm-none-eabi-gcc "../Core/Src/stm32f1xx_it.c" -mcpu=cortex-m3 -std=gnu11 -g3 -DDEBUG -DUSE_HAL_DRIVER -DSTM32F103xB -c -I../Core/Inc -I../Drivers/STM32F1xx_HAL_Driver/Inc/Legacy -I../Drivers/STM32F1xx_HAL_Driver/Inc -I../Drivers/CMSIS/Device/ST/STM32F1xx/Include -I../Drivers/CMSIS/Include -O0 -ffunction-sections -fdata-sections -Wall -fstack-usage -fcyclomatic-complexity -MMD -MP -MF"Core/Src/stm32f1xx_it.d" -MT"Core/Src/stm32f1xx_it.o" --specs=nano.specs -mfloat-abi=soft -mthumb -o "Core/Src/stm32f1xx_it.o"
arm-none-eabi-gcc "../Core/Src/syscalls.c" -mcpu=cortex-m3 -std=gnu11 -g3 -DDEBUG -DUSE_HAL_DRIVER -DSTM32F103xB -c -I../Core/Inc -I../Drivers/STM32F1xx_HAL_Driver/Inc/Legacy -I../Drivers/STM32F1xx_HAL_Driver/Inc -I../Drivers/CMSIS/Device/ST/STM32F1xx/Include -I../Drivers/CMSIS/Include -O0 -ffunction-sections -fdata-sections -Wall -fstack-usage -fcyclomatic-complexity -MMD -MP -MF"Core/Src/syscalls.d" -MT"Core/Src/syscalls.o" --specs=nano.specs -mfloat-abi=soft -mthumb -o "Core/Src/syscalls.o"
arm-none-eabi-gcc "../Core/Src/sysmem.c" -mcpu=cortex-m3 -std=gnu11 -g3 -DDEBUG -DUSE_HAL_DRIVER -DSTM32F103xB -c -I../Core/Inc -I../Drivers/STM32F1xx_HAL_Driver/Inc/Legacy -I../Drivers/STM32F1xx_HAL_Driver/Inc -I../Drivers/CMSIS/Device/ST/STM32F1xx/Include -I../Drivers/CMSIS/Include -O0 -ffunction-sections -fdata-sections -Wall -fstack-usage -fcyclomatic-complexity -MMD -MP -MF"Core/Src/sysmem.d" -MT"Core/Src/sysmem.o" --specs=nano.specs -mfloat-abi=soft -mthumb -o "Core/Src/sysmem.o"
arm-none-eabi-gcc "../Core/Src/system_stm32f1xx.c" -mcpu=cortex-m3 -std=gnu11 -g3 -DDEBUG -DUSE_HAL_DRIVER -DSTM32F103xB -c -I../Core/Inc -I../Drivers/STM32F1xx_HAL_Driver/Inc/Legacy -I../Drivers/STM32F1xx_HAL_Driver/Inc -I../Drivers/CMSIS/Device/ST/STM32F1xx/Include -I../Drivers/CMSIS/Include -O0 -ffunction-sections -fdata-sections -Wall -fstack-usage -fcyclomatic-complexity -MMD -MP -MF"Core/Src/system_stm32f1xx.d" -MT"Core/Src/system_stm32f1xx.o" --specs=nano.specs -mfloat-abi=soft -mthumb -o "Core/Src/system_stm32f1xx.o"
../Core/Src/main.c: In function 'main':
../Core/Src/main.c:104:10: warning: implicit declaration of function 'lcd_put_cur'; did you mean 'lcd_set_cursor'? [-Wimplicit-function-declaration]
  104 |          lcd_put_cur(0, 0);
      |          ^~~~~~~~~~~
      |          lcd_set_cursor
arm-none-eabi-gcc -o "pass_unlock.elf" @"objects.list"   -mcpu=cortex-m3 -T"D:\PJ\UNIPRO\CSE331\ide\pass_unlock\STM32F103C8TX_FLASH.ld" --specs=nosys.specs -Wl,-Map="pass_unlock.map" -Wl,--gc-sections -static --specs=nano.specs -mfloat-abi=soft -mthumb -Wl,--start-group -lc -lm -Wl,--end-group
D:/SW/stm32/STM32CubeIDE_1.18.0/STM32CubeIDE/plugins/com.st.stm32cube.ide.mcu.externaltools.gnu-tools-for-stm32.13.3.rel1.win32_1.0.0.202411081344/tools/bin/../lib/gcc/arm-none-eabi/13.3.1/../../../../arm-none-eabi/bin/ld.exe: ./Core/Src/main.o: in function `main':
D:/PJ/UNIPRO/CSE331/ide/pass_unlock/Debug/../Core/Src/main.c:104:(.text.main+0x36): undefined reference to `lcd_put_cur'
collect2.exe: error: ld returned 1 exit status
make: *** [makefile:67: pass_unlock.elf] Error 1
"make -j8 all" terminated with exit code 2. Build might be incomplete.
10:13:51 **** Incremental Build of configuration Debug for project pass_unlock ****
make -j8 all 
arm-none-eabi-gcc "../Core/Src/main.c" -mcpu=cortex-m3 -std=gnu11 -g3 -DDEBUG -DUSE_HAL_DRIVER -DSTM32F103xB -c -I../Core/Inc -I../Drivers/STM32F1xx_HAL_Driver/Inc/Legacy -I../Drivers/STM32F1xx_HAL_Driver/Inc -I../Drivers/CMSIS/Device/ST/STM32F1xx/Include -I../Drivers/CMSIS/Include -O0 -ffunction-sections -fdata-sections -Wall -fstack-usage -fcyclomatic-complexity -MMD -MP -MF"Core/Src/main.d" -MT"Core/Src/main.o" --specs=nano.specs -mfloat-abi=soft -mthumb -o "Core/Src/main.o"
../Core/Src/main.c: In function 'main':
../Core/Src/main.c:104:10: warning: implicit declaration of function 'lcd_set_cur'; did you mean 'lcd_set_cursor'? [-Wimplicit-function-declaration]
  104 |          lcd_set_cur(0, 0);
      |          ^~~~~~~~~~~
      |          lcd_set_cursor
arm-none-eabi-gcc -o "pass_unlock.elf" @"objects.list"   -mcpu=cortex-m3 -T"D:\PJ\UNIPRO\CSE331\ide\pass_unlock\STM32F103C8TX_FLASH.ld" --specs=nosys.specs -Wl,-Map="pass_unlock.map" -Wl,--gc-sections -static --specs=nano.specs -mfloat-abi=soft -mthumb -Wl,--start-group -lc -lm -Wl,--end-group
D:/SW/stm32/STM32CubeIDE_1.18.0/STM32CubeIDE/plugins/com.st.stm32cube.ide.mcu.externaltools.gnu-tools-for-stm32.13.3.rel1.win32_1.0.0.202411081344/tools/bin/../lib/gcc/arm-none-eabi/13.3.1/../../../../arm-none-eabi/bin/ld.exe: ./Core/Src/main.o: in function `main':
D:/PJ/UNIPRO/CSE331/ide/pass_unlock/Debug/../Core/Src/main.c:104:(.text.main+0x36): undefined reference to `lcd_set_cur'
collect2.exe: error: ld returned 1 exit status
make: *** [makefile:67: pass_unlock.elf] Error 1
"make -j8 all" terminated with exit code 2. Build might be incomplete.
10:14:16 **** Incremental Build of configuration Debug for project pass_unlock ****
make -j8 all 
arm-none-eabi-gcc "../Core/Src/main.c" -mcpu=cortex-m3 -std=gnu11 -g3 -DDEBUG -DUSE_HAL_DRIVER -DSTM32F103xB -c -I../Core/Inc -I../Drivers/STM32F1xx_HAL_Driver/Inc/Legacy -I../Drivers/STM32F1xx_HAL_Driver/Inc -I../Drivers/CMSIS/Device/ST/STM32F1xx/Include -I../Drivers/CMSIS/Include -O0 -ffunction-sections -fdata-sections -Wall -fstack-usage -fcyclomatic-complexity -MMD -MP -MF"Core/Src/main.d" -MT"Core/Src/main.o" --specs=nano.specs -mfloat-abi=soft -mthumb -o "Core/Src/main.o"
arm-none-eabi-gcc -o "pass_unlock.elf" @"objects.list"   -mcpu=cortex-m3 -T"D:\PJ\UNIPRO\CSE331\ide\pass_unlock\STM32F103C8TX_FLASH.ld" --specs=nosys.specs -Wl,-Map="pass_unlock.map" -Wl,--gc-sections -static --specs=nano.specs -mfloat-abi=soft -mthumb -Wl,--start-group -lc -lm -Wl,--end-group
Finished building target: pass_unlock.elf
 
arm-none-eabi-size  pass_unlock.elf 
arm-none-eabi-objdump -h -S pass_unlock.elf  > "pass_unlock.list"
arm-none-eabi-objcopy  -O ihex pass_unlock.elf  "pass_unlock.hex"
   text	   data	    bss	    dec	    hex	filename
   9884	     12	   1732	  11628	   2d6c	pass_unlock.elf
Finished building: default.size.stdout
 
Finished building: pass_unlock.hex
 
Finished building: pass_unlock.list
 
10:36:23 **** Clean-only build of configuration Debug for project pass_unlock ****
make -j8 clean 
rm -rf ./Drivers/STM32F1xx_HAL_Driver/Src/stm32f1xx_hal.cyclo ./Drivers/STM32F1xx_HAL_Driver/Src/stm32f1xx_hal.d ./Drivers/STM32F1xx_HAL_Driver/Src/stm32f1xx_hal.o ./Drivers/STM32F1xx_HAL_Driver/Src/stm32f1xx_hal.su ./Drivers/STM32F1xx_HAL_Driver/Src/stm32f1xx_hal_cortex.cyclo ./Drivers/STM32F1xx_HAL_Driver/Src/stm32f1xx_hal_cortex.d ./Drivers/STM32F1xx_HAL_Driver/Src/stm32f1xx_hal_cortex.o ./Drivers/STM32F1xx_HAL_Driver/Src/stm32f1xx_hal_cortex.su ./Drivers/STM32F1xx_HAL_Driver/Src/stm32f1xx_hal_dma.cyclo ./Drivers/STM32F1xx_HAL_Driver/Src/stm32f1xx_hal_dma.d ./Drivers/STM32F1xx_HAL_Driver/Src/stm32f1xx_hal_dma.o ./Drivers/STM32F1xx_HAL_Driver/Src/stm32f1xx_hal_dma.su ./Drivers/STM32F1xx_HAL_Driver/Src/stm32f1xx_hal_exti.cyclo ./Drivers/STM32F1xx_HAL_Driver/Src/stm32f1xx_hal_exti.d ./Drivers/STM32F1xx_HAL_Driver/Src/stm32f1xx_hal_exti.o ./Drivers/STM32F1xx_HAL_Driver/Src/stm32f1xx_hal_exti.su ./Drivers/STM32F1xx_HAL_Driver/Src/stm32f1xx_hal_flash.cyclo ./Drivers/STM32F1xx_HAL_Driver/Src/stm32f1xx_hal_flash.d ./Drivers/STM32F1xx_HAL_Driver/Src/stm32f1xx_hal_flash.o ./Drivers/STM32F1xx_HAL_Driver/Src/stm32f1xx_hal_flash.su ./Drivers/STM32F1xx_HAL_Driver/Src/stm32f1xx_hal_flash_ex.cyclo ./Drivers/STM32F1xx_HAL_Driver/Src/stm32f1xx_hal_flash_ex.d ./Drivers/STM32F1xx_HAL_Driver/Src/stm32f1xx_hal_flash_ex.o ./Drivers/STM32F1xx_HAL_Driver/Src/stm32f1xx_hal_flash_ex.su ./Drivers/STM32F1xx_HAL_Driver/Src/stm32f1xx_hal_gpio.cyclo ./Drivers/STM32F1xx_HAL_Driver/Src/stm32f1xx_hal_gpio.d ./Drivers/STM32F1xx_HAL_Driver/Src/stm32f1xx_hal_gpio.o ./Drivers/STM32F1xx_HAL_Driver/Src/stm32f1xx_hal_gpio.su ./Drivers/STM32F1xx_HAL_Driver/Src/stm32f1xx_hal_gpio_ex.cyclo ./Drivers/STM32F1xx_HAL_Driver/Src/stm32f1xx_hal_gpio_ex.d ./Drivers/STM32F1xx_HAL_Driver/Src/stm32f1xx_hal_gpio_ex.o ./Drivers/STM32F1xx_HAL_Driver/Src/stm32f1xx_hal_gpio_ex.su ./Drivers/STM32F1xx_HAL_Driver/Src/stm32f1xx_hal_i2c.cyclo ./Drivers/STM32F1xx_HAL_Driver/Src/stm32f1xx_hal_i2c.d ./Drivers/STM32F1xx_HAL_Driver/Src/stm32f1xx_hal_i2c.o ./Drivers/STM32F1xx_HAL_Driver/Src/stm32f1xx_hal_i2c.su ./Drivers/STM32F1xx_HAL_Driver/Src/stm32f1xx_hal_pwr.cyclo ./Drivers/STM32F1xx_HAL_Driver/Src/stm32f1xx_hal_pwr.d ./Drivers/STM32F1xx_HAL_Driver/Src/stm32f1xx_hal_pwr.o ./Drivers/STM32F1xx_HAL_Driver/Src/stm32f1xx_hal_pwr.su ./Drivers/STM32F1xx_HAL_Driver/Src/stm32f1xx_hal_rcc.cyclo ./Drivers/STM32F1xx_HAL_Driver/Src/stm32f1xx_hal_rcc.d ./Drivers/STM32F1xx_HAL_Driver/Src/stm32f1xx_hal_rcc.o ./Drivers/STM32F1xx_HAL_Driver/Src/stm32f1xx_hal_rcc.su ./Drivers/STM32F1xx_HAL_Driver/Src/stm32f1xx_hal_rcc_ex.cyclo ./Drivers/STM32F1xx_HAL_Driver/Src/stm32f1xx_hal_rcc_ex.d ./Drivers/STM32F1xx_HAL_Driver/Src/stm32f1xx_hal_rcc_ex.o ./Drivers/STM32F1xx_HAL_Driver/Src/stm32f1xx_hal_rcc_ex.su ./Drivers/STM32F1xx_HAL_Driver/Src/stm32f1xx_hal_tim.cyclo ./Drivers/STM32F1xx_HAL_Driver/Src/stm32f1xx_hal_tim.d ./Drivers/STM32F1xx_HAL_Driver/Src/stm32f1xx_hal_tim.o ./Drivers/STM32F1xx_HAL_Driver/Src/stm32f1xx_hal_tim.su ./Drivers/STM32F1xx_HAL_Driver/Src/stm32f1xx_hal_tim_ex.cyclo ./Drivers/STM32F1xx_HAL_Driver/Src/stm32f1xx_hal_tim_ex.d ./Drivers/STM32F1xx_HAL_Driver/Src/stm32f1xx_hal_tim_ex.o ./Drivers/STM32F1xx_HAL_Driver/Src/stm32f1xx_hal_tim_ex.su
rm -rf ./Core/Startup/startup_stm32f103c8tx.d ./Core/Startup/startup_stm32f103c8tx.o
[...]
arm-none-eabi-objcopy  -O ihex pass_unlock.elf  "pass_unlock.hex"
   text	   data	    bss	    dec	    hex	filename
  12816	     68	   1740	  14624	   3920	pass_unlock.elf
Finished building: default.size.stdout
 
Finished building: pass_unlock.hex
 
Finished building: pass_unlock.list
 
08:24:36 **** Incremental Build of configuration Debug for project pass_unlock ****
make -j8 all 
arm-none-eabi-gcc "../Core/Src/main.c" -mcpu=cortex-m3 -std=gnu11 -g3 -DDEBUG -DUSE_HAL_DRIVER -DSTM32F103xB -c -I../Core/Inc -I../Drivers/STM32F1xx_HAL_Driver/Inc/Legacy -I../Drivers/STM32F1xx_HAL_Driver/Inc -I../Drivers/CMSIS/Device/ST/STM32F1xx/Include -I../Drivers/CMSIS/Include -O0 -ffunction-sections -fdata-sections -Wall -fstack-usage -fcyclomatic-complexity -MMD -MP -MF"Core/Src/main.d" -MT"Core/Src/main.o" --specs=nano.specs -mfloat-abi=soft -mthumb -o "Core/Src/main.o"
arm-none-eabi-gcc -o "pass_unlock.elf" @"objects.list"   -mcpu=cortex-m3 -T"D:\PJ\UNIPRO\CSE331\ide\pass_unlock\STM32F103C8TX_FLASH.ld" --specs=nosys.specs -Wl,-Map="pass_unlock.map" -Wl,--gc-sections -static --specs=nano.specs -mfloat-abi=soft -mthumb -Wl,--start-group -lc -lm -Wl,--end-group
Finished building target: pass_unlock.elf
 
arm-none-eabi-size  pass_unlock.elf 
arm-none-eabi-objdump -h -S pass_unlock.elf  > "pass_unlock.list"
arm-none-eabi-objcopy  -O ihex pass_unlock.elf  "pass_unlock.hex"
   text	   data	    bss	    dec	    hex	filename
  12824	     68	   1740	  14632	   3928	pass_unlock.elf
Finished building: default.size.stdout
 
Finished building: pass_unlock.hex
 
Finished building: pass_unlock.list
 
08:33:24 **** Incremental Build of configuration Debug for project pass_unlock ****
make -j8 all 
arm-none-eabi-gcc "../Core/Src/main.c" -mcpu=cortex-m3 -std=gnu11 -g3 -DDEBUG -DUSE_HAL_DRIVER -DSTM32F103xB -c -I../Core/Inc -I../Drivers/STM32F1xx_HAL_Driver/Inc/Legacy -I../Drivers/STM32F1xx_HAL_Driver/Inc -I../Drivers/CMSIS/Device/ST/STM32F1xx/Include -I../Drivers/CMSIS/Include -O0 -ffunction-sections -fdata-sections -Wall -fstack-usage -fcyclomatic-complexity -MMD -MP -MF"Core/Src/main.d" -MT"Core/Src/main.o" --specs=nano.specs -mfloat-abi=soft -mthumb -o "Core/Src/main.o"
arm-none-eabi-gcc -o "pass_unlock.elf" @"objects.list"   -mcpu=cortex-m3 -T"D:\PJ\UNIPRO\CSE331\ide\pass_unlock\STM32F103C8TX_FLASH.ld" --specs=nosys.specs -Wl,-Map="pass_unlock.map" -Wl,--gc-sections -static --specs=nano.specs -mfloat-abi=soft -mthumb -Wl,--start-group -lc -lm -Wl,--end-group
Finished building target: pass_unlock.elf
 
arm-none-eabi-size  pass_unlock.elf 
arm-none-eabi-objdump -h -S pass_unlock.elf  > "pass_unlock.list"
arm-none-eabi-objcopy  -O ihex pass_unlock.elf  "pass_unlock.hex"
   text	   data	    bss	    dec	    hex	filename
  13088	     20	   1740	  14848	   3a00	pass_unlock.elf
Finished building: default.size.stdout
 
Finished building: pass_unlock.hex
 
Finished building: pass_unlock.list
 
08:57:08 **** Incremental Build of configuration Debug for project pass_unlock ****
make -j8 all 
arm-none-eabi-gcc "../Core/Src/main.c" -mcpu=cortex-m3 -std=gnu11 -g3 -DDEBUG -DUSE_HAL_DRIVER -DSTM32F103xB -c -I../Core/Inc -I../Drivers/STM32F1xx_HAL_Driver/Inc/Legacy -I../Drivers/STM32F1xx_HAL_Driver/Inc -I../Drivers/CMSIS/Device/ST/STM32F1xx/Include -I../Drivers/CMSIS/Include -O0 -ffunction-sections -fdata-sections -Wall -fstack-usage -fcyclomatic-complexity -MMD -MP -MF"Core/Src/main.d" -MT"Core/Src/main.o" --specs=nano.specs -mfloat-abi=soft -mthumb -o "Core/Src/main.o"
arm-none-eabi-gcc -o "pass_unlock.elf" @"objects.list"   -mcpu=cortex-m3 -T"D:\PJ\UNIPRO\CSE331\ide\pass_unlock\STM32F103C8TX_FLASH.ld" --specs=nosys.specs -Wl,-Map="pass_unlock.map" -Wl,--gc-sections -static --specs=nano.specs -mfloat-abi=soft -mthumb -Wl,--start-group -lc -lm -Wl,--end-group
Finished building target: pass_unlock.elf
 
arm-none-eabi-size  pass_unlock.elf 
arm-none-eabi-objdump -h -S pass_unlock.elf  > "pass_unlock.list"
arm-none-eabi-objcopy  -O ihex pass_unlock.elf  "pass_unlock.hex"
   text	   data	    bss	    dec	    hex	filename
  13088	     20	   1740	  14848	   3a00	pass_unlock.elf
Finished building: default.size.stdout
 
Finished building: pass_unlock.hex
 
Finished building: pass_unlock.list
 
08:58:40 **** Incremental Build of configuration Debug for project pass_unlock ****
make -j8 all 
arm-none-eabi-gcc "../Core/Src/main.c" -mcpu=cortex-m3 -std=gnu11 -g3 -DDEBUG -DUSE_HAL_DRIVER -DSTM32F103xB -c -I../Core/Inc -I../Drivers/STM32F1xx_HAL_Driver/Inc/Legacy -I../Drivers/STM32F1xx_HAL_Driver/Inc -I../Drivers/CMSIS/Device/ST/STM32F1xx/Include -I../Drivers/CMSIS/Include -O0 -ffunction-sections -fdata-sections -Wall -fstack-usage -fcyclomatic-complexity -MMD -MP -MF"Core/Src/main.d" -MT"Core/Src/main.o" --specs=nano.specs -mfloat-abi=soft -mthumb -o "Core/Src/main.o"
arm-none-eabi-gcc -o "pass_unlock.elf" @"objects.list"   -mcpu=cortex-m3 -T"D:\PJ\UNIPRO\CSE331\ide\pass_unlock\STM32F103C8TX_FLASH.ld" --specs=nosys.specs -Wl,-Map="pass_unlock.map" -Wl,--gc-sections -static --specs=nano.specs -mfloat-abi=soft -mthumb -Wl,--start-group -lc -lm -Wl,--end-group
Finished building target: pass_unlock.elf
 
arm-none-eabi-size  pass_unlock.elf 
arm-none-eabi-objdump -h -S pass_unlock.elf  > "pass_unlock.list"
arm-none-eabi-objcopy  -O ihex pass_unlock.elf  "pass_unlock.hex"
   text	   data	    bss	    dec	    hex	filename
  13088	     20	   1740	  14848	   3a00	pass_unlock.elf
Finished building: default.size.stdout
 
Finished building: pass_unlock.hex
 
Finished building: pass_unlock.list
 
09:00:15 **** Incremental Build of configuration Debug for project pass_unlock ****
make -j8 all 
arm-none-eabi-gcc "../Core/Src/main.c" -mcpu=cortex-m3 -std=gnu11 -g3 -DDEBUG -DUSE_HAL_DRIVER -DSTM32F103xB -c -I../Core/Inc -I../Drivers/STM32F1xx_HAL_Driver/Inc/Legacy -I../Drivers/STM32F1xx_HAL_Driver/Inc -I../Drivers/CMSIS/Device/ST/STM32F1xx/Include -I../Drivers/CMSIS/Include -O0 -ffunction-sections -fdata-sections -Wall -fstack-usage -fcyclomatic-complexity -MMD -MP -MF"Core/Src/main.d" -MT"Core/Src/main.o" --specs=nano.specs -mfloat-abi=soft -mthumb -o "Core/Src/main.o"
arm-none-eabi-gcc -o "pass_unlock.elf" @"objects.list"   -mcpu=cortex-m3 -T"D:\PJ\UNIPRO\CSE331\ide\pass_unlock\STM32F103C8TX_FLASH.ld" --specs=nosys.specs -Wl,-Map="pass_unlock.map" -Wl,--gc-sections -static --specs=nano.specs -mfloat-abi=soft -mthumb -Wl,--start-group -lc -lm -Wl,--end-group
Finished building target: pass_unlock.elf
 
arm-none-eabi-size  pass_unlock.elf 
arm-none-eabi-objdump -h -S pass_unlock.elf  > "pass_unlock.list"
arm-none-eabi-objcopy  -O ihex pass_unlock.elf  "pass_unlock.hex"
   text	   data	    bss	    dec	    hex	filename
  13088	     20	   1740	  14848	   3a00	pass_unlock.elf
Finished building: default.size.stdout
 
Finished building: pass_unlock.hex
 
Finished building: pass_unlock.list
 
09:00:57 **** Incremental Build of configuration Debug for project pass_unlock ****
make -j8 all 
arm-none-eabi-gcc "../Core/Src/main.c" -mcpu=cortex-m3 -std=gnu11 -g3 -DDEBUG -DUSE_HAL_DRIVER -DSTM32F103xB -c -I../Core/Inc -I../Drivers/STM32F1xx_HAL_Driver/Inc/Legacy -I../Drivers/STM32F1xx_HAL_Driver/Inc -I../Drivers/CMSIS/Device/ST/STM32F1xx/Include -I../Drivers/CMSIS/Include -O0 -ffunction-sections -fdata-sections -Wall -fstack-usage -fcyclomatic-complexity -MMD -MP -MF"Core/Src/main.d" -MT"Core/Src/main.o" --specs=nano.specs -mfloat-abi=soft -mthumb -o "Core/Src/main.o"
arm-none-eabi-gcc -o "pass_unlock.elf" @"objects.list"   -mcpu=cortex-m3 -T"D:\PJ\UNIPRO\CSE331\ide\pass_unlock\STM32F103C8TX_FLASH.ld" --specs=nosys.specs -Wl,-Map="pass_unlock.map" -Wl,--gc-sections -static --specs=nano.specs -mfloat-abi=soft -mthumb -Wl,--start-group -lc -lm -Wl,--end-group
Finished building target: pass_unlock.elf
 
arm-none-eabi-size  pass_unlock.elf 
arm-none-eabi-objdump -h -S pass_unlock.elf  > "pass_unlock.list"
arm-none-eabi-objcopy  -O ihex pass_unlock.elf  "pass_unlock.hex"
   text	   data	    bss	    dec	    hex	filename
  12824	     68	   1740	  14632	   3928	pass_unlock.elf
Finished building: default.size.stdout
 
Finished building: pass_unlock.hex
 
Finished building: pass_unlock.list
 
09:02:53 **** Incremental Build of configuration Debug for project pass_unlock ****
make -j8 all 
arm-none-eabi-gcc "../Core/Src/main.c" -mcpu=cortex-m3 -std=gnu11 -g3 -DDEBUG -DUSE_HAL_DRIVER -DSTM32F103xB -c -I../Core/Inc -I../Drivers/STM32F1xx_HAL_Driver/Inc/Legacy -I../Drivers/STM32F1xx_HAL_Driver/Inc -I../Drivers/CMSIS/Device/ST/STM32F1xx/Include -I../Drivers/CMSIS/Include -O0 -ffunction-sections -fdata-sections -Wall -fstack-usage -fcyclomatic-complexity -MMD -MP -MF"Core/Src/main.d" -MT"Core/Src/main.o" --specs=nano.specs -mfloat-abi=soft -mthumb -o "Core/Src/main.o"
arm-none-eabi-gcc -o "pass_unlock.elf" @"objects.list"   -mcpu=cortex-m3 -T"D:\PJ\UNIPRO\CSE331\ide\pass_unlock\STM32F103C8TX_FLASH.ld" --specs=nosys.specs -Wl,-Map="pass_unlock.map" -Wl,--gc-sections -static --specs=nano.specs -mfloat-abi=soft -mthumb -Wl,--start-group -lc -lm -Wl,--end-group
Finished building target: pass_unlock.elf
 
arm-none-eabi-size  pass_unlock.elf 
arm-none-eabi-objdump -h -S pass_unlock.elf  > "pass_unlock.list"
arm-none-eabi-objcopy  -O ihex pass_unlock.elf  "pass_unlock.hex"
   text	   data	    bss	    dec	    hex	filename
  12824	     68	   1740	  14632	   3928	pass_unlock.elf
Finished building: default.size.stdout
 
Finished building: pass_unlock.hex
 
Finished building: pass_unlock.list
 
09:20:15 **** Incremental Build of configuration Debug for project pass_unlock ****
make -j8 all 
arm-none-eabi-gcc "../Core/Src/main.c" -mcpu=cortex-m3 -std=gnu11 -g3 -DDEBUG -DUSE_HAL_DRIVER -DSTM32F103xB -c -I../Core/Inc -I../Drivers/STM32F1xx_HAL_Driver/Inc/Legacy -I../Drivers/STM32F1xx_HAL_Driver/Inc -I../Drivers/CMSIS/Device/ST/STM32F1xx/Include -I../Drivers/CMSIS/Include -O0 -ffunction-sections -fdata-sections -Wall -fstack-usage -fcyclomatic-complexity -MMD -MP -MF"Core/Src/main.d" -MT"Core/Src/main.o" --specs=nano.specs -mfloat-abi=soft -mthumb -o "Core/Src/main.o"
arm-none-eabi-gcc -o "pass_unlock.elf" @"objects.list"   -mcpu=cortex-m3 -T"D:\PJ\UNIPRO\CSE331\ide\pass_unlock\STM32F103C8TX_FLASH.ld" --specs=nosys.specs -Wl,-Map="pass_unlock.map" -Wl,--gc-sections -static --specs=nano.specs -mfloat-abi=soft -mthumb -Wl,--start-group -lc -lm -Wl,--end-group
Finished building target: pass_unlock.elf
 
arm-none-eabi-size  pass_unlock.elf 
arm-none-eabi-objdump -h -S pass_unlock.elf  > "pass_unlock.list"
arm-none-eabi-objcopy  -O ihex pass_unlock.elf  "pass_unlock.hex"
   text	   data	    bss	    dec	    hex	filename
  12848	     68	   1740	  14656	   3940	pass_unlock.elf
Finished building: default.size.stdout
 
Finished building: pass_unlock.hex
 
Finished building: pass_unlock.list
 
09:20:44 **** Incremental Build of configuration Debug for project pass_unlock ****
make -j8 all 
arm-none-eabi-gcc "../Core/Src/main.c" -mcpu=cortex-m3 -std=gnu11 -g3 -DDEBUG -DUSE_HAL_DRIVER -DSTM32F103xB -c -I../Core/Inc -I../Drivers/STM32F1xx_HAL_Driver/Inc/Legacy -I../Drivers/STM32F1xx_HAL_Driver/Inc -I../Drivers/CMSIS/Device/ST/STM32F1xx/Include -I../Drivers/CMSIS/Include -O0 -ffunction-sections -fdata-sections -Wall -fstack-usage -fcyclomatic-complexity -MMD -MP -MF"Core/Src/main.d" -MT"Core/Src/main.o" --specs=nano.specs -mfloat-abi=soft -mthumb -o "Core/Src/main.o"
arm-none-eabi-gcc -o "pass_unlock.elf" @"objects.list"   -mcpu=cortex-m3 -T"D:\PJ\UNIPRO\CSE331\ide\pass_unlock\STM32F103C8TX_FLASH.ld" --specs=nosys.specs -Wl,-Map="pass_unlock.map" -Wl,--gc-sections -static --specs=nano.specs -mfloat-abi=soft -mthumb -Wl,--start-group -lc -lm -Wl,--end-group
Finished building target: pass_unlock.elf
 
arm-none-eabi-size  pass_unlock.elf 
arm-none-eabi-objdump -h -S pass_unlock.elf  > "pass_unlock.list"
arm-none-eabi-objcopy  -O ihex pass_unlock.elf  "pass_unlock.hex"
   text	   data	    bss	    dec	    hex	filename
  12832	     68	   1740	  14640	   3930	pass_unlock.elf
Finished building: default.size.stdout
 
Finished building: pass_unlock.hex
 
Finished building: pass_unlock.list
 
09:23:12 **** Incremental Build of configuration Debug for project pass_unlock ****
make -j8 all 
arm-none-eabi-gcc "../Core/Src/main.c" -mcpu=cortex-m3 -std=gnu11 -g3 -DDEBUG -DUSE_HAL_DRIVER -DSTM32F103xB -c -I../Core/Inc -I../Drivers/STM32F1xx_HAL_Driver/Inc/Legacy -I../Drivers/STM32F1xx_HAL_Driver/Inc -I../Drivers/CMSIS/Device/ST/STM32F1xx/Include -I../Drivers/CMSIS/Include -O0 -ffunction-sections -fdata-sections -Wall -fstack-usage -fcyclomatic-complexity -MMD -MP -MF"Core/Src/main.d" -MT"Core/Src/main.o" --specs=nano.specs -mfloat-abi=soft -mthumb -o "Core/Src/main.o"
arm-none-eabi-gcc -o "pass_unlock.elf" @"objects.list"   -mcpu=cortex-m3 -T"D:\PJ\UNIPRO\CSE331\ide\pass_unlock\STM32F103C8TX_FLASH.ld" --specs=nosys.specs -Wl,-Map="pass_unlock.map" -Wl,--gc-sections -static --specs=nano.specs -mfloat-abi=soft -mthumb -Wl,--start-group -lc -lm -Wl,--end-group
Finished building target: pass_unlock.elf
 
arm-none-eabi-size  pass_unlock.elf 
arm-none-eabi-objdump -h -S pass_unlock.elf  > "pass_unlock.list"
arm-none-eabi-objcopy  -O ihex pass_unlock.elf  "pass_unlock.hex"
   text	   data	    bss	    dec	    hex	filename
  12840	     68	   1740	  14648	   3938	pass_unlock.elf
Finished building: default.size.stdout
 
Finished building: pass_unlock.hex
 
Finished building: pass_unlock.list
 
09:23:52 **** Incremental Build of configuration Debug for project pass_unlock ****
make -j8 all 
arm-none-eabi-gcc "../Core/Src/main.c" -mcpu=cortex-m3 -std=gnu11 -g3 -DDEBUG -DUSE_HAL_DRIVER -DSTM32F103xB -c -I../Core/Inc -I../Drivers/STM32F1xx_HAL_Driver/Inc/Legacy -I../Drivers/STM32F1xx_HAL_Driver/Inc -I../Drivers/CMSIS/Device/ST/STM32F1xx/Include -I../Drivers/CMSIS/Include -O0 -ffunction-sections -fdata-sections -Wall -fstack-usage -fcyclomatic-complexity -MMD -MP -MF"Core/Src/main.d" -MT"Core/Src/main.o" --specs=nano.specs -mfloat-abi=soft -mthumb -o "Core/Src/main.o"
arm-none-eabi-gcc -o "pass_unlock.elf" @"objects.list"   -mcpu=cortex-m3 -T"D:\PJ\UNIPRO\CSE331\ide\pass_unlock\STM32F103C8TX_FLASH.ld" --specs=nosys.specs -Wl,-Map="pass_unlock.map" -Wl,--gc-sections -static --specs=nano.specs -mfloat-abi=soft -mthumb -Wl,--start-group -lc -lm -Wl,--end-group
Finished building target: pass_unlock.elf
 
arm-none-eabi-size  pass_unlock.elf 
arm-none-eabi-objdump -h -S pass_unlock.elf  > "pass_unlock.list"
arm-none-eabi-objcopy  -O ihex pass_unlock.elf  "pass_unlock.hex"
   text	   data	    bss	    dec	    hex	filename
  12848	     68	   1740	  14656	   3940	pass_unlock.elf
Finished building: default.size.stdout
 
Finished building: pass_unlock.hex
 
Finished building: pass_unlock.list
 
09:26:48 **** Incremental Build of configuration Debug for project pass_unlock ****
make -j8 all 
arm-none-eabi-gcc "../Core/Src/main.c" -mcpu=cortex-m3 -std=gnu11 -g3 -DDEBUG -DUSE_HAL_DRIVER -DSTM32F103xB -c -I../Core/Inc -I../Drivers/STM32F1xx_HAL_Driver/Inc/Legacy -I../Drivers/STM32F1xx_HAL_Driver/Inc -I../Drivers/CMSIS/Device/ST/STM32F1xx/Include -I../Drivers/CMSIS/Include -O0 -ffunction-sections -fdata-sections -Wall -fstack-usage -fcyclomatic-complexity -MMD -MP -MF"Core/Src/main.d" -MT"Core/Src/main.o" --specs=nano.specs -mfloat-abi=soft -mthumb -o "Core/Src/main.o"
arm-none-eabi-gcc -o "pass_unlock.elf" @"objects.list"   -mcpu=cortex-m3 -T"D:\PJ\UNIPRO\CSE331\ide\pass_unlock\STM32F103C8TX_FLASH.ld" --specs=nosys.specs -Wl,-Map="pass_unlock.map" -Wl,--gc-sections -static --specs=nano.specs -mfloat-abi=soft -mthumb -Wl,--start-group -lc -lm -Wl,--end-group
Finished building target: pass_unlock.elf
 
arm-none-eabi-size  pass_unlock.elf 
arm-none-eabi-objdump -h -S pass_unlock.elf  > "pass_unlock.list"
arm-none-eabi-objcopy  -O ihex pass_unlock.elf  "pass_unlock.hex"
   text	   data	    bss	    dec	    hex	filename
  12840	     68	   1740	  14648	   3938	pass_unlock.elf
Finished building: default.size.stdout
 
Finished building: pass_unlock.hex
 
Finished building: pass_unlock.list
 
09:32:08 **** Incremental Build of configuration Debug for project pass_unlock ****
make -j8 all 
arm-none-eabi-gcc "../Core/Src/main.c" -mcpu=cortex-m3 -std=gnu11 -g3 -DDEBUG -DUSE_HAL_DRIVER -DSTM32F103xB -c -I../Core/Inc -I../Drivers/STM32F1xx_HAL_Driver/Inc/Legacy -I../Drivers/STM32F1xx_HAL_Driver/Inc -I../Drivers/CMSIS/Device/ST/STM32F1xx/Include -I../Drivers/CMSIS/Include -O0 -ffunction-sections -fdata-sections -Wall -fstack-usage -fcyclomatic-complexity -MMD -MP -MF"Core/Src/main.d" -MT"Core/Src/main.o" --specs=nano.specs -mfloat-abi=soft -mthumb -o "Core/Src/main.o"
arm-none-eabi-gcc -o "pass_unlock.elf" @"objects.list"   -mcpu=cortex-m3 -T"D:\PJ\UNIPRO\CSE331\ide\pass_unlock\STM32F103C8TX_FLASH.ld" --specs=nosys.specs -Wl,-Map="pass_unlock.map" -Wl,--gc-sections -static --specs=nano.specs -mfloat-abi=soft -mthumb -Wl,--start-group -lc -lm -Wl,--end-group
Finished building target: pass_unlock.elf
 
arm-none-eabi-size  pass_unlock.elf 
arm-none-eabi-objdump -h -S pass_unlock.elf  > "pass_unlock.list"
arm-none-eabi-objcopy  -O ihex pass_unlock.elf  "pass_unlock.hex"
   text	   data	    bss	    dec	    hex	filename
  12812	     68	   1740	  14620	   391c	pass_unlock.elf
Finished building: default.size.stdout
 
Finished building: pass_unlock.hex
 
Finished building: pass_unlock.list
 
09:34:56 **** Incremental Build of configuration Debug for project pass_unlock ****
make -j8 all 
arm-none-eabi-gcc "../Core/Src/main.c" -mcpu=cortex-m3 -std=gnu11 -g3 -DDEBUG -DUSE_HAL_DRIVER -DSTM32F103xB -c -I../Core/Inc -I../Drivers/STM32F1xx_HAL_Driver/Inc/Legacy -I../Drivers/STM32F1xx_HAL_Driver/Inc -I../Drivers/CMSIS/Device/ST/STM32F1xx/Include -I../Drivers/CMSIS/Include -O0 -ffunction-sections -fdata-sections -Wall -fstack-usage -fcyclomatic-complexity -MMD -MP -MF"Core/Src/main.d" -MT"Core/Src/main.o" --specs=nano.specs -mfloat-abi=soft -mthumb -o "Core/Src/main.o"
arm-none-eabi-gcc -o "pass_unlock.elf" @"objects.list"   -mcpu=cortex-m3 -T"D:\PJ\UNIPRO\CSE331\ide\pass_unlock\STM32F103C8TX_FLASH.ld" --specs=nosys.specs -Wl,-Map="pass_unlock.map" -Wl,--gc-sections -static --specs=nano.specs -mfloat-abi=soft -mthumb -Wl,--start-group -lc -lm -Wl,--end-group
Finished building target: pass_unlock.elf
 
arm-none-eabi-size  pass_unlock.elf 
arm-none-eabi-objdump -h -S pass_unlock.elf  > "pass_unlock.list"
arm-none-eabi-objcopy  -O ihex pass_unlock.elf  "pass_unlock.hex"
   text	   data	    bss	    dec	    hex	filename
  12812	     68	   1740	  14620	   391c	pass_unlock.elf
Finished building: default.size.stdout
 
Finished building: pass_unlock.hex
 
Finished building: pass_unlock.list
 
11:07:39 **** Incremental Build of configuration Debug for project pass_unlock ****
make -j8 all 
arm-none-eabi-gcc "../Core/Src/main.c" -mcpu=cortex-m3 -std=gnu11 -g3 -DDEBUG -DUSE_HAL_DRIVER -DSTM32F103xB -c -I../Core/Inc -I../Drivers/STM32F1xx_HAL_Driver/Inc/Legacy -I../Drivers/STM32F1xx_HAL_Driver/Inc -I../Drivers/CMSIS/Device/ST/STM32F1xx/Include -I../Drivers/CMSIS/Include -O0 -ffunction-sections -fdata-sections -Wall -fstack-usage -fcyclomatic-complexity -MMD -MP -MF"Core/Src/main.d" -MT"Core/Src/main.o" --specs=nano.specs -mfloat-abi=soft -mthumb -o "Core/Src/main.o"
arm-none-eabi-gcc -o "pass_unlock.elf" @"objects.list"   -mcpu=cortex-m3 -T"D:\PJ\UNIPRO\CSE331\ide\pass_unlock\STM32F103C8TX_FLASH.ld" --specs=nosys.specs -Wl,-Map="pass_unlock.map" -Wl,--gc-sections -static --specs=nano.specs -mfloat-abi=soft -mthumb -Wl,--start-group -lc -lm -Wl,--end-group
Finished building target: pass_unlock.elf
 
arm-none-eabi-size  pass_unlock.elf 
arm-none-eabi-objdump -h -S pass_unlock.elf  > "pass_unlock.list"
arm-none-eabi-objcopy  -O ihex pass_unlock.elf  "pass_unlock.hex"
   text	   data	    bss	    dec	    hex	filename
  12812	     68	   1740	  14620	   391c	pass_unlock.elf
Finished building: default.size.stdout
 
Finished building: pass_unlock.hex
 
Finished building: pass_unlock.list
 
