11:07:39 **** Incremental Build of configuration Debug for project pass_unlock ****
make -j8 all 
arm-none-eabi-gcc "../Core/Src/main.c" -mcpu=cortex-m3 -std=gnu11 -g3 -DDEBUG -DUSE_HAL_DRIVER -DSTM32F103xB -c -I../Core/Inc -I../Drivers/STM32F1xx_HAL_Driver/Inc/Legacy -I../Drivers/STM32F1xx_HAL_Driver/Inc -I../Drivers/CMSIS/Device/ST/STM32F1xx/Include -I../Drivers/CMSIS/Include -O0 -ffunction-sections -fdata-sections -Wall -fstack-usage -fcyclomatic-complexity -MMD -MP -MF"Core/Src/main.d" -MT"Core/Src/main.o" --specs=nano.specs -mfloat-abi=soft -mthumb -o "Core/Src/main.o"
arm-none-eabi-gcc -o "pass_unlock.elf" @"objects.list"   -mcpu=cortex-m3 -T"D:\PJ\UNIPRO\CSE331\ide\pass_unlock\STM32F103C8TX_FLASH.ld" --specs=nosys.specs -Wl,-Map="pass_unlock.map" -Wl,--gc-sections -static --specs=nano.specs -mfloat-abi=soft -mthumb -Wl,--start-group -lc -lm -Wl,--end-group
Finished building target: pass_unlock.elf
 
arm-none-eabi-size  pass_unlock.elf 
arm-none-eabi-objdump -h -S pass_unlock.elf  > "pass_unlock.list"
arm-none-eabi-objcopy  -O ihex pass_unlock.elf  "pass_unlock.hex"
   text	   data	    bss	    dec	    hex	filename
  12812	     68	   1740	  14620	   391c	pass_unlock.elf
Finished building: default.size.stdout
 
Finished building: pass_unlock.hex
 
Finished building: pass_unlock.list
 

11:07:46 Build Finished. 0 errors, 0 warnings. (took 6s.826ms)

